01-01 04:50:27.804 I/DEBUG   ( 1280):     400d183c ef98f7ff b1349c04 46416823 0c0cf853  
01-01 04:50:27.804 I/DEBUG   ( 1280):     400d184c f7ff4420 9d00ef42 6828b135 f8504669  
01-01 04:50:27.804 I/DEBUG   ( 1280): 
01-01 04:50:27.804 I/DEBUG   ( 1280): memory near fp:
01-01 04:50:27.804 I/DEBUG   ( 1280):     be928b7c 00000000 00000000 400d18e4 400d2e6c  
01-01 04:50:27.804 I/DEBUG   ( 1280):     be928b8c 400d2e74 400d2e7c be928ba0 00000000  
01-01 04:50:27.804 I/DEBUG   ( 1280):     be928b9c 40144a37 00000001 be928c84 00000000  
01-01 04:50:27.804 I/DEBUG   ( 1280):     be928bac be928c9f be928cdc be928d04 be928d17  
01-01 04:50:27.804 I/DEBUG   ( 1280):     be928bbc be928d2c be928d47 be928d5a be928d73  
01-01 04:50:27.804 I/DEBUG   ( 1280):     be928bcc be928d8d be928da6 be928fa0 be928fc2  
01-01 04:50:27.804 I/DEBUG   ( 1280):     be928bdc 00000000 00000010 0000b8d7 00000006  
01-01 04:50:27.804 I/DEBUG   ( 1280):     be928bec 00001000 00000011 00000064 00000003  
01-01 04:50:27.804 I/DEBUG   ( 1280):     be928bfc 400d1034 00000004 00000020 00000005  
01-01 04:50:27.804 I/DEBUG   ( 1280):     be928c0c 00000008 00000007 40141000 00000008  
01-01 04:50:27.804 I/DEBUG   ( 1280):     be928c1c 00000000 00000009 400d1880 0000000b  
01-01 04:50:27.804 I/DEBUG   ( 1280):     be928c2c 000003e8 0000000c 000003e8 0000000d  
01-01 04:50:27.804 I/DEBUG   ( 1280):     be928c3c 000003eb 0000000e 000003eb 00000017  
01-01 04:50:27.804 I/DEBUG   ( 1280):     be928c4c 00000000 00000019 be928c70 0000001f  
01-01 04:50:27.804 I/DEBUG   ( 1280):     be928c5c be928fe1 0000000f be928c80 00000000  
01-01 04:50:27.804 I/DEBUG   ( 1280):     be928c6c 00000000 3d00953c f7a46c44 8c95e7f2  
01-01 04:50:27.804 I/DEBUG   ( 1280): 
01-01 04:50:27.804 I/DEBUG   ( 1280): memory near ip:
01-01 04:50:27.804 I/DEBUG   ( 1280):     41d618c8 00000000 0000001b 00000002 00000003  
01-01 04:50:27.804 I/DEBUG   ( 1280):     41d618d8 41d618bc 00000000 00000000 00000013  
01-01 04:50:27.804 I/DEBUG   ( 1280):     41d618e8 00000000 401d41e8 fffffff7 00000019  
01-01 04:50:27.804 I/DEBUG   ( 1280):     41d618f8 00000018 00000012 70736944 636e7953  
01-01 04:50:27.804 I/DEBUG   ( 1280):     41d61908 00000018 0000024a 41d60208 41d61f40  
01-01 04:50:27.804 I/DEBUG   ( 1280):     41d61918 00000001 405e7000 000fe000 00001000  
01-01 04:50:27.804 I/DEBUG   ( 1280):     41d61928 00000000 00000000 0000075c 00000001  
01-01 04:50:27.804 I/DEBUG   ( 1280):     41d61938 00000000 00000000 00000000 00000000  
01-01 04:50:27.804 I/DEBUG   ( 1280):     41d61948 406e4dd0 4010a000 00000000 00000000  
01-01 04:50:27.804 I/DEBUG   ( 1280):     41d61958 00000000 00000000 00000000 00000000  
01-01 04:50:27.804 I/DEBUG   ( 1280):     41d61968 00000000 00000000 00000000 00000000  
01-01 04:50:27.804 I/DEBUG   ( 1280):     41d61978 00000000 00000000 00000000 00000000  
01-01 04:50:27.804 I/DEBUG   ( 1280):     41d61988 00000000 00000000 00000000 00000000  
01-01 04:50:27.804 I/DEBUG   ( 1280):     41d61998 00000000 00000000 00000000 00000000  
01-01 04:50:27.804 I/DEBUG   ( 1280):     41d619a8 00000000 00000000 00000000 00000000  
01-01 04:50:27.804 I/DEBUG   ( 1280):     41d619b8 00000000 00000000 00000000 00000000  
01-01 04:50:27.804 I/DEBUG   ( 1280): 
01-01 04:50:27.804 I/DEBUG   ( 1280): memory near sp:
01-01 04:50:27.804 I/DEBUG   ( 1280):     be9285b8 00000000 00000000 4016006e 402c683c  
01-01 04:50:27.804 I/DEBUG   ( 1280):     be9285c8 401d439c 40166155 00000000 40166375  
01-01 04:50:27.804 I/DEBUG   ( 1280):     be9285d8 00000751 00000002 00000006 41d618e8  
01-01 04:50:27.804 I/DEBUG   ( 1280):     be9285e8 41d618e8 4018200b 00000006 00000000  
01-01 04:50:27.804 I/DEBUG   ( 1280):     be9285f8 402c683c 4018221b be928608 401809bf  
01-01 04:50:27.804 I/DEBUG   ( 1280):     be928608 ffffffdf 00000004 be92860c 00000001  
01-01 04:50:27.804 I/DEBUG   ( 1280):     be928618 40266384 3d00953c be92866c be92863c  
01-01 04:50:27.804 I/DEBUG   ( 1280):     be928628 be928a5c 401978e4 4016006e 401668e5  
01-01 04:50:27.804 I/DEBUG   ( 1280):     be928638 be928a5c 6c756f63 74276e64 6e696620  
01-01 04:50:27.804 I/DEBUG   ( 1280):     be928648 6e612064 65704f20 204c476e 69205345  
01-01 04:50:27.804 I/DEBUG   ( 1280):     be928658 656c706d 746e656d 6f697461 4016006e  
01-01 04:50:27.804 I/DEBUG   ( 1280):     be928668 be928a94 66727553 46656361 676e696c  
01-01 04:50:27.804 I/DEBUG   ( 1280):     be928678 73277265 69616d20 6874206e 64616572  
01-01 04:50:27.804 I/DEBUG   ( 1280):     be928688 61657220 74207964 7572206f 49202e6e  
01-01 04:50:27.804 I/DEBUG   ( 1280):     be928698 6974696e 7a696c61 20676e69 70617267  
01-01 04:50:27.804 I/DEBUG   ( 1280):     be9286a8 73636968 572f4820 002e2e2e 4015e22c  
01-01 04:50:27.804 I/DEBUG   ( 1280): 
01-01 04:50:27.804 I/DEBUG   ( 1280): code around pc:
01-01 04:50:27.804 I/DEBUG   ( 1280):     4019800c e8bd00f0 e3700a01 912fff1e e2600000  
01-01 04:50:27.804 I/DEBUG   ( 1280):     4019801c ea00ab81 e92d50f0 e3a07f43 ef000000  
01-01 04:50:27.804 I/DEBUG   ( 1280):     4019802c e8bd50f0 e3700a01 912fff1e e2600000  
01-01 04:50:27.804 I/DEBUG   ( 1280):     4019803c ea00ab79 e92d50f0 e3a070ee ef000000  
01-01 04:50:27.804 I/DEBUG   ( 1280):     4019804c e8bd50f0 e3700a01 912fff1e e2600000  
01-01 04:50:27.804 I/DEBUG   ( 1280):     4019805c ea00ab71 f200429a bf0080cf f000f891  
01-01 04:50:27.804 I/DEBUG   ( 1280):     4019806c 4001e92d f040f891 d3532a10 0301ea80  
01-01 04:50:27.804 I/DEBUG   ( 1280):     4019807c 0303f013 806ef000 d3262ae0 0300f1c0  
01-01 04:50:27.804 I/DEBUG   ( 1280):     4019808c 030ff013 eba2d021 ea5f0203 bf447cc3  
01-01 04:50:27.804 I/DEBUG   ( 1280):     4019809c eb01f811 eb01f800 f811bf21 f811cb01  
01-01 04:50:27.804 I/DEBUG   ( 1280):     401980ac f800eb01 f800cb01 ea5feb01 da037c43  
01-01 04:50:27.804 I/DEBUG   ( 1280):     401980bc 080df9a1 083df980 f921d303 f900070d  
01-01 04:50:27.804 I/DEBUG   ( 1280):     401980cc f891071d f891f000 3a40f040 f891d30f  
01-01 04:50:27.804 I/DEBUG   ( 1280):     401980dc f891f080 f921f0c0 f921020d f891420d  
01-01 04:50:27.804 I/DEBUG   ( 1280):     401980ec 3a40f0c0 020df900 420df900 f102d2f3  
01-01 04:50:27.804 I/DEBUG   ( 1280):     401980fc 3a200240 f921d305 3a20020d 020df900  
01-01 04:50:27.804 I/DEBUG   ( 1280): 
01-01 04:50:27.804 I/DEBUG   ( 1280): code around lr:
01-01 04:50:27.804 I/DEBUG   ( 1280):     40181fe8 f852f002 46206005 460cbd70 6a24480e  
01-01 04:50:27.804 I/DEBUG   ( 1280):     40181ff8 f7f84478 f014eb6c 4621ea4a f0164632  
01-01 04:50:27.804 I/DEBUG   ( 1280):     40182008 3001e80c 2400bf18 f002d1ea 6804f83d  
01-01 04:50:27.804 I/DEBUG   ( 1280):     40182018 f83af002 46206005 bf00bd70 000523f4  
01-01 04:50:27.804 I/DEBUG   ( 1280):     40182028 000523e8 000523d2 000523bc bf74f7ff  
01-01 04:50:27.804 I/DEBUG   ( 1280):     40182038 4a3d4b3c 43f0e92d 447b460c 4607b08b  
01-01 04:50:27.804 I/DEBUG   ( 1280):     40182048 589d2616 9309682b f81ef002 8000f8d0  
01-01 04:50:27.804 I/DEBUG   ( 1280):     40182058 4620b13c fed6f016 4606280f 2622bf88  
01-01 04:50:27.804 I/DEBUG   ( 1280):     40182068 f002d90c 4684f811 f8cc4630 9a098000  
01-01 04:50:27.804 I/DEBUG   ( 1280):     40182078 42a2682c b00bd154 83f0e8bd ffd6f7ff  
01-01 04:50:27.804 I/DEBUG   ( 1280):     40182088 d04542b8 44784829 eb1ef7f8 44784828  
01-01 04:50:27.804 I/DEBUG   ( 1280):     40182098 4287e001 6800d008 d1fa2800 26034825  
01-01 04:50:27.804 I/DEBUG   ( 1280):     401820a8 f7f84478 e7dceb14 f10d4823 6a3f0904  
01-01 04:50:27.804 I/DEBUG   ( 1280):     401820b8 f7f84478 4a21eb0c 4648463b 447a2120  
01-01 04:50:27.804 I/DEBUG   ( 1280):     401820c8 fa12f01b 21014648 fb76f027 3ffff1b0  
01-01 04:50:27.804 I/DEBUG   ( 1280):     401820d8 d0104681 46214648 f0144632 1c43e94a  
01-01 04:50:32.960 I/Netd    ( 1906): Netd 1.0 starting
01-01 04:50:32.960 W/InterfaceController( 1906): Warning (dlopen failed: library "/system/lib/libnetcmdiface.so" not found) while opening the net interface command library
01-01 04:50:33.101 I/SurfaceFlinger( 1907): SurfaceFlinger is starting
01-01 04:50:33.101 I/SurfaceFlinger( 1907): SurfaceFlinger's main thread ready to run. Initializing graphics H/W...
01-01 04:50:33.101 F/libEGL  ( 1907): couldn't find an OpenGL ES implementation
01-01 04:50:33.101 F/libc    ( 1907): Fatal signal 6 (SIGABRT) at 0x00000773 (code=-6), thread 1907 (surfaceflinger)
01-01 04:50:33.210 I/DEBUG   ( 1280): *** *** *** *** *** *** *** *** *** *** *** *** *** *** *** ***
01-01 04:50:33.210 I/DEBUG   ( 1280): Build fingerprint: 'pandaboard/pandaboard/pandaboard:4.4.2/KVT49L/130:eng/test-keys'
01-01 04:50:33.210 I/DEBUG   ( 1280): Revision: '0'
01-01 04:50:33.210 I/DEBUG   ( 1280): pid: 1907, tid: 1907, name: surfaceflinger  >>> /system/bin/surfaceflinger <<<
01-01 04:50:33.210 I/DEBUG   ( 1280): signal 6 (SIGABRT), code -6 (SI_TKILL), fault addr --------
01-01 04:50:33.265 I/ip6tables( 1906): ip6tables terminated by exit(3)
01-01 04:50:33.265 E/Netd    ( 1906): exec() res=0, status=768 for /system/bin/ip6tables -t filter -N bw_INPUT 
01-01 04:50:33.265 I/DEBUG   ( 1280):     r0 00000000  r1 00000773  r2 00000006  r3 00000000
01-01 04:50:33.265 I/DEBUG   ( 1280):     r4 00000773  r5 00000002  r6 00000006  r7 0000010c
01-01 04:50:33.265 I/DEBUG   ( 1280):     r8 00000000  r9 400c377d  sl 00000000  fp bea76b9c
01-01 04:50:33.265 I/DEBUG   ( 1280):     ip 40482878  sp bea765d8  lr 4021000b  pc 4022602c  cpsr 000f0010
01-01 04:50:33.265 I/DEBUG   ( 1280):     d0  2f6d6574736c6166  d1  4242424242424242
01-01 04:50:33.265 I/DEBUG   ( 1280):     d2  0000000a0000000a  d3  000000000000000a
01-01 04:50:33.265 I/DEBUG   ( 1280):     d4  0000000000000000  d5  0000000000000000
01-01 04:50:33.265 I/DEBUG   ( 1280):     d6  0000000000000000  d7  0233ea7500000000
01-01 04:50:33.265 I/DEBUG   ( 1280):     d8  0000000000000000  d9  0000000000000000
01-01 04:50:33.265 I/DEBUG   ( 1280):     d10 0000000000000000  d11 0000000000000000
01-01 04:50:33.265 I/DEBUG   ( 1280):     d12 0000000000000000  d13 0000000000000000
01-01 04:50:33.265 I/DEBUG   ( 1280):     d14 0000000000000000  d15 0000000000000000
01-01 04:50:33.265 I/DEBUG   ( 1280):     d16 0000000a00000009  d17 fffff000fffff000
01-01 04:50:33.265 I/DEBUG   ( 1280):     d18 00000fff00000fff  d19 0000000000000000
01-01 04:50:33.265 I/DEBUG   ( 1280):     d20 0000000000000000  d21 0000000000000000
01-01 04:50:33.265 I/DEBUG   ( 1280):     d22 0000000000000000  d23 0000000000000000
01-01 04:50:33.265 I/DEBUG   ( 1280):     d24 0000000000000000  d25 0000000000000000
01-01 04:50:33.265 I/DEBUG   ( 1280):     d26 0000000000000000  d27 0000000000000000
01-01 04:50:33.265 I/DEBUG   ( 1280):     d28 0000000000000000  d29 0000000000000000
01-01 04:50:33.265 I/DEBUG   ( 1280):     d30 0000000000000000  d31 0000000000000000
01-01 04:50:33.265 I/DEBUG   ( 1280):     scr 00000010
01-01 04:50:33.273 I/DEBUG   ( 1280): 
01-01 04:50:33.273 I/DEBUG   ( 1280): backtrace:
01-01 04:50:33.273 I/DEBUG   ( 1280):     #00  pc 0002c02c  /system/lib/libc.so (tgkill+12)
01-01 04:50:33.273 I/DEBUG   ( 1280):     #01  pc 00016007  /system/lib/libc.so (pthread_kill+86)
01-01 04:50:33.273 I/DEBUG   ( 1280):     #02  pc 00016217  /system/lib/libc.so (raise+10)
01-01 04:50:33.273 I/DEBUG   ( 1280):     #03  pc 000149bb  /system/lib/libc.so
01-01 04:50:33.273 I/DEBUG   ( 1280):     #04  pc 0002b8e0  /system/lib/libc.so (abort+4)
01-01 04:50:33.273 I/DEBUG   ( 1280):     #05  pc 000078e1  /system/lib/libcutils.so (__android_log_assert+60)
01-01 04:50:33.273 I/DEBUG   ( 1280):     #06  pc 0003fec3  /system/lib/libEGL.so
01-01 04:50:33.273 I/DEBUG   ( 1280):     #07  pc 0000e859  /system/lib/libEGL.so
01-01 04:50:33.273 I/DEBUG   ( 1280):     #08  pc 0000f3d3  /system/lib/libEGL.so (eglGetDisplay+10)
01-01 04:50:33.273 I/DEBUG   ( 1280):     #09  pc 0001ec81  /system/lib/libsurfaceflinger.so (android::SurfaceFlinger::init()+48)
01-01 04:50:33.273 I/DEBUG   ( 1280):     #10  pc 000007e1  /system/bin/surfaceflinger
01-01 04:50:33.273 I/DEBUG   ( 1280):     #11  pc 0000e28f  /system/lib/libc.so (__libc_init+58)
01-01 04:50:33.273 I/DEBUG   ( 1280):     #12  pc 000008e0  /system/bin/surfaceflinger
01-01 04:50:33.273 I/DEBUG   ( 1280): 
01-01 04:50:33.273 I/DEBUG   ( 1280): stack:
01-01 04:50:33.273 I/DEBUG   ( 1280):          bea76598  000003ff  
01-01 04:50:33.273 I/DEBUG   ( 1280):          bea7659c  00004000  
01-01 04:50:33.273 I/DEBUG   ( 1280):          bea765a0  40482878  
01-01 04:50:33.273 I/DEBUG   ( 1280):          bea765a4  00000000  
01-01 04:50:33.273 I/DEBUG   ( 1280):          bea765a8  400c377d  /system/bin/surfaceflinger
01-01 04:50:33.273 I/DEBUG   ( 1280):          bea765ac  00000000  
01-01 04:50:33.273 I/DEBUG   ( 1280):          bea765b0  bea76b9c  [stack]
01-01 04:50:33.273 I/DEBUG   ( 1280):          bea765b4  4022ea61  /system/lib/libc.so (vsnprintf+76)
01-01 04:50:33.273 I/DEBUG   ( 1280):          bea765b8  00000000  
01-01 04:50:33.273 I/DEBUG   ( 1280):          bea765bc  00000000  
01-01 04:50:33.273 I/DEBUG   ( 1280):          bea765c0  4011006e  
01-01 04:50:33.273 I/DEBUG   ( 1280):          bea765c4  402c583c  /system/lib/libEGL.so
01-01 04:50:33.273 I/DEBUG   ( 1280):          bea765c8  4026239c  
01-01 04:50:33.273 I/DEBUG   ( 1280):          bea765cc  4011b155  /system/lib/libcutils.so
01-01 04:50:33.273 I/DEBUG   ( 1280):          bea765d0  00000000  
01-01 04:50:33.273 I/DEBUG   ( 1280):          bea765d4  4011b375  /system/lib/libcutils.so (__android_log_write+120)
01-01 04:50:33.273 I/DEBUG   ( 1280):     #00  bea765d8  00000773  
01-01 04:50:33.273 I/DEBUG   ( 1280):          bea765dc  00000002  
01-01 04:50:33.273 I/DEBUG   ( 1280):          bea765e0  00000006  
01-01 04:50:33.273 I/DEBUG   ( 1280):          bea765e4  40482878  
01-01 04:50:33.273 I/DEBUG   ( 1280):          bea765e8  40482878  
01-01 04:50:33.273 I/DEBUG   ( 1280):          bea765ec  4021000b  /system/lib/libc.so (pthread_kill+90)
01-01 04:50:33.273 I/DEBUG   ( 1280):     #01  bea765f0  00000006  
01-01 04:50:33.273 I/DEBUG   ( 1280):          bea765f4  00000000  
01-01 04:50:33.273 I/DEBUG   ( 1280):          bea765f8  402c583c  /system/lib/libEGL.so
01-01 04:50:33.273 I/DEBUG   ( 1280):          bea765fc  4021021b  /system/lib/libc.so (raise+14)
01-01 04:50:33.273 I/DEBUG   ( 1280):     #02  bea76600  bea76608  [stack]
01-01 04:50:33.273 I/DEBUG   ( 1280):          bea76604  4020e9bf  /system/lib/libc.so
01-01 04:50:33.273 I/DEBUG   ( 1280): 
01-01 04:50:33.273 I/DEBUG   ( 1280): memory near r9:
01-01 04:50:33.273 I/DEBUG   ( 1280):     400c375c e28cca01 e5bcf894 e28fc600 e28cca01  
01-01 04:50:33.273 I/DEBUG   ( 1280):     400c376c e5bcf88c e28fc600 e28cca01 e5bcf884  
01-01 04:50:33.273 I/DEBUG   ( 1280):     400c377c 43f0e92d ac05b087 4620ae03 efaaf7ff  
01-01 04:50:33.273 I/DEBUG   ( 1280):     400c378c 98052104 efacf7ff f0004620 4630f8cd  
01-01 04:50:33.273 I/DEBUG   ( 1280):     400c379c efa0f7ff f7ff9803 f241efaa f7ff4008  
01-01 04:50:33.273 I/DEBUG   ( 1280):     400c37ac 4605efac efaef7ff b1359500 4669682b  
01-01 04:50:33.273 I/DEBUG   ( 1280):     400c37bc 0c0cf853 f7ff4428 2000efac 0207f06f  
01-01 04:50:33.273 I/DEBUG   ( 1280):     400c37cc f10d4601 f7ff0810 2101efaa f7ff2000  
01-01 04:50:33.273 I/DEBUG   ( 1280):     400c37dc 9800efac efaef7ff f7ff4640 9f04efb2  
01-01 04:50:33.273 I/DEBUG   ( 1280):     400c37ec 49234620 4479683a 9018f8d2 efaef7ff  
01-01 04:50:33.273 I/DEBUG   ( 1280):     400c37fc 2b009b00 6858d037 3304ad06 3d10f845  
01-01 04:50:33.273 I/DEBUG   ( 1280):     400c380c f8504629 44180c0c ef82f7ff 46214638  
01-01 04:50:33.273 I/DEBUG   ( 1280):     400c381c 2300462a 9f0247c8 683ab137 f8524629  
01-01 04:50:33.273 I/DEBUG   ( 1280):     400c382c 44380c0c ef50f7ff f7ff4620 9800ef96  
01-01 04:50:33.273 I/DEBUG   ( 1280):     400c383c ef98f7ff b1349c04 46416823 0c0cf853  
01-01 04:50:33.273 I/DEBUG   ( 1280):     400c384c f7ff4420 9d00ef42 6828b135 f8504669  
01-01 04:50:33.273 I/DEBUG   ( 1280): 
01-01 04:50:33.273 I/DEBUG   ( 1280): memory near fp:
01-01 04:50:33.273 I/DEBUG   ( 1280):     bea76b7c 00000000 00000000 400c38e4 400c4e6c  
01-01 04:50:33.273 I/DEBUG   ( 1280):     bea76b8c 400c4e74 400c4e7c bea76ba0 00000000  
01-01 04:50:33.273 I/DEBUG   ( 1280):     bea76b9c 40139a37 00000001 bea76c84 00000000  
01-01 04:50:33.273 I/DEBUG   ( 1280):     bea76bac bea76c9f bea76cdc bea76d04 bea76d17  
01-01 04:50:33.273 I/DEBUG   ( 1280):     bea76bbc bea76d2c bea76d47 bea76d5a bea76d73  
01-01 04:50:33.273 I/DEBUG   ( 1280):     bea76bcc bea76d8d bea76da6 bea76fa0 bea76fc2  
01-01 04:50:33.273 I/DEBUG   ( 1280):     bea76bdc 00000000 00000010 0000b8d7 00000006  
01-01 04:50:33.273 I/DEBUG   ( 1280):     bea76bec 00001000 00000011 00000064 00000003  
01-01 04:50:33.273 I/DEBUG   ( 1280):     bea76bfc 400c3034 00000004 00000020 00000005  
01-01 04:50:33.273 I/DEBUG   ( 1280):     bea76c0c 00000008 00000007 40136000 00000008  
01-01 04:50:33.273 I/DEBUG   ( 1280):     bea76c1c 00000000 00000009 400c3880 0000000b  
01-01 04:50:33.273 I/DEBUG   ( 1280):     bea76c2c 000003e8 0000000c 000003e8 0000000d  
01-01 04:50:33.273 I/DEBUG   ( 1280):     bea76c3c 000003eb 0000000e 000003eb 00000017  
01-01 04:50:33.273 I/DEBUG   ( 1280):     bea76c4c 00000000 00000019 bea76c70 0000001f  
01-01 04:50:33.273 I/DEBUG   ( 1280):     bea76c5c bea76fe1 0000000f bea76c80 00000000  
01-01 04:50:33.273 I/DEBUG   ( 1280):     bea76c6c 00000000 8d4ad2b0 5477fa42 69c23bb4  
01-01 04:50:33.273 I/DEBUG   ( 1280): 
01-01 04:50:33.273 I/DEBUG   ( 1280): memory near ip:
01-01 04:50:33.273 I/DEBUG   ( 1280):     40482858 40482860 0000001b 00000001 00000001  
01-01 04:50:33.273 I/DEBUG   ( 1280):     40482868 40482854 00000000 00000000 00000013  
01-01 04:50:33.273 I/DEBUG   ( 1280):     40482878 00000000 00000000 00000000 000000ab  
01-01 04:50:33.273 I/DEBUG   ( 1280):     40482888 40482180 0000077b 401a66a8 00000000  
01-01 04:50:33.273 I/DEBUG   ( 1280):     40482898 00000000 00000007 00000004 401a66d0  
01-01 04:50:33.273 I/DEBUG   ( 1280):     404828a8 00000000 00000000 00000007 00000004  
01-01 04:50:33.273 I/DEBUG   ( 1280):     404828b8 00000000 40482930 00000004 00000100  
01-01 04:50:33.273 I/DEBUG   ( 1280):     404828c8 00000004 00000000 00000000 00000000  
01-01 04:50:33.273 I/DEBUG   ( 1280):     404828d8 00000000 00010001 00000000 00000000  
01-01 04:50:33.273 I/DEBUG   ( 1280):     404828e8 00000000 40482a38 00000000 00000100  
01-01 04:50:33.289 I/DEBUG   ( 1280):     404828f8 00000000 00000000 00000000 00000000  
01-01 04:50:33.289 I/DEBUG   ( 1280):     40482908 00000000 00010001 00000000 00000000  
01-01 04:50:33.289 I/DEBUG   ( 1280):     40482918 00000000 00000773 000003e8 00000000  
01-01 04:50:33.289 I/DEBUG   ( 1280):     40482928 00000000 0000010b 0000720c 00000000  
01-01 04:50:33.289 I/DEBUG   ( 1280):     40482938 00000000 00000000 00000000 00000000  
01-01 04:50:33.289 I/DEBUG   ( 1280):     40482948 00000000 00000000 00000000 00000000  
01-01 04:50:33.289 I/DEBUG   ( 1280): 
01-01 04:50:33.289 I/DEBUG   ( 1280): memory near sp:
01-01 04:50:33.289 I/DEBUG   ( 1280):     bea765b8 00000000 00000000 4011006e 402c583c  
01-01 04:50:33.289 I/DEBUG   ( 1280):     bea765c8 4026239c 4011b155 00000000 4011b375  
01-01 04:50:33.289 I/DEBUG   ( 1280):     bea765d8 00000773 00000002 00000006 40482878  
01-01 04:50:33.289 I/DEBUG   ( 1280):     bea765e8 40482878 4021000b 00000006 00000000  
01-01 04:50:33.289 I/DEBUG   ( 1280):     bea765f8 402c583c 4021021b bea76608 4020e9bf  
01-01 04:50:33.289 I/DEBUG   ( 1280):     bea76608 ffffffdf 00000004 bea7660c 00000001  
01-01 04:50:33.289 I/DEBUG   ( 1280):     bea76618 401f0384 8d4ad2b0 bea7666c bea7663c  
01-01 04:50:33.289 I/DEBUG   ( 1280):     bea76628 bea76a5c 402258e4 4011006e 4011b8e5  
01-01 04:50:33.289 I/DEBUG   ( 1280):     bea76638 bea76a5c 6c756f63 74276e64 6e696620  
01-01 04:50:33.289 I/DEBUG   ( 1280):     bea76648 6e612064 65704f20 204c476e 69205345  
01-01 04:50:33.289 I/DEBUG   ( 1280):     bea76658 656c706d 746e656d 6f697461 4011006e  
01-01 04:50:33.289 I/DEBUG   ( 1280):     bea76668 bea76a94 66727553 46656361 676e696c  
01-01 04:50:33.289 I/DEBUG   ( 1280):     bea76678 73277265 69616d20 6874206e 64616572  
01-01 04:50:33.289 I/DEBUG   ( 1280):     bea76688 61657220 74207964 7572206f 49202e6e  
01-01 04:50:33.289 I/DEBUG   ( 1280):     bea76698 6974696e 7a696c61 20676e69 70617267  
01-01 04:50:33.289 I/DEBUG   ( 1280):     bea766a8 73636968 572f4820 002e2e2e 00000000  
01-01 04:50:33.289 I/DEBUG   ( 1280): 
01-01 04:50:33.289 I/DEBUG   ( 1280): code around pc:
01-01 04:50:33.289 I/DEBUG   ( 1280):     4022600c e8bd00f0 e3700a01 912fff1e e2600000  
01-01 04:50:33.289 I/DEBUG   ( 1280):     4022601c ea00ab81 e92d50f0 e3a07f43 ef000000  
01-01 04:50:33.289 I/DEBUG   ( 1280):     4022602c e8bd50f0 e3700a01 912fff1e e2600000  
01-01 04:50:33.289 I/DEBUG   ( 1280):     4022603c ea00ab79 e92d50f0 e3a070ee ef000000  
01-01 04:50:33.289 I/DEBUG   ( 1280):     4022604c e8bd50f0 e3700a01 912fff1e e2600000  
01-01 04:50:33.289 I/DEBUG   ( 1280):     4022605c ea00ab71 f200429a bf0080cf f000f891  
01-01 04:50:33.289 I/DEBUG   ( 1280):     4022606c 4001e92d f040f891 d3532a10 0301ea80  
01-01 04:50:33.289 I/DEBUG   ( 1280):     4022607c 0303f013 806ef000 d3262ae0 0300f1c0  
01-01 04:50:33.289 I/DEBUG   ( 1280):     4022608c 030ff013 eba2d021 ea5f0203 bf447cc3  
01-01 04:50:33.289 I/DEBUG   ( 1280):     4022609c eb01f811 eb01f800 f811bf21 f811cb01  
01-01 04:50:33.289 I/DEBUG   ( 1280):     402260ac f800eb01 f800cb01 ea5feb01 da037c43  
01-01 04:50:33.289 I/DEBUG   ( 1280):     402260bc 080df9a1 083df980 f921d303 f900070d  
01-01 04:50:33.289 I/DEBUG   ( 1280):     402260cc f891071d f891f000 3a40f040 f891d30f  
01-01 04:50:33.289 I/DEBUG   ( 1280):     402260dc f891f080 f921f0c0 f921020d f891420d  
01-01 04:50:33.289 I/DEBUG   ( 1280):     402260ec 3a40f0c0 020df900 420df900 f102d2f3  
01-01 04:50:33.289 I/DEBUG   ( 1280):     402260fc 3a200240 f921d305 3a20020d 020df900  
01-01 04:50:33.289 I/DEBUG   ( 1280): 
01-01 04:50:33.289 I/DEBUG   ( 1280): code around lr:
01-01 04:50:33.289 I/DEBUG   ( 1280):     4020ffe8 f852f002 46206005 460cbd70 6a24480e  
01-01 04:50:33.289 I/DEBUG   ( 1280):     4020fff8 f7f84478 f014eb6c 4621ea4a f0164632  
01-01 04:50:33.289 I/DEBUG   ( 1280):     40210008 3001e80c 2400bf18 f002d1ea 6804f83d  
01-01 04:50:33.289 I/DEBUG   ( 1280):     40210018 f83af002 46206005 bf00bd70 000523f4  
01-01 04:50:33.289 I/DEBUG   ( 1280):     40210028 000523e8 000523d2 000523bc bf74f7ff  
01-01 04:50:33.289 I/DEBUG   ( 1280):     40210038 4a3d4b3c 43f0e92d 447b460c 4607b08b  
01-01 04:50:33.289 I/DEBUG   ( 1280):     40210048 589d2616 9309682b f81ef002 8000f8d0  
01-01 04:50:33.289 I/DEBUG   ( 1280):     40210058 4620b13c fed6f016 4606280f 2622bf88  
01-01 04:50:33.289 I/DEBUG   ( 1280):     40210068 f002d90c 4684f811 f8cc4630 9a098000  
01-01 04:50:33.289 I/DEBUG   ( 1280):     40210078 42a2682c b00bd154 83f0e8bd ffd6f7ff  
01-01 04:50:33.289 I/DEBUG   ( 1280):     40210088 d04542b8 44784829 eb1ef7f8 44784828  
01-01 04:50:33.289 I/DEBUG   ( 1280):     40210098 4287e001 6800d008 d1fa2800 26034825  
01-01 04:50:33.289 I/DEBUG   ( 1280):     402100a8 f7f84478 e7dceb14 f10d4823 6a3f0904  
01-01 04:50:33.289 I/DEBUG   ( 1280):     402100b8 f7f84478 4a21eb0c 4648463b 447a2120  
01-01 04:50:33.289 I/DEBUG   ( 1280):     402100c8 fa12f01b 21014648 fb76f027 3ffff1b0  
01-01 04:50:33.289 I/DEBUG   ( 1280):     402100d8 d0104681 46214648 f0144632 1c43e94a  
01-01 04:50:33.328 I/ip6tables( 1906): ip6tables terminated by exit(3)
01-01 04:50:33.328 E/Netd    ( 1906): exec() res=0, status=768 for /system/bin/ip6tables -t filter -A INPUT -j bw_INPUT 
01-01 04:50:37.429 I/Netd    ( 1933): Netd 1.0 starting
01-01 04:50:37.429 W/InterfaceController( 1933): Warning (dlopen failed: library "/system/lib/libnetcmdiface.so" not found) while opening the net interface command library
01-01 04:50:37.585 I/SurfaceFlinger( 1934): SurfaceFlinger is starting
01-01 04:50:37.585 I/SurfaceFlinger( 1934): SurfaceFlinger's main thread ready to run. Initializing graphics H/W...
01-01 04:50:37.585 F/libEGL  ( 1934): couldn't find an OpenGL ES implementation
01-01 04:50:37.585 F/libc    ( 1934): Fatal signal 6 (SIGABRT) at 0x0000078e (code=-6), thread 1934 (surfaceflinger)
01-01 04:50:37.718 I/DEBUG   ( 1280): *** *** *** *** *** *** *** *** *** *** *** *** *** *** *** ***
01-01 04:50:37.718 I/DEBUG   ( 1280): Build fingerprint: 'pandaboard/pandaboard/pandaboard:4.4.2/KVT49L/130:eng/test-keys'
01-01 04:50:37.718 I/DEBUG   ( 1280): Revision: '0'
01-01 04:50:37.718 I/DEBUG   ( 1280): pid: 1934, tid: 1934, name: surfaceflinger  >>> /system/bin/surfaceflinger <<<
01-01 04:50:37.718 I/DEBUG   ( 1280): signal 6 (SIGABRT), code -6 (SI_TKILL), fault addr --------
01-01 04:50:37.750 I/ip6tables( 1933): ip6tables terminated by exit(3)
01-01 04:50:37.750 E/Netd    ( 1933): exec() res=0, status=768 for /system/bin/ip6tables -t filter -N bw_INPUT 
01-01 04:50:37.820 I/DEBUG   ( 1280):     r0 00000000  r1 0000078e  r2 00000006  r3 00000000
01-01 04:50:37.820 I/DEBUG   ( 1280):     r4 0000078e  r5 00000002  r6 00000006  r7 0000010c
01-01 04:50:37.820 I/DEBUG   ( 1280):     r8 00000000  r9 400d377d  sl 00000000  fp bea99b9c
01-01 04:50:37.820 I/DEBUG   ( 1280):     ip 40e4ac10  sp bea995d8  lr 401ca00b  pc 401e002c  cpsr 000f0010
01-01 04:50:37.820 I/DEBUG   ( 1280):     d0  2f6d6574736c6166  d1  4242424242424242
01-01 04:50:37.820 I/DEBUG   ( 1280):     d2  0000000a0000000a  d3  000000000000000a
01-01 04:50:37.820 I/DEBUG   ( 1280):     d4  0000000000000000  d5  0000000000000000
01-01 04:50:37.820 I/DEBUG   ( 1280):     d6  0000000000000000  d7  20a26de100000000
01-01 04:50:37.820 I/DEBUG   ( 1280):     d8  0000000000000000  d9  0000000000000000
01-01 04:50:37.820 I/DEBUG   ( 1280):     d10 0000000000000000  d11 0000000000000000
01-01 04:50:37.820 I/DEBUG   ( 1280):     d12 0000000000000000  d13 0000000000000000
01-01 04:50:37.820 I/DEBUG   ( 1280):     d14 0000000000000000  d15 0000000000000000
01-01 04:50:37.820 I/DEBUG   ( 1280):     d16 0000000a00000009  d17 fffff000fffff000
01-01 04:50:37.820 I/DEBUG   ( 1280):     d18 00000fff00000fff  d19 0000000000000000
01-01 04:50:37.820 I/DEBUG   ( 1280):     d20 0000000000000000  d21 0000000000000000
01-01 04:50:37.820 I/DEBUG   ( 1280):     d22 0000000000000000  d23 0000000000000000
01-01 04:50:37.820 I/DEBUG   ( 1280):     d24 0000000000000000  d25 0000000000000000
01-01 04:50:37.820 I/DEBUG   ( 1280):     d26 0000000000000000  d27 0000000000000000
01-01 04:50:37.820 I/DEBUG   ( 1280):     d28 0000000000000000  d29 0000000000000000
01-01 04:50:37.820 I/DEBUG   ( 1280):     d30 0000000000000000  d31 0000000000000000
01-01 04:50:37.820 I/DEBUG   ( 1280):     scr 00000010
01-01 04:50:37.820 I/ip6tables( 1933): ip6tables terminated by exit(3)
01-01 04:50:37.820 E/Netd    ( 1933): exec() res=0, status=768 for /system/bin/ip6tables -t filter -A INPUT -j bw_INPUT 
01-01 04:50:37.820 I/DEBUG   ( 1280): 
01-01 04:50:37.820 I/DEBUG   ( 1280): backtrace:
01-01 04:50:37.820 I/DEBUG   ( 1280):     #00  pc 0002c02c  /system/lib/libc.so (tgkill+12)
01-01 04:50:37.820 I/DEBUG   ( 1280):     #01  pc 00016007  /system/lib/libc.so (pthread_kill+86)
01-01 04:50:37.820 I/DEBUG   ( 1280):     #02  pc 00016217  /system/lib/libc.so (raise+10)
01-01 04:50:37.820 I/DEBUG   ( 1280):     #03  pc 000149bb  /system/lib/libc.so
01-01 04:50:37.820 I/DEBUG   ( 1280):     #04  pc 0002b8e0  /system/lib/libc.so (abort+4)
01-01 04:50:37.820 I/DEBUG   ( 1280):     #05  pc 000078e1  /system/lib/libcutils.so (__android_log_assert+60)
01-01 04:50:37.820 I/DEBUG   ( 1280):     #06  pc 0003fec3  /system/lib/libEGL.so
01-01 04:50:37.820 I/DEBUG   ( 1280):     #07  pc 0000e859  /system/lib/libEGL.so
01-01 04:50:37.820 I/DEBUG   ( 1280):     #08  pc 0000f3d3  /system/lib/libEGL.so (eglGetDisplay+10)
01-01 04:50:37.820 I/DEBUG   ( 1280):     #09  pc 0001ec81  /system/lib/libsurfaceflinger.so (android::SurfaceFlinger::init()+48)
01-01 04:50:37.820 I/DEBUG   ( 1280):     #10  pc 000007e1  /system/bin/surfaceflinger
01-01 04:50:37.820 I/DEBUG   ( 1280):     #11  pc 0000e28f  /system/lib/libc.so (__libc_init+58)
01-01 04:50:37.820 I/DEBUG   ( 1280):     #12  pc 000008e0  /system/bin/surfaceflinger
01-01 04:50:37.820 I/DEBUG   ( 1280): 
01-01 04:50:37.820 I/DEBUG   ( 1280): stack:
01-01 04:50:37.820 I/DEBUG   ( 1280):          bea99598  000003ff  
01-01 04:50:37.820 I/DEBUG   ( 1280):          bea9959c  00004000  
01-01 04:50:37.820 I/DEBUG   ( 1280):          bea995a0  40e4ac10  [heap]
01-01 04:50:37.820 I/DEBUG   ( 1280):          bea995a4  00000000  
01-01 04:50:37.820 I/DEBUG   ( 1280):          bea995a8  400d377d  /system/bin/surfaceflinger
01-01 04:50:37.820 I/DEBUG   ( 1280):          bea995ac  00000000  
01-01 04:50:37.820 I/DEBUG   ( 1280):          bea995b0  bea99b9c  [stack]
01-01 04:50:37.820 I/DEBUG   ( 1280):          bea995b4  401e8a61  /system/lib/libc.so (vsnprintf+76)
01-01 04:50:37.820 I/DEBUG   ( 1280):          bea995b8  00000000  
01-01 04:50:37.820 I/DEBUG   ( 1280):          bea995bc  00000000  
01-01 04:50:37.820 I/DEBUG   ( 1280):          bea995c0  4004006e  /system/lib/libcutils.so
01-01 04:50:37.820 I/DEBUG   ( 1280):          bea995c4  402dd83c  /system/lib/libEGL.so
01-01 04:50:37.820 I/DEBUG   ( 1280):          bea995c8  4021c39c  
01-01 04:50:37.820 I/DEBUG   ( 1280):          bea995cc  40044155  /system/lib/libcutils.so
01-01 04:50:37.820 I/DEBUG   ( 1280):          bea995d0  00000000  
01-01 04:50:37.820 I/DEBUG   ( 1280):          bea995d4  40044375  /system/lib/libcutils.so (__android_log_write+120)
01-01 04:50:37.820 I/DEBUG   ( 1280):     #00  bea995d8  0000078e  
01-01 04:50:37.820 I/DEBUG   ( 1280):          bea995dc  00000002  
01-01 04:50:37.820 I/DEBUG   ( 1280):          bea995e0  00000006  
01-01 04:50:37.820 I/DEBUG   ( 1280):          bea995e4  40e4ac10  [heap]
01-01 04:50:37.820 I/DEBUG   ( 1280):          bea995e8  40e4ac10  [heap]
01-01 04:50:37.820 I/DEBUG   ( 1280):          bea995ec  401ca00b  /system/lib/libc.so (pthread_kill+90)
01-01 04:50:37.820 I/DEBUG   ( 1280):     #01  bea995f0  00000006  
01-01 04:50:37.820 I/DEBUG   ( 1280):          bea995f4  00000000  
01-01 04:50:37.820 I/DEBUG   ( 1280):          bea995f8  402dd83c  /system/lib/libEGL.so
01-01 04:50:37.820 I/DEBUG   ( 1280):          bea995fc  401ca21b  /system/lib/libc.so (raise+14)
01-01 04:50:37.820 I/DEBUG   ( 1280):     #02  bea99600  bea99608  [stack]
01-01 04:50:37.820 I/DEBUG   ( 1280):          bea99604  401c89bf  /system/lib/libc.so
01-01 04:50:37.835 I/DEBUG   ( 1280): 
01-01 04:50:37.835 I/DEBUG   ( 1280): memory near r9:
01-01 04:50:37.835 I/DEBUG   ( 1280):     400d375c e28cca01 e5bcf894 e28fc600 e28cca01  
01-01 04:50:37.835 I/DEBUG   ( 1280):     400d376c e5bcf88c e28fc600 e28cca01 e5bcf884  
01-01 04:50:37.835 I/DEBUG   ( 1280):     400d377c 43f0e92d ac05b087 4620ae03 efaaf7ff  
01-01 04:50:37.835 I/DEBUG   ( 1280):     400d378c 98052104 efacf7ff f0004620 4630f8cd  
01-01 04:50:37.835 I/DEBUG   ( 1280):     400d379c efa0f7ff f7ff9803 f241efaa f7ff4008  
01-01 04:50:37.835 I/DEBUG   ( 1280):     400d37ac 4605efac efaef7ff b1359500 4669682b  
01-01 04:50:37.835 I/DEBUG   ( 1280):     400d37bc 0c0cf853 f7ff4428 2000efac 0207f06f  
01-01 04:50:37.835 I/DEBUG   ( 1280):     400d37cc f10d4601 f7ff0810 2101efaa f7ff2000  
01-01 04:50:37.835 I/DEBUG   ( 1280):     400d37dc 9800efac efaef7ff f7ff4640 9f04efb2  
01-01 04:50:37.835 I/DEBUG   ( 1280):     400d37ec 49234620 4479683a 9018f8d2 efaef7ff  
01-01 04:50:37.835 I/DEBUG   ( 1280):     400d37fc 2b009b00 6858d037 3304ad06 3d10f845  
01-01 04:50:37.835 I/DEBUG   ( 1280):     400d380c f8504629 44180c0c ef82f7ff 46214638  
01-01 04:50:37.835 I/DEBUG   ( 1280):     400d381c 2300462a 9f0247c8 683ab137 f8524629  
01-01 04:50:37.835 I/DEBUG   ( 1280):     400d382c 44380c0c ef50f7ff f7ff4620 9800ef96  
01-01 04:50:37.835 I/DEBUG   ( 1280):     400d383c ef98f7ff b1349c04 46416823 0c0cf853  
01-01 04:50:37.835 I/DEBUG   ( 1280):     400d384c f7ff4420 9d00ef42 6828b135 f8504669  
01-01 04:50:37.835 I/DEBUG   ( 1280): 
01-01 04:50:37.835 I/DEBUG   ( 1280): memory near fp:
01-01 04:50:37.835 I/DEBUG   ( 1280):     bea99b7c 00000000 00000000 400d38e4 400d4e6c  
01-01 04:50:37.835 I/DEBUG   ( 1280):     bea99b8c 400d4e74 400d4e7c bea99ba0 00000000  
01-01 04:50:37.835 I/DEBUG   ( 1280):     bea99b9c 401a0a37 00000001 bea99c84 00000000  
01-01 04:50:37.835 I/DEBUG   ( 1280):     bea99bac bea99c9f bea99cdc bea99d04 bea99d17  
01-01 04:50:37.835 I/DEBUG   ( 1280):     bea99bbc bea99d2c bea99d47 bea99d5a bea99d73  
01-01 04:50:37.835 I/DEBUG   ( 1280):     bea99bcc bea99d8d bea99da6 bea99fa0 bea99fc2  
01-01 04:50:37.835 I/DEBUG   ( 1280):     bea99bdc 00000000 00000010 0000b8d7 00000006  
01-01 04:50:37.835 I/DEBUG   ( 1280):     bea99bec 00001000 00000011 00000064 00000003  
01-01 04:50:37.835 I/DEBUG   ( 1280):     bea99bfc 400d3034 00000004 00000020 00000005  
01-01 04:50:37.835 I/DEBUG   ( 1280):     bea99c0c 00000008 00000007 4019d000 00000008  
01-01 04:50:37.835 I/DEBUG   ( 1280):     bea99c1c 00000000 00000009 400d3880 0000000b  
01-01 04:50:37.835 I/DEBUG   ( 1280):     bea99c2c 000003e8 0000000c 000003e8 0000000d  
01-01 04:50:37.835 I/DEBUG   ( 1280):     bea99c3c 000003eb 0000000e 000003eb 00000017  
01-01 04:50:37.835 I/DEBUG   ( 1280):     bea99c4c 00000000 00000019 bea99c70 0000001f  
01-01 04:50:37.835 I/DEBUG   ( 1280):     bea99c5c bea99fe1 0000000f bea99c80 00000000  
01-01 04:50:37.835 I/DEBUG   ( 1280):     bea99c6c 00000000 c756b1f9 d88621e5 f60e0c03  
01-01 04:50:37.835 I/DEBUG   ( 1280): 
01-01 04:50:37.835 I/DEBUG   ( 1280): memory near ip:
01-01 04:50:37.835 I/DEBUG   ( 1280):     40e4abf0 40e4abf8 0000001b 00000001 00000001  
01-01 04:50:37.835 I/DEBUG   ( 1280):     40e4ac00 40e4abec 00000000 00000000 00000013  
01-01 04:50:37.835 I/DEBUG   ( 1280):     40e4ac10 00000000 00000000 00000000 000000ab  
01-01 04:50:37.835 I/DEBUG   ( 1280):     40e4ac20 40e490f8 00000797 400946a8 00000000  
01-01 04:50:37.835 I/DEBUG   ( 1280):     40e4ac30 00000000 00000007 00000004 400946d0  
01-01 04:50:37.835 I/DEBUG   ( 1280):     40e4ac40 00000000 00000000 00000007 00000004  
01-01 04:50:37.835 I/DEBUG   ( 1280):     40e4ac50 00000000 40e4acc8 00000004 00000100  
01-01 04:50:37.835 I/DEBUG   ( 1280):     40e4ac60 00000004 00000000 00000000 00000000  
01-01 04:50:37.835 I/DEBUG   ( 1280):     40e4ac70 00000000 00010001 00000000 0000002e  
01-01 04:50:37.835 I/DEBUG   ( 1280):     40e4ac80 00000000 40e4add0 00000000 00000100  
01-01 04:50:37.835 I/DEBUG   ( 1280):     40e4ac90 00000000 00000000 00000000 00000000  
01-01 04:50:37.835 I/DEBUG   ( 1280):     40e4aca0 00000000 00010001 00000000 00000000  
01-01 04:50:37.835 I/DEBUG   ( 1280):     40e4acb0 6c080028 0000078e 000003e8 00000000  
01-01 04:50:37.835 I/DEBUG   ( 1280):     40e4acc0 00000000 0000010b 0000720c 00000000  
01-01 04:50:37.835 I/DEBUG   ( 1280):     40e4acd0 00000000 00000000 00000000 00000000  
01-01 04:50:37.835 I/DEBUG   ( 1280):     40e4ace0 00000000 00000000 00000000 00000000  
01-01 04:50:37.835 I/DEBUG   ( 1280): 
01-01 04:50:37.835 I/DEBUG   ( 1280): memory near sp:
01-01 04:50:37.835 I/DEBUG   ( 1280):     bea995b8 00000000 00000000 4004006e 402dd83c  
01-01 04:50:37.835 I/DEBUG   ( 1280):     bea995c8 4021c39c 40044155 00000000 40044375  
01-01 04:50:37.835 I/DEBUG   ( 1280):     bea995d8 0000078e 00000002 00000006 40e4ac10  
01-01 04:50:37.835 I/DEBUG   ( 1280):     bea995e8 40e4ac10 401ca00b 00000006 00000000  
01-01 04:50:37.835 I/DEBUG   ( 1280):     bea995f8 402dd83c 401ca21b bea99608 401c89bf  
01-01 04:50:37.835 I/DEBUG   ( 1280):     bea99608 ffffffdf 00000004 bea9960c 00000001  
01-01 04:50:37.835 I/DEBUG   ( 1280):     bea99618 4027d384 c756b1f9 bea9966c bea9963c  
01-01 04:50:37.835 I/DEBUG   ( 1280):     bea99628 bea99a5c 401df8e4 4004006e 400448e5  
01-01 04:50:37.835 I/DEBUG   ( 1280):     bea99638 bea99a5c 6c756f63 74276e64 6e696620  
01-01 04:50:37.835 I/DEBUG   ( 1280):     bea99648 6e612064 65704f20 204c476e 69205345  
01-01 04:50:37.835 I/DEBUG   ( 1280):     bea99658 656c706d 746e656d 6f697461 4004006e  
01-01 04:50:37.835 I/DEBUG   ( 1280):     bea99668 bea99a94 66727553 46656361 676e696c  
01-01 04:50:37.835 I/DEBUG   ( 1280):     bea99678 73277265 69616d20 6874206e 64616572  
01-01 04:50:37.835 I/DEBUG   ( 1280):     bea99688 61657220 74207964 7572206f 49202e6e  
01-01 04:50:37.835 I/DEBUG   ( 1280):     bea99698 6974696e 7a696c61 20676e69 70617267  
01-01 04:50:37.835 I/DEBUG   ( 1280):     bea996a8 73636968 572f4820 002e2e2e 400df22c  
01-01 04:50:37.835 I/DEBUG   ( 1280): 
01-01 04:50:37.835 I/DEBUG   ( 1280): code around pc:
01-01 04:50:37.835 I/DEBUG   ( 1280):     401e000c e8bd00f0 e3700a01 912fff1e e2600000  
01-01 04:50:37.835 I/DEBUG   ( 1280):     401e001c ea00ab81 e92d50f0 e3a07f43 ef000000  
01-01 04:50:37.835 I/DEBUG   ( 1280):     401e002c e8bd50f0 e3700a01 912fff1e e2600000  
01-01 04:50:37.835 I/DEBUG   ( 1280):     401e003c ea00ab79 e92d50f0 e3a070ee ef000000  
01-01 04:50:37.835 I/DEBUG   ( 1280):     401e004c e8bd50f0 e3700a01 912fff1e e2600000  
01-01 04:50:37.835 I/DEBUG   ( 1280):     401e005c ea00ab71 f200429a bf0080cf f000f891  
01-01 04:50:37.835 I/DEBUG   ( 1280):     401e006c 4001e92d f040f891 d3532a10 0301ea80  
01-01 04:50:37.835 I/DEBUG   ( 1280):     401e007c 0303f013 806ef000 d3262ae0 0300f1c0  
01-01 04:50:37.835 I/DEBUG   ( 1280):     401e008c 030ff013 eba2d021 ea5f0203 bf447cc3  
01-01 04:50:37.835 I/DEBUG   ( 1280):     401e009c eb01f811 eb01f800 f811bf21 f811cb01  
01-01 04:50:37.835 I/DEBUG   ( 1280):     401e00ac f800eb01 f800cb01 ea5feb01 da037c43  
01-01 04:50:37.835 I/DEBUG   ( 1280):     401e00bc 080df9a1 083df980 f921d303 f900070d  
01-01 04:50:37.835 I/DEBUG   ( 1280):     401e00cc f891071d f891f000 3a40f040 f891d30f  
01-01 04:50:37.835 I/DEBUG   ( 1280):     401e00dc f891f080 f921f0c0 f921020d f891420d  
01-01 04:50:37.835 I/DEBUG   ( 1280):     401e00ec 3a40f0c0 020df900 420df900 f102d2f3  
01-01 04:50:37.835 I/DEBUG   ( 1280):     401e00fc 3a200240 f921d305 3a20020d 020df900  
01-01 04:50:37.835 I/DEBUG   ( 1280): 
01-01 04:50:37.835 I/DEBUG   ( 1280): code around lr:
01-01 04:50:37.835 I/DEBUG   ( 1280):     401c9fe8 f852f002 46206005 460cbd70 6a24480e  
01-01 04:50:37.835 I/DEBUG   ( 1280):     401c9ff8 f7f84478 f014eb6c 4621ea4a f0164632  
01-01 04:50:37.835 I/DEBUG   ( 1280):     401ca008 3001e80c 2400bf18 f002d1ea 6804f83d  
01-01 04:50:37.835 I/DEBUG   ( 1280):     401ca018 f83af002 46206005 bf00bd70 000523f4  
01-01 04:50:37.835 I/DEBUG   ( 1280):     401ca028 000523e8 000523d2 000523bc bf74f7ff  
01-01 04:50:37.835 I/DEBUG   ( 1280):     401ca038 4a3d4b3c 43f0e92d 447b460c 4607b08b  
01-01 04:50:37.835 I/DEBUG   ( 1280):     401ca048 589d2616 9309682b f81ef002 8000f8d0  
01-01 04:50:37.835 I/DEBUG   ( 1280):     401ca058 4620b13c fed6f016 4606280f 2622bf88  
01-01 04:50:37.835 I/DEBUG   ( 1280):     401ca068 f002d90c 4684f811 f8cc4630 9a098000  
01-01 04:50:37.835 I/DEBUG   ( 1280):     401ca078 42a2682c b00bd154 83f0e8bd ffd6f7ff  
01-01 04:50:37.835 I/DEBUG   ( 1280):     401ca088 d04542b8 44784829 eb1ef7f8 44784828  
01-01 04:50:37.835 I/DEBUG   ( 1280):     401ca098 4287e001 6800d008 d1fa2800 26034825  
01-01 04:50:37.835 I/DEBUG   ( 1280):     401ca0a8 f7f84478 e7dceb14 f10d4823 6a3f0904  
01-01 04:50:37.835 I/DEBUG   ( 1280):     401ca0b8 f7f84478 4a21eb0c 4648463b 447a2120  
01-01 04:50:37.835 I/DEBUG   ( 1280):     401ca0c8 fa12f01b 21014648 fb76f027 3ffff1b0  
01-01 04:50:37.835 I/DEBUG   ( 1280):     401ca0d8 d0104681 46214648 f0144632 1c43e94a  
01-01 04:50:42.968 I/Netd    ( 1966): Netd 1.0 starting
01-01 04:50:42.968 W/InterfaceController( 1966): Warning (dlopen failed: library "/system/lib/libnetcmdiface.so" not found) while opening the net interface command library
01-01 04:50:43.054 I/SurfaceFlinger( 1967): SurfaceFlinger is starting
01-01 04:50:43.062 I/SurfaceFlinger( 1967): SurfaceFlinger's main thread ready to run. Initializing graphics H/W...
01-01 04:50:43.062 F/libEGL  ( 1967): couldn't find an OpenGL ES implementation
01-01 04:50:43.062 F/libc    ( 1967): Fatal signal 6 (SIGABRT) at 0x000007af (code=-6), thread 1967 (surfaceflinger)
01-01 04:50:43.164 I/DEBUG   ( 1280): *** *** *** *** *** *** *** *** *** *** *** *** *** *** *** ***
01-01 04:50:43.164 I/DEBUG   ( 1280): Build fingerprint: 'pandaboard/pandaboard/pandaboard:4.4.2/KVT49L/130:eng/test-keys'
01-01 04:50:43.164 I/DEBUG   ( 1280): Revision: '0'
01-01 04:50:43.164 I/DEBUG   ( 1280): pid: 1967, tid: 1967, name: surfaceflinger  >>> /system/bin/surfaceflinger <<<
01-01 04:50:43.164 I/DEBUG   ( 1280): signal 6 (SIGABRT), code -6 (SI_TKILL), fault addr --------
01-01 04:50:43.203 I/ip6tables( 1966): ip6tables terminated by exit(3)
01-01 04:50:43.203 E/Netd    ( 1966): exec() res=0, status=768 for /system/bin/ip6tables -t filter -N bw_INPUT 
01-01 04:50:43.203 I/DEBUG   ( 1280):     r0 00000000  r1 000007af  r2 00000006  r3 00000000
01-01 04:50:43.203 I/DEBUG   ( 1280):     r4 000007af  r5 00000002  r6 00000006  r7 0000010c
01-01 04:50:43.203 I/DEBUG   ( 1280):     r8 00000000  r9 4003677d  sl 00000000  fp bebf2b9c
01-01 04:50:43.203 I/DEBUG   ( 1280):     ip 40f6b900  sp bebf25d8  lr 401ac00b  pc 401c202c  cpsr 000f0010
01-01 04:50:43.203 I/DEBUG   ( 1280):     d0  2f6d6574736c6166  d1  4242424242424242
01-01 04:50:43.203 I/DEBUG   ( 1280):     d2  0000000a0000000a  d3  000000000000000a
01-01 04:50:43.203 I/DEBUG   ( 1280):     d4  0000000000000000  d5  0000000000000000
01-01 04:50:43.203 I/DEBUG   ( 1280):     d6  0000000000000000  d7  002e19bb00000000
01-01 04:50:43.203 I/DEBUG   ( 1280):     d8  0000000000000000  d9  0000000000000000
01-01 04:50:43.203 I/DEBUG   ( 1280):     d10 0000000000000000  d11 0000000000000000
01-01 04:50:43.203 I/DEBUG   ( 1280):     d12 0000000000000000  d13 0000000000000000
01-01 04:50:43.203 I/DEBUG   ( 1280):     d14 0000000000000000  d15 0000000000000000
01-01 04:50:43.203 I/DEBUG   ( 1280):     d16 0000000a00000009  d17 fffff000fffff000
01-01 04:50:43.203 I/DEBUG   ( 1280):     d18 00000fff00000fff  d19 0000000000000000
01-01 04:50:43.203 I/DEBUG   ( 1280):     d20 0000000000000000  d21 0000000000000000
01-01 04:50:43.203 I/DEBUG   ( 1280):     d22 0000000000000000  d23 0000000000000000
01-01 04:50:43.203 I/DEBUG   ( 1280):     d24 0000000000000000  d25 0000000000000000
01-01 04:50:43.203 I/DEBUG   ( 1280):     d26 0000000000000000  d27 0000000000000000
01-01 04:50:43.203 I/DEBUG   ( 1280):     d28 0000000000000000  d29 0000000000000000
01-01 04:50:43.203 I/DEBUG   ( 1280):     d30 0000000000000000  d31 0000000000000000
01-01 04:50:43.203 I/DEBUG   ( 1280):     scr 00000010
01-01 04:50:43.218 I/DEBUG   ( 1280): 
01-01 04:50:43.218 I/DEBUG   ( 1280): backtrace:
01-01 04:50:43.218 I/DEBUG   ( 1280):     #00  pc 0002c02c  /system/lib/libc.so (tgkill+12)
01-01 04:50:43.218 I/DEBUG   ( 1280):     #01  pc 00016007  /system/lib/libc.so (pthread_kill+86)
01-01 04:50:43.218 I/DEBUG   ( 1280):     #02  pc 00016217  /system/lib/libc.so (raise+10)
01-01 04:50:43.218 I/DEBUG   ( 1280):     #03  pc 000149bb  /system/lib/libc.so
01-01 04:50:43.218 I/DEBUG   ( 1280):     #04  pc 0002b8e0  /system/lib/libc.so (abort+4)
01-01 04:50:43.218 I/DEBUG   ( 1280):     #05  pc 000078e1  /system/lib/libcutils.so (__android_log_assert+60)
01-01 04:50:43.218 I/DEBUG   ( 1280):     #06  pc 0003fec3  /system/lib/libEGL.so
01-01 04:50:43.218 I/DEBUG   ( 1280):     #07  pc 0000e859  /system/lib/libEGL.so
01-01 04:50:43.218 I/DEBUG   ( 1280):     #08  pc 0000f3d3  /system/lib/libEGL.so (eglGetDisplay+10)
01-01 04:50:43.218 I/DEBUG   ( 1280):     #09  pc 0001ec81  /system/lib/libsurfaceflinger.so (android::SurfaceFlinger::init()+48)
01-01 04:50:43.218 I/DEBUG   ( 1280):     #10  pc 000007e1  /system/bin/surfaceflinger
01-01 04:50:43.218 I/DEBUG   ( 1280):     #11  pc 0000e28f  /system/lib/libc.so (__libc_init+58)
01-01 04:50:43.218 I/DEBUG   ( 1280):     #12  pc 000008e0  /system/bin/surfaceflinger
01-01 04:50:43.218 I/DEBUG   ( 1280): 
01-01 04:50:43.218 I/DEBUG   ( 1280): stack:
01-01 04:50:43.218 I/DEBUG   ( 1280):          bebf2598  000003ff  
01-01 04:50:43.218 I/DEBUG   ( 1280):          bebf259c  00004000  
01-01 04:50:43.218 I/DEBUG   ( 1280):          bebf25a0  40f6b900  [heap]
01-01 04:50:43.218 I/DEBUG   ( 1280):          bebf25a4  00000000  
01-01 04:50:43.226 I/DEBUG   ( 1280):          bebf25a8  4003677d  /system/bin/surfaceflinger
01-01 04:50:43.226 I/DEBUG   ( 1280):          bebf25ac  00000000  
01-01 04:50:43.226 I/DEBUG   ( 1280):          bebf25b0  bebf2b9c  [stack]
01-01 04:50:43.226 I/DEBUG   ( 1280):          bebf25b4  401caa61  /system/lib/libc.so (vsnprintf+76)
01-01 04:50:43.226 I/DEBUG   ( 1280):          bebf25b8  00000000  
01-01 04:50:43.226 I/DEBUG   ( 1280):          bebf25bc  00000000  
01-01 04:50:43.226 I/DEBUG   ( 1280):          bebf25c0  4010006e  /system/lib/libcutils.so (fs_mkdirs+229)
01-01 04:50:43.226 I/DEBUG   ( 1280):          bebf25c4  4026183c  /system/lib/libEGL.so
01-01 04:50:43.226 I/DEBUG   ( 1280):          bebf25c8  401fe39c  
01-01 04:50:43.226 I/DEBUG   ( 1280):          bebf25cc  40101155  /system/lib/libcutils.so
01-01 04:50:43.226 I/DEBUG   ( 1280):          bebf25d0  00000000  
01-01 04:50:43.226 I/DEBUG   ( 1280):          bebf25d4  40101375  /system/lib/libcutils.so (__android_log_write+120)
01-01 04:50:43.226 I/DEBUG   ( 1280):     #00  bebf25d8  000007af  
01-01 04:50:43.226 I/DEBUG   ( 1280):          bebf25dc  00000002  
01-01 04:50:43.226 I/DEBUG   ( 1280):          bebf25e0  00000006  
01-01 04:50:43.226 I/DEBUG   ( 1280):          bebf25e4  40f6b900  [heap]
01-01 04:50:43.226 I/DEBUG   ( 1280):          bebf25e8  40f6b900  [heap]
01-01 04:50:43.226 I/DEBUG   ( 1280):          bebf25ec  401ac00b  /system/lib/libc.so (pthread_kill+90)
01-01 04:50:43.226 I/DEBUG   ( 1280):     #01  bebf25f0  00000006  
01-01 04:50:43.226 I/DEBUG   ( 1280):          bebf25f4  00000000  
01-01 04:50:43.226 I/DEBUG   ( 1280):          bebf25f8  4026183c  /system/lib/libEGL.so
01-01 04:50:43.226 I/DEBUG   ( 1280):          bebf25fc  401ac21b  /system/lib/libc.so (raise+14)
01-01 04:50:43.226 I/DEBUG   ( 1280):     #02  bebf2600  bebf2608  [stack]
01-01 04:50:43.226 I/DEBUG   ( 1280):          bebf2604  401aa9bf  /system/lib/libc.so
01-01 04:50:43.234 I/DEBUG   ( 1280): 
01-01 04:50:43.234 I/DEBUG   ( 1280): memory near r9:
01-01 04:50:43.242 I/DEBUG   ( 1280):     4003675c e28cca01 e5bcf894 e28fc600 e28cca01  
01-01 04:50:43.242 I/DEBUG   ( 1280):     4003676c e5bcf88c e28fc600 e28cca01 e5bcf884  
01-01 04:50:43.242 I/DEBUG   ( 1280):     4003677c 43f0e92d ac05b087 4620ae03 efaaf7ff  
01-01 04:50:43.242 I/DEBUG   ( 1280):     4003678c 98052104 efacf7ff f0004620 4630f8cd  
01-01 04:50:43.242 I/DEBUG   ( 1280):     4003679c efa0f7ff f7ff9803 f241efaa f7ff4008  
01-01 04:50:43.242 I/DEBUG   ( 1280):     400367ac 4605efac efaef7ff b1359500 4669682b  
01-01 04:50:43.242 I/DEBUG   ( 1280):     400367bc 0c0cf853 f7ff4428 2000efac 0207f06f  
01-01 04:50:43.242 I/DEBUG   ( 1280):     400367cc f10d4601 f7ff0810 2101efaa f7ff2000  
01-01 04:50:43.242 I/DEBUG   ( 1280):     400367dc 9800efac efaef7ff f7ff4640 9f04efb2  
01-01 04:50:43.242 I/DEBUG   ( 1280):     400367ec 49234620 4479683a 9018f8d2 efaef7ff  
01-01 04:50:43.242 I/DEBUG   ( 1280):     400367fc 2b009b00 6858d037 3304ad06 3d10f845  
01-01 04:50:43.250 I/DEBUG   ( 1280):     4003680c f8504629 44180c0c ef82f7ff 46214638  
01-01 04:50:43.250 I/DEBUG   ( 1280):     4003681c 2300462a 9f0247c8 683ab137 f8524629  
01-01 04:50:43.250 I/DEBUG   ( 1280):     4003682c 44380c0c ef50f7ff f7ff4620 9800ef96  
01-01 04:50:43.250 I/DEBUG   ( 1280):     4003683c ef98f7ff b1349c04 46416823 0c0cf853  
01-01 04:50:43.250 I/DEBUG   ( 1280):     4003684c f7ff4420 9d00ef42 6828b135 f8504669  
01-01 04:50:43.250 I/DEBUG   ( 1280): 
01-01 04:50:43.250 I/DEBUG   ( 1280): memory near fp:
01-01 04:50:43.250 I/DEBUG   ( 1280):     bebf2b7c 00000000 00000000 400368e4 40037e6c  
01-01 04:50:43.250 I/DEBUG   ( 1280):     bebf2b8c 40037e74 40037e7c bebf2ba0 00000000  
01-01 04:50:43.250 I/DEBUG   ( 1280):     bebf2b9c 400b8a37 00000001 bebf2c84 00000000  
01-01 04:50:43.250 I/DEBUG   ( 1280):     bebf2bac bebf2c9f bebf2cdc bebf2d04 bebf2d17  
01-01 04:50:43.250 I/DEBUG   ( 1280):     bebf2bbc bebf2d2c bebf2d47 bebf2d5a bebf2d73  
01-01 04:50:43.250 I/DEBUG   ( 1280):     bebf2bcc bebf2d8d bebf2da6 bebf2fa0 bebf2fc2  
01-01 04:50:43.250 I/DEBUG   ( 1280):     bebf2bdc 00000000 00000010 0000b8d7 00000006  
01-01 04:50:43.250 I/DEBUG   ( 1280):     bebf2bec 00001000 00000011 00000064 00000003  
01-01 04:50:43.250 I/DEBUG   ( 1280):     bebf2bfc 40036034 00000004 00000020 00000005  
01-01 04:50:43.250 I/DEBUG   ( 1280):     bebf2c0c 00000008 00000007 400b5000 00000008  
01-01 04:50:43.250 I/DEBUG   ( 1280):     bebf2c1c 00000000 00000009 40036880 0000000b  
01-01 04:50:43.250 I/DEBUG   ( 1280):     bebf2c2c 000003e8 0000000c 000003e8 0000000d  
01-01 04:50:43.250 I/DEBUG   ( 1280):     bebf2c3c 000003eb 0000000e 000003eb 00000017  
01-01 04:50:43.250 I/DEBUG   ( 1280):     bebf2c4c 00000000 00000019 bebf2c70 0000001f  
01-01 04:50:43.250 I/DEBUG   ( 1280):     bebf2c5c bebf2fe1 0000000f bebf2c80 00000000  
01-01 04:50:43.250 I/DEBUG   ( 1280):     bebf2c6c 00000000 6deccca6 3db16b2c 2d08beeb  
01-01 04:50:43.250 I/DEBUG   ( 1280): 
01-01 04:50:43.250 I/DEBUG   ( 1280): memory near ip:
01-01 04:50:43.250 I/DEBUG   ( 1280):     40f6b8e0 00000000 0000001b 00000001 00000001  
01-01 04:50:43.250 I/DEBUG   ( 1280):     40f6b8f0 40f6bb58 00000000 00000018 00000013  
01-01 04:50:43.257 I/ip6tables( 1966): ip6tables terminated by exit(3)
01-01 04:50:43.257 I/DEBUG   ( 1280):     40f6b900 00000000 401fe1d0 00000010 0000024b  
