01-01 04:49:40.867 I/DEBUG   ( 1280):     d18 00000fff00000fff  d19 0000000000000000
01-01 04:49:40.867 I/DEBUG   ( 1280):     d20 0000000000000000  d21 0000000000000000
01-01 04:49:40.867 I/DEBUG   ( 1280):     d22 0000000000000000  d23 0000000000000000
01-01 04:49:40.867 I/DEBUG   ( 1280):     d24 0000000000000000  d25 0000000000000000
01-01 04:49:40.867 I/DEBUG   ( 1280):     d26 0000000000000000  d27 0000000000000000
01-01 04:49:40.867 I/DEBUG   ( 1280):     d28 0000000000000000  d29 0000000000000000
01-01 04:49:40.867 I/DEBUG   ( 1280):     d30 0000000000000000  d31 0000000000000000
01-01 04:49:40.867 I/DEBUG   ( 1280):     scr 00000010
01-01 04:49:40.882 I/DEBUG   ( 1280): 
01-01 04:49:40.882 I/DEBUG   ( 1280): backtrace:
01-01 04:49:40.882 I/DEBUG   ( 1280):     #00  pc 0002c02c  /system/lib/libc.so (tgkill+12)
01-01 04:49:40.882 I/DEBUG   ( 1280):     #01  pc 00016007  /system/lib/libc.so (pthread_kill+86)
01-01 04:49:40.882 I/DEBUG   ( 1280):     #02  pc 00016217  /system/lib/libc.so (raise+10)
01-01 04:49:40.882 I/DEBUG   ( 1280):     #03  pc 000149bb  /system/lib/libc.so
01-01 04:49:40.882 I/DEBUG   ( 1280):     #04  pc 0002b8e0  /system/lib/libc.so (abort+4)
01-01 04:49:40.882 I/DEBUG   ( 1280):     #05  pc 000078e1  /system/lib/libcutils.so (__android_log_assert+60)
01-01 04:49:40.882 I/DEBUG   ( 1280):     #06  pc 0003fec3  /system/lib/libEGL.so
01-01 04:49:40.882 I/DEBUG   ( 1280):     #07  pc 0000e859  /system/lib/libEGL.so
01-01 04:49:40.882 I/DEBUG   ( 1280):     #08  pc 0000f3d3  /system/lib/libEGL.so (eglGetDisplay+10)
01-01 04:49:40.882 I/DEBUG   ( 1280):     #09  pc 0001ec81  /system/lib/libsurfaceflinger.so (android::SurfaceFlinger::init()+48)
01-01 04:49:40.882 I/DEBUG   ( 1280):     #10  pc 000007e1  /system/bin/surfaceflinger
01-01 04:49:40.882 I/DEBUG   ( 1280):     #11  pc 0000e28f  /system/lib/libc.so (__libc_init+58)
01-01 04:49:40.882 I/DEBUG   ( 1280):     #12  pc 000008e0  /system/bin/surfaceflinger
01-01 04:49:40.882 I/DEBUG   ( 1280): 
01-01 04:49:40.882 I/DEBUG   ( 1280): stack:
01-01 04:49:40.882 I/DEBUG   ( 1280):          bebf4598  000003ff  
01-01 04:49:40.882 I/DEBUG   ( 1280):          bebf459c  00004000  
01-01 04:49:40.882 I/DEBUG   ( 1280):          bebf45a0  412c1900  [heap]
01-01 04:49:40.882 I/DEBUG   ( 1280):          bebf45a4  00000000  
01-01 04:49:40.882 I/DEBUG   ( 1280):          bebf45a8  4006277d  /system/bin/surfaceflinger
01-01 04:49:40.882 I/DEBUG   ( 1280):          bebf45ac  00000000  
01-01 04:49:40.882 I/DEBUG   ( 1280):          bebf45b0  bebf4b9c  [stack]
01-01 04:49:40.882 I/DEBUG   ( 1280):          bebf45b4  4020ca61  /system/lib/libc.so (vsnprintf+76)
01-01 04:49:40.882 I/DEBUG   ( 1280):          bebf45b8  00000000  
01-01 04:49:40.882 I/DEBUG   ( 1280):          bebf45bc  00000000  
01-01 04:49:40.882 I/DEBUG   ( 1280):          bebf45c0  4006006e  
01-01 04:49:40.882 I/DEBUG   ( 1280):          bebf45c4  402a383c  /system/lib/libEGL.so
01-01 04:49:40.882 I/DEBUG   ( 1280):          bebf45c8  4024039c  
01-01 04:49:40.882 I/DEBUG   ( 1280):          bebf45cc  4006e155  /system/lib/libcutils.so
01-01 04:49:40.882 I/DEBUG   ( 1280):          bebf45d0  00000000  
01-01 04:49:40.882 I/DEBUG   ( 1280):          bebf45d4  4006e375  /system/lib/libcutils.so (__android_log_write+120)
01-01 04:49:40.882 I/DEBUG   ( 1280):     #00  bebf45d8  00000628  
01-01 04:49:40.882 I/DEBUG   ( 1280):          bebf45dc  00000002  
01-01 04:49:40.882 I/DEBUG   ( 1280):          bebf45e0  00000006  
01-01 04:49:40.882 I/DEBUG   ( 1280):          bebf45e4  412c1900  [heap]
01-01 04:49:40.882 I/DEBUG   ( 1280):          bebf45e8  412c1900  [heap]
01-01 04:49:40.882 I/DEBUG   ( 1280):          bebf45ec  401ee00b  /system/lib/libc.so (pthread_kill+90)
01-01 04:49:40.882 I/DEBUG   ( 1280):     #01  bebf45f0  00000006  
01-01 04:49:40.882 I/DEBUG   ( 1280):          bebf45f4  00000000  
01-01 04:49:40.882 I/DEBUG   ( 1280):          bebf45f8  402a383c  /system/lib/libEGL.so
01-01 04:49:40.882 I/DEBUG   ( 1280):          bebf45fc  401ee21b  /system/lib/libc.so (raise+14)
01-01 04:49:40.882 I/DEBUG   ( 1280):     #02  bebf4600  bebf4608  [stack]
01-01 04:49:40.882 I/DEBUG   ( 1280):          bebf4604  401ec9bf  /system/lib/libc.so
01-01 04:49:40.882 I/DEBUG   ( 1280): 
01-01 04:49:40.882 I/DEBUG   ( 1280): memory near r9:
01-01 04:49:40.882 I/DEBUG   ( 1280):     4006275c e28cca01 e5bcf894 e28fc600 e28cca01  
01-01 04:49:40.882 I/DEBUG   ( 1280):     4006276c e5bcf88c e28fc600 e28cca01 e5bcf884  
01-01 04:49:40.882 I/DEBUG   ( 1280):     4006277c 43f0e92d ac05b087 4620ae03 efaaf7ff  
01-01 04:49:40.882 I/DEBUG   ( 1280):     4006278c 98052104 efacf7ff f0004620 4630f8cd  
01-01 04:49:40.882 I/DEBUG   ( 1280):     4006279c efa0f7ff f7ff9803 f241efaa f7ff4008  
01-01 04:49:40.882 I/DEBUG   ( 1280):     400627ac 4605efac efaef7ff b1359500 4669682b  
01-01 04:49:40.882 I/DEBUG   ( 1280):     400627bc 0c0cf853 f7ff4428 2000efac 0207f06f  
01-01 04:49:40.882 I/DEBUG   ( 1280):     400627cc f10d4601 f7ff0810 2101efaa f7ff2000  
01-01 04:49:40.882 I/DEBUG   ( 1280):     400627dc 9800efac efaef7ff f7ff4640 9f04efb2  
01-01 04:49:40.882 I/DEBUG   ( 1280):     400627ec 49234620 4479683a 9018f8d2 efaef7ff  
01-01 04:49:40.882 I/DEBUG   ( 1280):     400627fc 2b009b00 6858d037 3304ad06 3d10f845  
01-01 04:49:40.882 I/DEBUG   ( 1280):     4006280c f8504629 44180c0c ef82f7ff 46214638  
01-01 04:49:40.882 I/DEBUG   ( 1280):     4006281c 2300462a 9f0247c8 683ab137 f8524629  
01-01 04:49:40.882 I/DEBUG   ( 1280):     4006282c 44380c0c ef50f7ff f7ff4620 9800ef96  
01-01 04:49:40.882 I/DEBUG   ( 1280):     4006283c ef98f7ff b1349c04 46416823 0c0cf853  
01-01 04:49:40.882 I/DEBUG   ( 1280):     4006284c f7ff4420 9d00ef42 6828b135 f8504669  
01-01 04:49:40.882 I/DEBUG   ( 1280): 
01-01 04:49:40.882 I/DEBUG   ( 1280): memory near fp:
01-01 04:49:40.882 I/DEBUG   ( 1280):     bebf4b7c 00000000 00000000 400628e4 40063e6c  
01-01 04:49:40.882 I/DEBUG   ( 1280):     bebf4b8c 40063e74 40063e7c bebf4ba0 00000000  
01-01 04:49:40.882 I/DEBUG   ( 1280):     bebf4b9c 40130a37 00000001 bebf4c84 00000000  
01-01 04:49:40.882 I/DEBUG   ( 1280):     bebf4bac bebf4c9f bebf4cdc bebf4d04 bebf4d17  
01-01 04:49:40.882 I/DEBUG   ( 1280):     bebf4bbc bebf4d2c bebf4d47 bebf4d5a bebf4d73  
01-01 04:49:40.882 I/DEBUG   ( 1280):     bebf4bcc bebf4d8d bebf4da6 bebf4fa0 bebf4fc2  
01-01 04:49:40.882 I/DEBUG   ( 1280):     bebf4bdc 00000000 00000010 0000b8d7 00000006  
01-01 04:49:40.882 I/DEBUG   ( 1280):     bebf4bec 00001000 00000011 00000064 00000003  
01-01 04:49:40.882 I/DEBUG   ( 1280):     bebf4bfc 40062034 00000004 00000020 00000005  
01-01 04:49:40.882 I/DEBUG   ( 1280):     bebf4c0c 00000008 00000007 4012d000 00000008  
01-01 04:49:40.882 I/DEBUG   ( 1280):     bebf4c1c 00000000 00000009 40062880 0000000b  
01-01 04:49:40.882 I/DEBUG   ( 1280):     bebf4c2c 000003e8 0000000c 000003e8 0000000d  
01-01 04:49:40.882 I/DEBUG   ( 1280):     bebf4c3c 000003eb 0000000e 000003eb 00000017  
01-01 04:49:40.882 I/DEBUG   ( 1280):     bebf4c4c 00000000 00000019 bebf4c70 0000001f  
01-01 04:49:40.882 I/DEBUG   ( 1280):     bebf4c5c bebf4fe1 0000000f bebf4c80 00000000  
01-01 04:49:40.898 I/DEBUG   ( 1280):     bebf4c6c 00000000 b4a3744c da891a7a abfb2c76  
01-01 04:49:40.898 I/DEBUG   ( 1280): 
01-01 04:49:40.898 I/DEBUG   ( 1280): memory near ip:
01-01 04:49:40.898 I/DEBUG   ( 1280):     412c18e0 00000000 0000001b 00000001 00000002  
01-01 04:49:40.898 I/DEBUG   ( 1280):     412c18f0 412c1ef0 00000000 00000018 00000013  
01-01 04:49:40.898 I/DEBUG   ( 1280):     412c1900 00000000 402401d0 00000010 0000024b  
01-01 04:49:40.898 I/DEBUG   ( 1280):     412c1910 412c0208 412c1f18 00000001 406bf000  
01-01 04:49:40.898 I/DEBUG   ( 1280):     412c1920 000fe000 00001000 00000000 00000000  
01-01 04:49:40.898 I/DEBUG   ( 1280):     412c1930 00000630 00000001 00000000 00000000  
01-01 04:49:40.898 I/DEBUG   ( 1280):     412c1940 00000000 00000000 407bcdd0 40000000  
01-01 04:49:40.898 I/DEBUG   ( 1280):     412c1950 00000000 00000000 00000000 00000000  
01-01 04:49:40.898 I/DEBUG   ( 1280):     412c1960 00000000 00000000 00000000 00000000  
01-01 04:49:40.898 I/DEBUG   ( 1280):     412c1970 00000000 00000000 00000000 00000000  
01-01 04:49:40.898 I/DEBUG   ( 1280):     412c1980 00000000 00000000 00000000 00000000  
01-01 04:49:40.898 I/DEBUG   ( 1280):     412c1990 00000000 00000000 00000000 00000000  
01-01 04:49:40.898 I/DEBUG   ( 1280):     412c19a0 00000000 00000000 00000000 00000000  
01-01 04:49:40.898 I/DEBUG   ( 1280):     412c19b0 00000000 00000000 00000000 00000000  
01-01 04:49:40.898 I/DEBUG   ( 1280):     412c19c0 00000000 00000000 00000000 00000000  
01-01 04:49:40.898 I/DEBUG   ( 1280):     412c19d0 00000000 00000000 00000000 00000000  
01-01 04:49:40.898 I/DEBUG   ( 1280): 
01-01 04:49:40.898 I/DEBUG   ( 1280): memory near sp:
01-01 04:49:40.898 I/DEBUG   ( 1280):     bebf45b8 00000000 00000000 4006006e 402a383c  
01-01 04:49:40.898 I/DEBUG   ( 1280):     bebf45c8 4024039c 4006e155 00000000 4006e375  
01-01 04:49:40.898 I/DEBUG   ( 1280):     bebf45d8 00000628 00000002 00000006 412c1900  
01-01 04:49:40.898 I/DEBUG   ( 1280):     bebf45e8 412c1900 401ee00b 00000006 00000000  
01-01 04:49:40.898 I/DEBUG   ( 1280):     bebf45f8 402a383c 401ee21b bebf4608 401ec9bf  
01-01 04:49:40.898 I/DEBUG   ( 1280):     bebf4608 ffffffdf 00000004 bebf460c 00000001  
01-01 04:49:40.898 I/DEBUG   ( 1280):     bebf4618 401ce384 b4a3744c bebf466c bebf463c  
01-01 04:49:40.898 I/DEBUG   ( 1280):     bebf4628 bebf4a5c 402038e4 4006006e 4006e8e5  
01-01 04:49:40.898 I/DEBUG   ( 1280):     bebf4638 bebf4a5c 6c756f63 74276e64 6e696620  
01-01 04:49:40.898 I/DEBUG   ( 1280):     bebf4648 6e612064 65704f20 204c476e 69205345  
01-01 04:49:40.898 I/DEBUG   ( 1280):     bebf4658 656c706d 746e656d 6f697461 4006006e  
01-01 04:49:40.898 I/DEBUG   ( 1280):     bebf4668 bebf4a94 66727553 46656361 676e696c  
01-01 04:49:40.898 I/DEBUG   ( 1280):     bebf4678 73277265 69616d20 6874206e 64616572  
01-01 04:49:40.898 I/DEBUG   ( 1280):     bebf4688 61657220 74207964 7572206f 49202e6e  
01-01 04:49:40.898 I/DEBUG   ( 1280):     bebf4698 6974696e 7a696c61 20676e69 70617267  
01-01 04:49:40.898 I/DEBUG   ( 1280):     bebf46a8 73636968 572f4820 002e2e2e 4010722c  
01-01 04:49:40.898 I/DEBUG   ( 1280): 
01-01 04:49:40.898 I/DEBUG   ( 1280): code around pc:
01-01 04:49:40.898 I/DEBUG   ( 1280):     4020400c e8bd00f0 e3700a01 912fff1e e2600000  
01-01 04:49:40.898 I/DEBUG   ( 1280):     4020401c ea00ab81 e92d50f0 e3a07f43 ef000000  
01-01 04:49:40.898 I/DEBUG   ( 1280):     4020402c e8bd50f0 e3700a01 912fff1e e2600000  
01-01 04:49:40.898 I/DEBUG   ( 1280):     4020403c ea00ab79 e92d50f0 e3a070ee ef000000  
01-01 04:49:40.898 I/DEBUG   ( 1280):     4020404c e8bd50f0 e3700a01 912fff1e e2600000  
01-01 04:49:40.898 I/DEBUG   ( 1280):     4020405c ea00ab71 f200429a bf0080cf f000f891  
01-01 04:49:40.898 I/DEBUG   ( 1280):     4020406c 4001e92d f040f891 d3532a10 0301ea80  
01-01 04:49:40.898 I/DEBUG   ( 1280):     4020407c 0303f013 806ef000 d3262ae0 0300f1c0  
01-01 04:49:40.898 I/DEBUG   ( 1280):     4020408c 030ff013 eba2d021 ea5f0203 bf447cc3  
01-01 04:49:40.898 I/DEBUG   ( 1280):     4020409c eb01f811 eb01f800 f811bf21 f811cb01  
01-01 04:49:40.898 I/DEBUG   ( 1280):     402040ac f800eb01 f800cb01 ea5feb01 da037c43  
01-01 04:49:40.898 I/DEBUG   ( 1280):     402040bc 080df9a1 083df980 f921d303 f900070d  
01-01 04:49:40.898 I/DEBUG   ( 1280):     402040cc f891071d f891f000 3a40f040 f891d30f  
01-01 04:49:40.898 I/DEBUG   ( 1280):     402040dc f891f080 f921f0c0 f921020d f891420d  
01-01 04:49:40.898 I/DEBUG   ( 1280):     402040ec 3a40f0c0 020df900 420df900 f102d2f3  
01-01 04:49:40.898 I/DEBUG   ( 1280):     402040fc 3a200240 f921d305 3a20020d 020df900  
01-01 04:49:40.898 I/DEBUG   ( 1280): 
01-01 04:49:40.898 I/DEBUG   ( 1280): code around lr:
01-01 04:49:40.898 I/DEBUG   ( 1280):     401edfe8 f852f002 46206005 460cbd70 6a24480e  
01-01 04:49:40.898 I/DEBUG   ( 1280):     401edff8 f7f84478 f014eb6c 4621ea4a f0164632  
01-01 04:49:40.898 I/DEBUG   ( 1280):     401ee008 3001e80c 2400bf18 f002d1ea 6804f83d  
01-01 04:49:40.898 I/DEBUG   ( 1280):     401ee018 f83af002 46206005 bf00bd70 000523f4  
01-01 04:49:40.898 I/DEBUG   ( 1280):     401ee028 000523e8 000523d2 000523bc bf74f7ff  
01-01 04:49:40.898 I/DEBUG   ( 1280):     401ee038 4a3d4b3c 43f0e92d 447b460c 4607b08b  
01-01 04:49:40.898 I/DEBUG   ( 1280):     401ee048 589d2616 9309682b f81ef002 8000f8d0  
01-01 04:49:40.898 I/DEBUG   ( 1280):     401ee058 4620b13c fed6f016 4606280f 2622bf88  
01-01 04:49:40.898 I/DEBUG   ( 1280):     401ee068 f002d90c 4684f811 f8cc4630 9a098000  
01-01 04:49:40.898 I/DEBUG   ( 1280):     401ee078 42a2682c b00bd154 83f0e8bd ffd6f7ff  
01-01 04:49:40.898 I/DEBUG   ( 1280):     401ee088 d04542b8 44784829 eb1ef7f8 44784828  
01-01 04:49:40.898 I/DEBUG   ( 1280):     401ee098 4287e001 6800d008 d1fa2800 26034825  
01-01 04:49:40.898 I/DEBUG   ( 1280):     401ee0a8 f7f84478 e7dceb14 f10d4823 6a3f0904  
01-01 04:49:40.898 I/DEBUG   ( 1280):     401ee0b8 f7f84478 4a21eb0c 4648463b 447a2120  
01-01 04:49:40.898 I/DEBUG   ( 1280):     401ee0c8 fa12f01b 21014648 fb76f027 3ffff1b0  
01-01 04:49:40.898 I/DEBUG   ( 1280):     401ee0d8 d0104681 46214648 f0144632 1c43e94a  
01-01 04:49:40.914 I/ip6tables( 1575): ip6tables terminated by exit(3)
01-01 04:49:40.914 E/Netd    ( 1575): exec() res=0, status=768 for /system/bin/ip6tables -t filter -A INPUT -j bw_INPUT 
01-01 04:49:46.109 I/Netd    ( 1606): Netd 1.0 starting
01-01 04:49:46.124 W/InterfaceController( 1606): Warning (dlopen failed: library "/system/lib/libnetcmdiface.so" not found) while opening the net interface command library
01-01 04:49:46.250 I/SurfaceFlinger( 1607): SurfaceFlinger is starting
01-01 04:49:46.296 I/SurfaceFlinger( 1607): SurfaceFlinger's main thread ready to run. Initializing graphics H/W...
01-01 04:49:46.296 F/libEGL  ( 1607): couldn't find an OpenGL ES implementation
01-01 04:49:46.296 F/libc    ( 1607): Fatal signal 6 (SIGABRT) at 0x00000647 (code=-6), thread 1607 (surfaceflinger)
01-01 04:49:46.398 I/DEBUG   ( 1280): *** *** *** *** *** *** *** *** *** *** *** *** *** *** *** ***
01-01 04:49:46.398 I/DEBUG   ( 1280): Build fingerprint: 'pandaboard/pandaboard/pandaboard:4.4.2/KVT49L/130:eng/test-keys'
01-01 04:49:46.398 I/DEBUG   ( 1280): Revision: '0'
01-01 04:49:46.398 I/DEBUG   ( 1280): pid: 1607, tid: 1607, name: surfaceflinger  >>> /system/bin/surfaceflinger <<<
01-01 04:49:46.398 I/DEBUG   ( 1280): signal 6 (SIGABRT), code -6 (SI_TKILL), fault addr --------
01-01 04:49:46.414 I/DEBUG   ( 1280):     r0 00000000  r1 00000647  r2 00000006  r3 00000000
01-01 04:49:46.414 I/DEBUG   ( 1280):     r4 00000647  r5 00000002  r6 00000006  r7 0000010c
01-01 04:49:46.414 I/DEBUG   ( 1280):     r8 00000000  r9 4001a77d  sl 00000000  fp bea00b9c
01-01 04:49:46.414 I/DEBUG   ( 1280):     ip 40646f18  sp bea005d8  lr 4018f00b  pc 401a502c  cpsr 000f0010
01-01 04:49:46.414 I/DEBUG   ( 1280):     d0  2f6d6574736c6166  d1  4242424242424242
01-01 04:49:46.414 I/DEBUG   ( 1280):     d2  0000000a0000000a  d3  000000000000000a
01-01 04:49:46.414 I/DEBUG   ( 1280):     d4  0000000000000000  d5  0000000000000000
01-01 04:49:46.414 I/DEBUG   ( 1280):     d6  0000000000000000  d7  0cf1a54f00000000
01-01 04:49:46.414 I/DEBUG   ( 1280):     d8  0000000000000000  d9  0000000000000000
01-01 04:49:46.414 I/DEBUG   ( 1280):     d10 0000000000000000  d11 0000000000000000
01-01 04:49:46.414 I/DEBUG   ( 1280):     d12 0000000000000000  d13 0000000000000000
01-01 04:49:46.414 I/DEBUG   ( 1280):     d14 0000000000000000  d15 0000000000000000
01-01 04:49:46.414 I/DEBUG   ( 1280):     d16 0000000a00000009  d17 fffff000fffff000
01-01 04:49:46.414 I/DEBUG   ( 1280):     d18 00000fff00000fff  d19 0000000000000000
01-01 04:49:46.414 I/DEBUG   ( 1280):     d20 0000000000000000  d21 0000000000000000
01-01 04:49:46.414 I/DEBUG   ( 1280):     d22 0000000000000000  d23 0000000000000000
01-01 04:49:46.414 I/DEBUG   ( 1280):     d24 0000000000000000  d25 0000000000000000
01-01 04:49:46.414 I/DEBUG   ( 1280):     d26 0000000000000000  d27 0000000000000000
01-01 04:49:46.414 I/DEBUG   ( 1280):     d28 0000000000000000  d29 0000000000000000
01-01 04:49:46.414 I/DEBUG   ( 1280):     d30 0000000000000000  d31 0000000000000000
01-01 04:49:46.414 I/DEBUG   ( 1280):     scr 00000010
01-01 04:49:46.421 I/DEBUG   ( 1280): 
01-01 04:49:46.421 I/DEBUG   ( 1280): backtrace:
01-01 04:49:46.421 I/DEBUG   ( 1280):     #00  pc 0002c02c  /system/lib/libc.so (tgkill+12)
01-01 04:49:46.421 I/DEBUG   ( 1280):     #01  pc 00016007  /system/lib/libc.so (pthread_kill+86)
01-01 04:49:46.421 I/DEBUG   ( 1280):     #02  pc 00016217  /system/lib/libc.so (raise+10)
01-01 04:49:46.421 I/DEBUG   ( 1280):     #03  pc 000149bb  /system/lib/libc.so
01-01 04:49:46.421 I/DEBUG   ( 1280):     #04  pc 0002b8e0  /system/lib/libc.so (abort+4)
01-01 04:49:46.421 I/DEBUG   ( 1280):     #05  pc 000078e1  /system/lib/libcutils.so (__android_log_assert+60)
01-01 04:49:46.421 I/DEBUG   ( 1280):     #06  pc 0003fec3  /system/lib/libEGL.so
01-01 04:49:46.421 I/DEBUG   ( 1280):     #07  pc 0000e859  /system/lib/libEGL.so
01-01 04:49:46.421 I/DEBUG   ( 1280):     #08  pc 0000f3d3  /system/lib/libEGL.so (eglGetDisplay+10)
01-01 04:49:46.421 I/DEBUG   ( 1280):     #09  pc 0001ec81  /system/lib/libsurfaceflinger.so (android::SurfaceFlinger::init()+48)
01-01 04:49:46.421 I/DEBUG   ( 1280):     #10  pc 000007e1  /system/bin/surfaceflinger
01-01 04:49:46.421 I/DEBUG   ( 1280):     #11  pc 0000e28f  /system/lib/libc.so (__libc_init+58)
01-01 04:49:46.421 I/DEBUG   ( 1280):     #12  pc 000008e0  /system/bin/surfaceflinger
01-01 04:49:46.421 I/DEBUG   ( 1280): 
01-01 04:49:46.421 I/DEBUG   ( 1280): stack:
01-01 04:49:46.421 I/DEBUG   ( 1280):          bea00598  000003ff  
01-01 04:49:46.421 I/DEBUG   ( 1280):          bea0059c  00004000  
01-01 04:49:46.421 I/DEBUG   ( 1280):          bea005a0  40646f18  [heap]
01-01 04:49:46.421 I/DEBUG   ( 1280):          bea005a4  00000000  
01-01 04:49:46.421 I/DEBUG   ( 1280):          bea005a8  4001a77d  /system/bin/surfaceflinger
01-01 04:49:46.421 I/DEBUG   ( 1280):          bea005ac  00000000  
01-01 04:49:46.421 I/DEBUG   ( 1280):          bea005b0  bea00b9c  [stack]
01-01 04:49:46.421 I/DEBUG   ( 1280):          bea005b4  401ada61  /system/lib/libc.so (vsnprintf+76)
01-01 04:49:46.421 I/DEBUG   ( 1280):          bea005b8  00000000  
01-01 04:49:46.421 I/DEBUG   ( 1280):          bea005bc  00000000  
01-01 04:49:46.421 I/DEBUG   ( 1280):          bea005c0  400e006e  /system/lib/libcutils.so
01-01 04:49:46.421 I/DEBUG   ( 1280):          bea005c4  402ab83c  /system/lib/libEGL.so
01-01 04:49:46.421 I/DEBUG   ( 1280):          bea005c8  401e139c  
01-01 04:49:46.421 I/DEBUG   ( 1280):          bea005cc  400e6155  /system/lib/libcutils.so
01-01 04:49:46.421 I/DEBUG   ( 1280):          bea005d0  00000000  
01-01 04:49:46.421 I/DEBUG   ( 1280):          bea005d4  400e6375  /system/lib/libcutils.so (__android_log_write+120)
01-01 04:49:46.421 I/DEBUG   ( 1280):     #00  bea005d8  00000647  
01-01 04:49:46.421 I/DEBUG   ( 1280):          bea005dc  00000002  
01-01 04:49:46.421 I/DEBUG   ( 1280):          bea005e0  00000006  
01-01 04:49:46.421 I/DEBUG   ( 1280):          bea005e4  40646f18  [heap]
01-01 04:49:46.421 I/DEBUG   ( 1280):          bea005e8  40646f18  [heap]
01-01 04:49:46.421 I/DEBUG   ( 1280):          bea005ec  4018f00b  /system/lib/libc.so (pthread_kill+90)
01-01 04:49:46.421 I/DEBUG   ( 1280):     #01  bea005f0  00000006  
01-01 04:49:46.421 I/DEBUG   ( 1280):          bea005f4  00000000  
01-01 04:49:46.421 I/DEBUG   ( 1280):          bea005f8  402ab83c  /system/lib/libEGL.so
01-01 04:49:46.421 I/DEBUG   ( 1280):          bea005fc  4018f21b  /system/lib/libc.so (raise+14)
01-01 04:49:46.421 I/DEBUG   ( 1280):     #02  bea00600  bea00608  [stack]
01-01 04:49:46.421 I/DEBUG   ( 1280):          bea00604  4018d9bf  /system/lib/libc.so
01-01 04:49:46.421 I/ip6tables( 1606): ip6tables terminated by exit(3)
01-01 04:49:46.421 E/Netd    ( 1606): exec() res=0, status=768 for /system/bin/ip6tables -t filter -N bw_INPUT 
01-01 04:49:46.429 I/DEBUG   ( 1280): 
01-01 04:49:46.429 I/DEBUG   ( 1280): memory near r9:
01-01 04:49:46.429 I/DEBUG   ( 1280):     4001a75c e28cca01 e5bcf894 e28fc600 e28cca01  
01-01 04:49:46.429 I/DEBUG   ( 1280):     4001a76c e5bcf88c e28fc600 e28cca01 e5bcf884  
01-01 04:49:46.429 I/DEBUG   ( 1280):     4001a77c 43f0e92d ac05b087 4620ae03 efaaf7ff  
01-01 04:49:46.429 I/DEBUG   ( 1280):     4001a78c 98052104 efacf7ff f0004620 4630f8cd  
01-01 04:49:46.429 I/DEBUG   ( 1280):     4001a79c efa0f7ff f7ff9803 f241efaa f7ff4008  
01-01 04:49:46.429 I/DEBUG   ( 1280):     4001a7ac 4605efac efaef7ff b1359500 4669682b  
01-01 04:49:46.429 I/DEBUG   ( 1280):     4001a7bc 0c0cf853 f7ff4428 2000efac 0207f06f  
01-01 04:49:46.429 I/DEBUG   ( 1280):     4001a7cc f10d4601 f7ff0810 2101efaa f7ff2000  
01-01 04:49:46.429 I/DEBUG   ( 1280):     4001a7dc 9800efac efaef7ff f7ff4640 9f04efb2  
01-01 04:49:46.429 I/DEBUG   ( 1280):     4001a7ec 49234620 4479683a 9018f8d2 efaef7ff  
01-01 04:49:46.429 I/DEBUG   ( 1280):     4001a7fc 2b009b00 6858d037 3304ad06 3d10f845  
01-01 04:49:46.429 I/DEBUG   ( 1280):     4001a80c f8504629 44180c0c ef82f7ff 46214638  
01-01 04:49:46.429 I/DEBUG   ( 1280):     4001a81c 2300462a 9f0247c8 683ab137 f8524629  
01-01 04:49:46.429 I/DEBUG   ( 1280):     4001a82c 44380c0c ef50f7ff f7ff4620 9800ef96  
01-01 04:49:46.429 I/DEBUG   ( 1280):     4001a83c ef98f7ff b1349c04 46416823 0c0cf853  
01-01 04:49:46.429 I/DEBUG   ( 1280):     4001a84c f7ff4420 9d00ef42 6828b135 f8504669  
01-01 04:49:46.429 I/DEBUG   ( 1280): 
01-01 04:49:46.429 I/DEBUG   ( 1280): memory near fp:
01-01 04:49:46.429 I/DEBUG   ( 1280):     bea00b7c 00000000 00000000 4001a8e4 4001be6c  
01-01 04:49:46.429 I/DEBUG   ( 1280):     bea00b8c 4001be74 4001be7c bea00ba0 00000000  
01-01 04:49:46.429 I/DEBUG   ( 1280):     bea00b9c 400cba37 00000001 bea00c84 00000000  
01-01 04:49:46.429 I/DEBUG   ( 1280):     bea00bac bea00c9f bea00cdc bea00d04 bea00d17  
01-01 04:49:46.429 I/DEBUG   ( 1280):     bea00bbc bea00d2c bea00d47 bea00d5a bea00d73  
01-01 04:49:46.429 I/DEBUG   ( 1280):     bea00bcc bea00d8d bea00da6 bea00fa0 bea00fc2  
01-01 04:49:46.429 I/DEBUG   ( 1280):     bea00bdc 00000000 00000010 0000b8d7 00000006  
01-01 04:49:46.429 I/DEBUG   ( 1280):     bea00bec 00001000 00000011 00000064 00000003  
01-01 04:49:46.429 I/DEBUG   ( 1280):     bea00bfc 4001a034 00000004 00000020 00000005  
01-01 04:49:46.429 I/DEBUG   ( 1280):     bea00c0c 00000008 00000007 400c8000 00000008  
01-01 04:49:46.429 I/DEBUG   ( 1280):     bea00c1c 00000000 00000009 4001a880 0000000b  
01-01 04:49:46.429 I/DEBUG   ( 1280):     bea00c2c 000003e8 0000000c 000003e8 0000000d  
01-01 04:49:46.429 I/DEBUG   ( 1280):     bea00c3c 000003eb 0000000e 000003eb 00000017  
01-01 04:49:46.429 I/DEBUG   ( 1280):     bea00c4c 00000000 00000019 bea00c70 0000001f  
01-01 04:49:46.429 I/DEBUG   ( 1280):     bea00c5c bea00fe1 0000000f bea00c80 00000000  
01-01 04:49:46.429 I/DEBUG   ( 1280):     bea00c6c 00000000 744f8378 7530c3b2 a4c6fb6a  
01-01 04:49:46.429 I/DEBUG   ( 1280): 
01-01 04:49:46.429 I/DEBUG   ( 1280): memory near ip:
01-01 04:49:46.429 I/DEBUG   ( 1280):     40646ef8 00000000 0000001b 00000001 00000002  
01-01 04:49:46.429 I/DEBUG   ( 1280):     40646f08 40646ef0 00000000 00000000 00000013  
01-01 04:49:46.429 I/DEBUG   ( 1280):     40646f18 00000000 401e11e8 00000000 00000019  
01-01 04:49:46.429 I/DEBUG   ( 1280):     40646f28 00000018 00000012 646e6942 325f7265  
01-01 04:49:46.429 I/DEBUG   ( 1280):     40646f38 00000018 0000024a 40646910 00000000  
01-01 04:49:46.429 I/DEBUG   ( 1280):     40646f48 00000001 40755000 000fe000 00001000  
01-01 04:49:46.429 I/DEBUG   ( 1280):     40646f58 00000000 00000000 00000652 00000001  
01-01 04:49:46.429 I/DEBUG   ( 1280):     40646f68 00000000 00000000 00000000 00000000  
01-01 04:49:46.429 I/DEBUG   ( 1280):     40646f78 40852dd0 4009c000 00000000 00000000  
01-01 04:49:46.429 I/DEBUG   ( 1280):     40646f88 00000000 00000000 00000000 00000000  
01-01 04:49:46.429 I/DEBUG   ( 1280):     40646f98 00000000 00000000 00000000 00000000  
01-01 04:49:46.429 I/DEBUG   ( 1280):     40646fa8 00000000 00000000 00000000 00000000  
01-01 04:49:46.429 I/DEBUG   ( 1280):     40646fb8 00000000 00000000 00000000 00000000  
01-01 04:49:46.429 I/DEBUG   ( 1280):     40646fc8 00000000 00000000 00000000 00000000  
01-01 04:49:46.429 I/DEBUG   ( 1280):     40646fd8 00000000 00000000 00000000 00000000  
01-01 04:49:46.429 I/DEBUG   ( 1280):     40646fe8 00000000 00000000 00000000 00000000  
01-01 04:49:46.429 I/DEBUG   ( 1280): 
01-01 04:49:46.429 I/DEBUG   ( 1280): memory near sp:
01-01 04:49:46.429 I/DEBUG   ( 1280):     bea005b8 00000000 00000000 400e006e 402ab83c  
01-01 04:49:46.429 I/DEBUG   ( 1280):     bea005c8 401e139c 400e6155 00000000 400e6375  
01-01 04:49:46.429 I/DEBUG   ( 1280):     bea005d8 00000647 00000002 00000006 40646f18  
01-01 04:49:46.429 I/DEBUG   ( 1280):     bea005e8 40646f18 4018f00b 00000006 00000000  
01-01 04:49:46.429 I/DEBUG   ( 1280):     bea005f8 402ab83c 4018f21b bea00608 4018d9bf  
01-01 04:49:46.429 I/DEBUG   ( 1280):     bea00608 ffffffdf 00000004 bea0060c 00000001  
01-01 04:49:46.429 I/DEBUG   ( 1280):     bea00618 4022f384 744f8378 bea0066c bea0063c  
01-01 04:49:46.429 I/DEBUG   ( 1280):     bea00628 bea00a5c 401a48e4 400e006e 400e68e5  
01-01 04:49:46.429 I/DEBUG   ( 1280):     bea00638 bea00a5c 6c756f63 74276e64 6e696620  
01-01 04:49:46.429 I/DEBUG   ( 1280):     bea00648 6e612064 65704f20 204c476e 69205345  
01-01 04:49:46.429 I/DEBUG   ( 1280):     bea00658 656c706d 746e656d 6f697461 400e006e  
01-01 04:49:46.429 I/DEBUG   ( 1280):     bea00668 bea00a94 66727553 46656361 676e696c  
01-01 04:49:46.429 I/DEBUG   ( 1280):     bea00678 73277265 69616d20 6874206e 64616572  
01-01 04:49:46.429 I/DEBUG   ( 1280):     bea00688 61657220 74207964 7572206f 49202e6e  
01-01 04:49:46.429 I/DEBUG   ( 1280):     bea00698 6974696e 7a696c61 20676e69 70617267  
01-01 04:49:46.429 I/DEBUG   ( 1280):     bea006a8 73636968 572f4820 002e2e2e 4017822c  
01-01 04:49:46.429 I/DEBUG   ( 1280): 
01-01 04:49:46.429 I/DEBUG   ( 1280): code around pc:
01-01 04:49:46.437 I/ip6tables( 1606): ip6tables terminated by exit(3)
01-01 04:49:46.437 E/Netd    ( 1606): exec() res=0, status=768 for /system/bin/ip6tables -t filter -A INPUT -j bw_INPUT 
01-01 04:49:46.445 I/DEBUG   ( 1280):     401a500c e8bd00f0 e3700a01 912fff1e e2600000  
01-01 04:49:46.445 I/DEBUG   ( 1280):     401a501c ea00ab81 e92d50f0 e3a07f43 ef000000  
01-01 04:49:46.445 I/DEBUG   ( 1280):     401a502c e8bd50f0 e3700a01 912fff1e e2600000  
01-01 04:49:46.445 I/DEBUG   ( 1280):     401a503c ea00ab79 e92d50f0 e3a070ee ef000000  
01-01 04:49:46.445 I/DEBUG   ( 1280):     401a504c e8bd50f0 e3700a01 912fff1e e2600000  
01-01 04:49:46.445 I/DEBUG   ( 1280):     401a505c ea00ab71 f200429a bf0080cf f000f891  
01-01 04:49:46.445 I/DEBUG   ( 1280):     401a506c 4001e92d f040f891 d3532a10 0301ea80  
01-01 04:49:46.445 I/DEBUG   ( 1280):     401a507c 0303f013 806ef000 d3262ae0 0300f1c0  
01-01 04:49:46.445 I/DEBUG   ( 1280):     401a508c 030ff013 eba2d021 ea5f0203 bf447cc3  
01-01 04:49:46.445 I/DEBUG   ( 1280):     401a509c eb01f811 eb01f800 f811bf21 f811cb01  
01-01 04:49:46.445 I/DEBUG   ( 1280):     401a50ac f800eb01 f800cb01 ea5feb01 da037c43  
01-01 04:49:46.445 I/DEBUG   ( 1280):     401a50bc 080df9a1 083df980 f921d303 f900070d  
01-01 04:49:46.445 I/DEBUG   ( 1280):     401a50cc f891071d f891f000 3a40f040 f891d30f  
01-01 04:49:46.445 I/DEBUG   ( 1280):     401a50dc f891f080 f921f0c0 f921020d f891420d  
01-01 04:49:46.445 I/DEBUG   ( 1280):     401a50ec 3a40f0c0 020df900 420df900 f102d2f3  
01-01 04:49:46.445 I/DEBUG   ( 1280):     401a50fc 3a200240 f921d305 3a20020d 020df900  
01-01 04:49:46.445 I/DEBUG   ( 1280): 
01-01 04:49:46.445 I/DEBUG   ( 1280): code around lr:
01-01 04:49:46.445 I/DEBUG   ( 1280):     4018efe8 f852f002 46206005 460cbd70 6a24480e  
01-01 04:49:46.445 I/DEBUG   ( 1280):     4018eff8 f7f84478 f014eb6c 4621ea4a f0164632  
01-01 04:49:46.445 I/DEBUG   ( 1280):     4018f008 3001e80c 2400bf18 f002d1ea 6804f83d  
01-01 04:49:46.445 I/DEBUG   ( 1280):     4018f018 f83af002 46206005 bf00bd70 000523f4  
01-01 04:49:46.445 I/DEBUG   ( 1280):     4018f028 000523e8 000523d2 000523bc bf74f7ff  
01-01 04:49:46.445 I/DEBUG   ( 1280):     4018f038 4a3d4b3c 43f0e92d 447b460c 4607b08b  
01-01 04:49:46.445 I/DEBUG   ( 1280):     4018f048 589d2616 9309682b f81ef002 8000f8d0  
01-01 04:49:46.445 I/DEBUG   ( 1280):     4018f058 4620b13c fed6f016 4606280f 2622bf88  
01-01 04:49:46.445 I/DEBUG   ( 1280):     4018f068 f002d90c 4684f811 f8cc4630 9a098000  
01-01 04:49:46.445 I/DEBUG   ( 1280):     4018f078 42a2682c b00bd154 83f0e8bd ffd6f7ff  
01-01 04:49:46.445 I/DEBUG   ( 1280):     4018f088 d04542b8 44784829 eb1ef7f8 44784828  
01-01 04:49:46.445 I/DEBUG   ( 1280):     4018f098 4287e001 6800d008 d1fa2800 26034825  
01-01 04:49:46.445 I/DEBUG   ( 1280):     4018f0a8 f7f84478 e7dceb14 f10d4823 6a3f0904  
01-01 04:49:46.445 I/DEBUG   ( 1280):     4018f0b8 f7f84478 4a21eb0c 4648463b 447a2120  
01-01 04:49:46.445 I/DEBUG   ( 1280):     4018f0c8 fa12f01b 21014648 fb76f027 3ffff1b0  
01-01 04:49:46.445 I/DEBUG   ( 1280):     4018f0d8 d0104681 46214648 f0144632 1c43e94a  
01-01 04:49:51.687 I/Netd    ( 1638): Netd 1.0 starting
01-01 04:49:51.687 W/InterfaceController( 1638): Warning (dlopen failed: library "/system/lib/libnetcmdiface.so" not found) while opening the net interface command library
01-01 04:49:51.828 I/SurfaceFlinger( 1639): SurfaceFlinger is starting
01-01 04:49:51.828 I/SurfaceFlinger( 1639): SurfaceFlinger's main thread ready to run. Initializing graphics H/W...
01-01 04:49:51.828 F/libEGL  ( 1639): couldn't find an OpenGL ES implementation
01-01 04:49:51.828 F/libc    ( 1639): Fatal signal 6 (SIGABRT) at 0x00000667 (code=-6), thread 1639 (surfaceflinger)
01-01 04:49:51.874 I/DEBUG   ( 1280): *** *** *** *** *** *** *** *** *** *** *** *** *** *** *** ***
01-01 04:49:51.874 I/DEBUG   ( 1280): Build fingerprint: 'pandaboard/pandaboard/pandaboard:4.4.2/KVT49L/130:eng/test-keys'
01-01 04:49:51.874 I/DEBUG   ( 1280): Revision: '0'
01-01 04:49:51.874 I/DEBUG   ( 1280): pid: 1639, tid: 1639, name: surfaceflinger  >>> /system/bin/surfaceflinger <<<
01-01 04:49:51.874 I/DEBUG   ( 1280): signal 6 (SIGABRT), code -6 (SI_TKILL), fault addr --------
01-01 04:49:51.890 I/ip6tables( 1638): ip6tables terminated by exit(3)
01-01 04:49:51.890 E/Netd    ( 1638): exec() res=0, status=768 for /system/bin/ip6tables -t filter -N bw_INPUT 
01-01 04:49:51.906 I/DEBUG   ( 1280):     r0 00000000  r1 00000667  r2 00000006  r3 00000000
01-01 04:49:51.906 I/DEBUG   ( 1280):     r4 00000667  r5 00000002  r6 00000006  r7 0000010c
01-01 04:49:51.906 I/DEBUG   ( 1280):     r8 00000000  r9 4002e77d  sl 00000000  fp beb88b9c
01-01 04:49:51.906 I/DEBUG   ( 1280):     ip 41eccc10  sp beb885d8  lr 4020000b  pc 4021602c  cpsr 000f0010
01-01 04:49:51.906 I/DEBUG   ( 1280):     d0  2f6d6574736c6166  d1  4242424242424242
01-01 04:49:51.906 I/DEBUG   ( 1280):     d2  0000000a0000000a  d3  000000000000000a
01-01 04:49:51.906 I/DEBUG   ( 1280):     d4  0000000000000000  d5  0000000000000000
01-01 04:49:51.906 I/DEBUG   ( 1280):     d6  0000000000000000  d7  2e9c922700000000
01-01 04:49:51.906 I/DEBUG   ( 1280):     d8  0000000000000000  d9  0000000000000000
01-01 04:49:51.906 I/DEBUG   ( 1280):     d10 0000000000000000  d11 0000000000000000
01-01 04:49:51.906 I/DEBUG   ( 1280):     d12 0000000000000000  d13 0000000000000000
01-01 04:49:51.906 I/DEBUG   ( 1280):     d14 0000000000000000  d15 0000000000000000
01-01 04:49:51.906 I/DEBUG   ( 1280):     d16 0000000a00000009  d17 fffff000fffff000
01-01 04:49:51.906 I/DEBUG   ( 1280):     d18 00000fff00000fff  d19 0000000000000000
01-01 04:49:51.906 I/DEBUG   ( 1280):     d20 0000000000000000  d21 0000000000000000
01-01 04:49:51.906 I/DEBUG   ( 1280):     d22 0000000000000000  d23 0000000000000000
01-01 04:49:51.906 I/DEBUG   ( 1280):     d24 0000000000000000  d25 0000000000000000
01-01 04:49:51.906 I/DEBUG   ( 1280):     d26 0000000000000000  d27 0000000000000000
01-01 04:49:51.906 I/DEBUG   ( 1280):     d28 0000000000000000  d29 0000000000000000
01-01 04:49:51.906 I/DEBUG   ( 1280):     d30 0000000000000000  d31 0000000000000000
01-01 04:49:51.906 I/DEBUG   ( 1280):     scr 00000010
01-01 04:49:51.914 I/DEBUG   ( 1280): 
01-01 04:49:51.914 I/DEBUG   ( 1280): backtrace:
01-01 04:49:51.914 I/DEBUG   ( 1280):     #00  pc 0002c02c  /system/lib/libc.so (tgkill+12)
01-01 04:49:51.914 I/DEBUG   ( 1280):     #01  pc 00016007  /system/lib/libc.so (pthread_kill+86)
01-01 04:49:51.914 I/DEBUG   ( 1280):     #02  pc 00016217  /system/lib/libc.so (raise+10)
01-01 04:49:51.914 I/DEBUG   ( 1280):     #03  pc 000149bb  /system/lib/libc.so
01-01 04:49:51.914 I/DEBUG   ( 1280):     #04  pc 0002b8e0  /system/lib/libc.so (abort+4)
01-01 04:49:51.914 I/DEBUG   ( 1280):     #05  pc 000078e1  /system/lib/libcutils.so (__android_log_assert+60)
01-01 04:49:51.914 I/DEBUG   ( 1280):     #06  pc 0003fec3  /system/lib/libEGL.so
01-01 04:49:51.914 I/DEBUG   ( 1280):     #07  pc 0000e859  /system/lib/libEGL.so
01-01 04:49:51.914 I/DEBUG   ( 1280):     #08  pc 0000f3d3  /system/lib/libEGL.so (eglGetDisplay+10)
01-01 04:49:51.914 I/DEBUG   ( 1280):     #09  pc 0001ec81  /system/lib/libsurfaceflinger.so (android::SurfaceFlinger::init()+48)
01-01 04:49:51.914 I/DEBUG   ( 1280):     #10  pc 000007e1  /system/bin/surfaceflinger
01-01 04:49:51.914 I/DEBUG   ( 1280):     #11  pc 0000e28f  /system/lib/libc.so (__libc_init+58)
01-01 04:49:51.914 I/DEBUG   ( 1280):     #12  pc 000008e0  /system/bin/surfaceflinger
01-01 04:49:51.914 I/DEBUG   ( 1280): 
01-01 04:49:51.914 I/DEBUG   ( 1280): stack:
01-01 04:49:51.914 I/DEBUG   ( 1280):          beb88598  000003ff  
01-01 04:49:51.914 I/DEBUG   ( 1280):          beb8859c  00004000  
01-01 04:49:51.914 I/DEBUG   ( 1280):          beb885a0  41eccc10  [heap]
01-01 04:49:51.914 I/DEBUG   ( 1280):          beb885a4  00000000  
01-01 04:49:51.914 I/DEBUG   ( 1280):          beb885a8  4002e77d  /system/bin/surfaceflinger
01-01 04:49:51.914 I/DEBUG   ( 1280):          beb885ac  00000000  
01-01 04:49:51.914 I/DEBUG   ( 1280):          beb885b0  beb88b9c  [stack]
01-01 04:49:51.914 I/DEBUG   ( 1280):          beb885b4  4021ea61  /system/lib/libc.so (vsnprintf+76)
01-01 04:49:51.914 I/DEBUG   ( 1280):          beb885b8  00000000  
01-01 04:49:51.914 I/DEBUG   ( 1280):          beb885bc  00000000  
01-01 04:49:51.914 I/DEBUG   ( 1280):          beb885c0  4018006e  /system/lib/libcutils.so
01-01 04:49:51.914 I/DEBUG   ( 1280):          beb885c4  402f883c  /system/lib/libEGL.so
01-01 04:49:51.914 I/DEBUG   ( 1280):          beb885c8  4025239c  
01-01 04:49:51.914 I/DEBUG   ( 1280):          beb885cc  40184155  /system/lib/libcutils.so
01-01 04:49:51.914 I/DEBUG   ( 1280):          beb885d0  00000000  
01-01 04:49:51.914 I/DEBUG   ( 1280):          beb885d4  40184375  /system/lib/libcutils.so (__android_log_write+120)
01-01 04:49:51.914 I/DEBUG   ( 1280):     #00  beb885d8  00000667  
01-01 04:49:51.914 I/DEBUG   ( 1280):          beb885dc  00000002  
01-01 04:49:51.914 I/DEBUG   ( 1280):          beb885e0  00000006  
01-01 04:49:51.914 I/DEBUG   ( 1280):          beb885e4  41eccc10  [heap]
01-01 04:49:51.914 I/DEBUG   ( 1280):          beb885e8  41eccc10  [heap]
01-01 04:49:51.914 I/DEBUG   ( 1280):          beb885ec  4020000b  /system/lib/libc.so (pthread_kill+90)
01-01 04:49:51.914 I/DEBUG   ( 1280):     #01  beb885f0  00000006  
01-01 04:49:51.914 I/DEBUG   ( 1280):          beb885f4  00000000  
01-01 04:49:51.914 I/DEBUG   ( 1280):          beb885f8  402f883c  /system/lib/libEGL.so
01-01 04:49:51.914 I/DEBUG   ( 1280):          beb885fc  4020021b  /system/lib/libc.so (raise+14)
01-01 04:49:51.914 I/DEBUG   ( 1280):     #02  beb88600  beb88608  [stack]
01-01 04:49:51.914 I/DEBUG   ( 1280):          beb88604  401fe9bf  /system/lib/libc.so
01-01 04:49:51.914 I/DEBUG   ( 1280): 
01-01 04:49:51.914 I/DEBUG   ( 1280): memory near r9:
01-01 04:49:51.914 I/DEBUG   ( 1280):     4002e75c e28cca01 e5bcf894 e28fc600 e28cca01  
01-01 04:49:51.914 I/DEBUG   ( 1280):     4002e76c e5bcf88c e28fc600 e28cca01 e5bcf884  
01-01 04:49:51.914 I/DEBUG   ( 1280):     4002e77c 43f0e92d ac05b087 4620ae03 efaaf7ff  
01-01 04:49:51.914 I/DEBUG   ( 1280):     4002e78c 98052104 efacf7ff f0004620 4630f8cd  
01-01 04:49:51.914 I/DEBUG   ( 1280):     4002e79c efa0f7ff f7ff9803 f241efaa f7ff4008  
01-01 04:49:51.914 I/DEBUG   ( 1280):     4002e7ac 4605efac efaef7ff b1359500 4669682b  
01-01 04:49:51.914 I/DEBUG   ( 1280):     4002e7bc 0c0cf853 f7ff4428 2000efac 0207f06f  
01-01 04:49:51.914 I/DEBUG   ( 1280):     4002e7cc f10d4601 f7ff0810 2101efaa f7ff2000  
01-01 04:49:51.914 I/DEBUG   ( 1280):     4002e7dc 9800efac efaef7ff f7ff4640 9f04efb2  
01-01 04:49:51.914 I/DEBUG   ( 1280):     4002e7ec 49234620 4479683a 9018f8d2 efaef7ff  
01-01 04:49:51.914 I/DEBUG   ( 1280):     4002e7fc 2b009b00 6858d037 3304ad06 3d10f845  
01-01 04:49:51.914 I/DEBUG   ( 1280):     4002e80c f8504629 44180c0c ef82f7ff 46214638  
01-01 04:49:51.914 I/DEBUG   ( 1280):     4002e81c 2300462a 9f0247c8 683ab137 f8524629  
01-01 04:49:51.914 I/DEBUG   ( 1280):     4002e82c 44380c0c ef50f7ff f7ff4620 9800ef96  
01-01 04:49:51.914 I/DEBUG   ( 1280):     4002e83c ef98f7ff b1349c04 46416823 0c0cf853  
01-01 04:49:51.914 I/DEBUG   ( 1280):     4002e84c f7ff4420 9d00ef42 6828b135 f8504669  
01-01 04:49:51.914 I/DEBUG   ( 1280): 
01-01 04:49:51.914 I/DEBUG   ( 1280): memory near fp:
01-01 04:49:51.914 I/DEBUG   ( 1280):     beb88b7c 00000000 00000000 4002e8e4 4002fe6c  
01-01 04:49:51.914 I/DEBUG   ( 1280):     beb88b8c 4002fe74 4002fe7c beb88ba0 00000000  
01-01 04:49:51.914 I/DEBUG   ( 1280):     beb88b9c 400dba37 00000001 beb88c84 00000000  
01-01 04:49:51.914 I/DEBUG   ( 1280):     beb88bac beb88c9f beb88cdc beb88d04 beb88d17  
01-01 04:49:51.914 I/DEBUG   ( 1280):     beb88bbc beb88d2c beb88d47 beb88d5a beb88d73  
01-01 04:49:51.914 I/DEBUG   ( 1280):     beb88bcc beb88d8d beb88da6 beb88fa0 beb88fc2  
01-01 04:49:51.914 I/DEBUG   ( 1280):     beb88bdc 00000000 00000010 0000b8d7 00000006  
01-01 04:49:51.914 I/DEBUG   ( 1280):     beb88bec 00001000 00000011 00000064 00000003  
01-01 04:49:51.914 I/DEBUG   ( 1280):     beb88bfc 4002e034 00000004 00000020 00000005  
01-01 04:49:51.914 I/DEBUG   ( 1280):     beb88c0c 00000008 00000007 400d8000 00000008  
01-01 04:49:51.914 I/DEBUG   ( 1280):     beb88c1c 00000000 00000009 4002e880 0000000b  
01-01 04:49:51.914 I/DEBUG   ( 1280):     beb88c2c 000003e8 0000000c 000003e8 0000000d  
01-01 04:49:51.914 I/DEBUG   ( 1280):     beb88c3c 000003eb 0000000e 000003eb 00000017  
01-01 04:49:51.914 I/DEBUG   ( 1280):     beb88c4c 00000000 00000019 beb88c70 0000001f  
01-01 04:49:51.914 I/DEBUG   ( 1280):     beb88c5c beb88fe1 0000000f beb88c80 00000000  
01-01 04:49:51.914 I/DEBUG   ( 1280):     beb88c6c 00000000 a8eb61bc 998de656 c8924bb9  
01-01 04:49:51.914 I/DEBUG   ( 1280): 
01-01 04:49:51.914 I/DEBUG   ( 1280): memory near ip:
01-01 04:49:51.914 I/DEBUG   ( 1280):     41eccbf0 41eccbf8 0000001b 00000001 00000001  
01-01 04:49:51.914 I/DEBUG   ( 1280):     41eccc00 41eccbec 00000000 00000000 00000013  
01-01 04:49:51.914 I/DEBUG   ( 1280):     41eccc10 00000000 00000000 00000000 000000ab  
01-01 04:49:51.914 I/DEBUG   ( 1280):     41eccc20 41ecb0f8 00000671 400826a8 00000000  
01-01 04:49:51.914 I/DEBUG   ( 1280):     41eccc30 00000000 00000007 00000004 400826d0  
01-01 04:49:51.914 I/DEBUG   ( 1280):     41eccc40 00000000 00000000 00000007 00000004  
01-01 04:49:51.914 I/DEBUG   ( 1280):     41eccc50 00000000 41ecccc8 00000004 00000100  
01-01 04:49:51.914 I/DEBUG   ( 1280):     41eccc60 00000004 00000000 00000000 00000000  
01-01 04:49:51.914 I/DEBUG   ( 1280):     41eccc70 00000000 00010001 00000000 0000002e  
01-01 04:49:51.914 I/DEBUG   ( 1280):     41eccc80 00000000 41eccdd0 00000000 00000100  
01-01 04:49:51.914 I/DEBUG   ( 1280):     41eccc90 00000000 00000000 00000000 00000000  
01-01 04:49:51.914 I/DEBUG   ( 1280):     41eccca0 00000000 00010001 00000000 00000000  
01-01 04:49:51.914 I/DEBUG   ( 1280):     41ecccb0 6c080028 00000667 000003e8 00000000  
01-01 04:49:51.914 I/DEBUG   ( 1280):     41ecccc0 00000000 0000010b 0000720c 00000000  
01-01 04:49:51.914 I/DEBUG   ( 1280):     41ecccd0 00000000 00000000 00000000 00000000  
01-01 04:49:51.914 I/DEBUG   ( 1280):     41eccce0 00000000 00000000 00000000 00000000  
01-01 04:49:51.914 I/DEBUG   ( 1280): 
01-01 04:49:51.914 I/DEBUG   ( 1280): memory near sp:
01-01 04:49:51.914 I/DEBUG   ( 1280):     beb885b8 00000000 00000000 4018006e 402f883c  
01-01 04:49:51.914 I/DEBUG   ( 1280):     beb885c8 4025239c 40184155 00000000 40184375  
01-01 04:49:51.914 I/DEBUG   ( 1280):     beb885d8 00000667 00000002 00000006 41eccc10  
01-01 04:49:51.914 I/DEBUG   ( 1280):     beb885e8 41eccc10 4020000b 00000006 00000000  
01-01 04:49:51.914 I/DEBUG   ( 1280):     beb885f8 402f883c 4020021b beb88608 401fe9bf  
01-01 04:49:51.914 I/DEBUG   ( 1280):     beb88608 ffffffdf 00000004 beb8860c 00000001  
01-01 04:49:51.914 I/DEBUG   ( 1280):     beb88618 40298384 a8eb61bc beb8866c beb8863c  
01-01 04:49:51.921 I/ip6tables( 1638): ip6tables terminated by exit(3)
01-01 04:49:51.921 E/Netd    ( 1638): exec() res=0, status=768 for /system/bin/ip6tables -t filter -A INPUT -j bw_INPUT 
01-01 04:49:51.937 I/DEBUG   ( 1280):     beb88628 beb88a5c 402158e4 4018006e 401848e5  
01-01 04:49:51.937 I/DEBUG   ( 1280):     beb88638 beb88a5c 6c756f63 74276e64 6e696620  
01-01 04:49:51.937 I/DEBUG   ( 1280):     beb88648 6e612064 65704f20 204c476e 69205345  
01-01 04:49:51.937 I/DEBUG   ( 1280):     beb88658 656c706d 746e656d 6f697461 4018006e  
01-01 04:49:51.937 I/DEBUG   ( 1280):     beb88668 beb88a94 66727553 46656361 676e696c  
01-01 04:49:51.937 I/DEBUG   ( 1280):     beb88678 73277265 69616d20 6874206e 64616572  
01-01 04:49:51.937 I/DEBUG   ( 1280):     beb88688 61657220 74207964 7572206f 49202e6e  
01-01 04:49:51.937 I/DEBUG   ( 1280):     beb88698 6974696e 7a696c61 20676e69 70617267  
01-01 04:49:51.937 I/DEBUG   ( 1280):     beb886a8 73636968 572f4820 002e2e2e 4016822c  
01-01 04:49:51.937 I/DEBUG   ( 1280): 
01-01 04:49:51.937 I/DEBUG   ( 1280): code around pc:
01-01 04:49:51.937 I/DEBUG   ( 1280):     4021600c e8bd00f0 e3700a01 912fff1e e2600000  
01-01 04:49:51.937 I/DEBUG   ( 1280):     4021601c ea00ab81 e92d50f0 e3a07f43 ef000000  
01-01 04:49:51.937 I/DEBUG   ( 1280):     4021602c e8bd50f0 e3700a01 912fff1e e2600000  
01-01 04:49:51.937 I/DEBUG   ( 1280):     4021603c ea00ab79 e92d50f0 e3a070ee ef000000  
01-01 04:49:51.937 I/DEBUG   ( 1280):     4021604c e8bd50f0 e3700a01 912fff1e e2600000  
01-01 04:49:51.937 I/DEBUG   ( 1280):     4021605c ea00ab71 f200429a bf0080cf f000f891  
01-01 04:49:51.937 I/DEBUG   ( 1280):     4021606c 4001e92d f040f891 d3532a10 0301ea80  
01-01 04:49:51.937 I/DEBUG   ( 1280):     4021607c 0303f013 806ef000 d3262ae0 0300f1c0  
01-01 04:49:51.937 I/DEBUG   ( 1280):     4021608c 030ff013 eba2d021 ea5f0203 bf447cc3  
01-01 04:49:51.937 I/DEBUG   ( 1280):     4021609c eb01f811 eb01f800 f811bf21 f811cb01  
01-01 04:49:51.937 I/DEBUG   ( 1280):     402160ac f800eb01 f800cb01 ea5feb01 da037c43  
01-01 04:49:51.937 I/DEBUG   ( 1280):     402160bc 080df9a1 083df980 f921d303 f900070d  
01-01 04:49:51.937 I/DEBUG   ( 1280):     402160cc f891071d f891f000 3a40f040 f891d30f  
01-01 04:49:51.937 I/DEBUG   ( 1280):     402160dc f891f080 f921f0c0 f921020d f891420d  
01-01 04:49:51.937 I/DEBUG   ( 1280):     402160ec 3a40f0c0 020df900 420df900 f102d2f3  
01-01 04:49:51.937 I/DEBUG   ( 1280):     402160fc 3a200240 f921d305 3a20020d 020df900  
01-01 04:49:51.937 I/DEBUG   ( 1280): 
01-01 04:49:51.937 I/DEBUG   ( 1280): code around lr:
01-01 04:49:51.937 I/DEBUG   ( 1280):     401fffe8 f852f002 46206005 460cbd70 6a24480e  
01-01 04:49:51.937 I/DEBUG   ( 1280):     401ffff8 f7f84478 f014eb6c 4621ea4a f0164632  
01-01 04:49:51.937 I/DEBUG   ( 1280):     40200008 3001e80c 2400bf18 f002d1ea 6804f83d  
01-01 04:49:51.937 I/DEBUG   ( 1280):     40200018 f83af002 46206005 bf00bd70 000523f4  
01-01 04:49:51.937 I/DEBUG   ( 1280):     40200028 000523e8 000523d2 000523bc bf74f7ff  
01-01 04:49:51.937 I/DEBUG   ( 1280):     40200038 4a3d4b3c 43f0e92d 447b460c 4607b08b  
01-01 04:49:51.937 I/DEBUG   ( 1280):     40200048 589d2616 9309682b f81ef002 8000f8d0  
01-01 04:49:51.937 I/DEBUG   ( 1280):     40200058 4620b13c fed6f016 4606280f 2622bf88  
01-01 04:49:51.937 I/DEBUG   ( 1280):     40200068 f002d90c 4684f811 f8cc4630 9a098000  
01-01 04:49:51.937 I/DEBUG   ( 1280):     40200078 42a2682c b00bd154 83f0e8bd ffd6f7ff  
01-01 04:49:51.937 I/DEBUG   ( 1280):     40200088 d04542b8 44784829 eb1ef7f8 44784828  
01-01 04:49:51.937 I/DEBUG   ( 1280):     40200098 4287e001 6800d008 d1fa2800 26034825  
01-01 04:49:51.937 I/DEBUG   ( 1280):     402000a8 f7f84478 e7dceb14 f10d4823 6a3f0904  
01-01 04:49:51.937 I/DEBUG   ( 1280):     402000b8 f7f84478 4a21eb0c 4648463b 447a2120  
01-01 04:49:51.937 I/DEBUG   ( 1280):     402000c8 fa12f01b 21014648 fb76f027 3ffff1b0  
01-01 04:49:51.937 I/DEBUG   ( 1280):     402000d8 d0104681 46214648 f0144632 1c43e94a  
01-01 04:49:52.000 I/ip6tables( 1638): ip6tables terminated by exit(3)
01-01 04:49:52.000 E/Netd    ( 1638): exec() res=0, status=768 for /system/bin/ip6tables -t filter -N fw_INPUT 
01-01 04:49:57.296 I/Netd    ( 1706): Netd 1.0 starting
01-01 04:49:57.296 W/InterfaceController( 1706): Warning (dlopen failed: library "/system/lib/libnetcmdiface.so" not found) while opening the net interface command library
01-01 04:49:57.484 I/SurfaceFlinger( 1707): SurfaceFlinger is starting
01-01 04:49:57.484 I/SurfaceFlinger( 1707): SurfaceFlinger's main thread ready to run. Initializing graphics H/W...
01-01 04:49:57.484 F/libEGL  ( 1707): couldn't find an OpenGL ES implementation
01-01 04:49:57.484 F/libc    ( 1707): Fatal signal 6 (SIGABRT) at 0x000006ab (code=-6), thread 1707 (surfaceflinger)
01-01 04:49:57.601 I/DEBUG   ( 1280): *** *** *** *** *** *** *** *** *** *** *** *** *** *** *** ***
01-01 04:49:57.601 I/DEBUG   ( 1280): Build fingerprint: 'pandaboard/pandaboard/pandaboard:4.4.2/KVT49L/130:eng/test-keys'
01-01 04:49:57.601 I/DEBUG   ( 1280): Revision: '0'
01-01 04:49:57.601 I/DEBUG   ( 1280): pid: 1707, tid: 1707, name: surfaceflinger  >>> /system/bin/surfaceflinger <<<
01-01 04:49:57.601 I/DEBUG   ( 1280): signal 6 (SIGABRT), code -6 (SI_TKILL), fault addr --------
01-01 04:49:57.609 I/DEBUG   ( 1280):     r0 00000000  r1 000006ab  r2 00000006  r3 00000000
01-01 04:49:57.609 I/DEBUG   ( 1280):     r4 000006ab  r5 00000002  r6 00000006  r7 0000010c
01-01 04:49:57.609 I/DEBUG   ( 1280):     r8 00000000  r9 400b877d  sl 00000000  fp beed4b9c
01-01 04:49:57.609 I/DEBUG   ( 1280):     ip 4042a860  sp beed45d8  lr 4018300b  pc 4019902c  cpsr 000f0010
01-01 04:49:57.609 I/DEBUG   ( 1280):     d0  2f6d6574736c6166  d1  4242424242424242
01-01 04:49:57.609 I/DEBUG   ( 1280):     d2  0000000a0000000a  d3  000000000000000a
01-01 04:49:57.609 I/DEBUG   ( 1280):     d4  0000000000000000  d5  0000000000000000
01-01 04:49:57.609 I/DEBUG   ( 1280):     d6  0000000000000000  d7  1a03e2ef00000000
01-01 04:49:57.609 I/DEBUG   ( 1280):     d8  0000000000000000  d9  0000000000000000
01-01 04:49:57.609 I/DEBUG   ( 1280):     d10 0000000000000000  d11 0000000000000000
01-01 04:49:57.609 I/DEBUG   ( 1280):     d12 0000000000000000  d13 0000000000000000
01-01 04:49:57.609 I/DEBUG   ( 1280):     d14 0000000000000000  d15 0000000000000000
01-01 04:49:57.609 I/DEBUG   ( 1280):     d16 0000000a00000009  d17 fffff000fffff000
01-01 04:49:57.609 I/DEBUG   ( 1280):     d18 00000fff00000fff  d19 0000000000000000
01-01 04:49:57.609 I/DEBUG   ( 1280):     d20 0000000000000000  d21 0000000000000000
01-01 04:49:57.609 I/DEBUG   ( 1280):     d22 0000000000000000  d23 0000000000000000
01-01 04:49:57.609 I/DEBUG   ( 1280):     d24 0000000000000000  d25 0000000000000000
01-01 04:49:57.609 I/DEBUG   ( 1280):     d26 0000000000000000  d27 0000000000000000
01-01 04:49:57.609 I/DEBUG   ( 1280):     d28 0000000000000000  d29 0000000000000000
01-01 04:49:57.609 I/DEBUG   ( 1280):     d30 0000000000000000  d31 0000000000000000
01-01 04:49:57.609 I/DEBUG   ( 1280):     scr 00000010
01-01 04:49:57.625 I/DEBUG   ( 1280): 
01-01 04:49:57.625 I/DEBUG   ( 1280): backtrace:
01-01 04:49:57.625 I/DEBUG   ( 1280):     #00  pc 0002c02c  /system/lib/libc.so (tgkill+12)
01-01 04:49:57.625 I/DEBUG   ( 1280):     #01  pc 00016007  /system/lib/libc.so (pthread_kill+86)
01-01 04:49:57.625 I/DEBUG   ( 1280):     #02  pc 00016217  /system/lib/libc.so (raise+10)
01-01 04:49:57.625 I/DEBUG   ( 1280):     #03  pc 000149bb  /system/lib/libc.so
01-01 04:49:57.625 I/DEBUG   ( 1280):     #04  pc 0002b8e0  /system/lib/libc.so (abort+4)
01-01 04:49:57.625 I/DEBUG   ( 1280):     #05  pc 000078e1  /system/lib/libcutils.so (__android_log_assert+60)
01-01 04:49:57.625 I/DEBUG   ( 1280):     #06  pc 0003fec3  /system/lib/libEGL.so
01-01 04:49:57.625 I/DEBUG   ( 1280):     #07  pc 0000e859  /system/lib/libEGL.so
01-01 04:49:57.625 I/DEBUG   ( 1280):     #08  pc 0000f3d3  /system/lib/libEGL.so (eglGetDisplay+10)
01-01 04:49:57.625 I/DEBUG   ( 1280):     #09  pc 0001ec81  /system/lib/libsurfaceflinger.so (android::SurfaceFlinger::init()+48)
01-01 04:49:57.625 I/DEBUG   ( 1280):     #10  pc 000007e1  /system/bin/surfaceflinger
01-01 04:49:57.625 I/DEBUG   ( 1280):     #11  pc 0000e28f  /system/lib/libc.so (__libc_init+58)
01-01 04:49:57.625 I/DEBUG   ( 1280):     #12  pc 000008e0  /system/bin/surfaceflinger
01-01 04:49:57.625 I/DEBUG   ( 1280): 
