--------- beginning of /dev/log/main
01-01 04:49:11.093 E/healthd ( 1275): No charger supplies found
01-01 04:49:11.093 W/healthd ( 1275): BatteryStatusPath not found
01-01 04:49:11.093 W/healthd ( 1275): BatteryHealthPath not found
01-01 04:49:11.093 W/healthd ( 1275): BatteryPresentPath not found
01-01 04:49:11.093 W/healthd ( 1275): BatteryCapacityPath not found
01-01 04:49:11.093 W/healthd ( 1275): BatteryVoltagePath not found
01-01 04:49:11.093 W/healthd ( 1275): BatteryTemperaturePath not found
01-01 04:49:11.093 W/healthd ( 1275): BatteryTechnologyPath not found
01-01 04:49:11.390 I/installd( 1285): installd firing up
01-01 04:49:11.507 I/DEBUG   ( 1280): debuggerd: Jul 24 2014 18:07:56
01-01 04:49:11.585 I/Netd    ( 1279): Netd 1.0 starting
01-01 04:49:11.585 W/InterfaceController( 1279): Warning (dlopen failed: library "/system/lib/libnetcmdiface.so" not found) while opening the net interface command library
--------- beginning of /dev/log/system
01-01 04:49:11.664 I/Vold    ( 1278): Vold 2.1 (the revenge) firing up
01-01 04:49:11.664 D/Vold    ( 1278): Volume sdcard0 state changing -1 (Initializing) -> 0 (No-Media)
01-01 04:49:11.726 D/Vold    ( 1278): Volume sdcard0 state changing 0 (No-Media) -> 2 (Pending)
01-01 04:49:11.750 D/Vold    ( 1278): Volume sdcard0 state changing 2 (Pending) -> 1 (Idle-Unmounted)
01-01 04:49:12.101 I/SurfaceFlinger( 1281): SurfaceFlinger is starting
01-01 04:49:12.101 I/SurfaceFlinger( 1281): SurfaceFlinger's main thread ready to run. Initializing graphics H/W...
01-01 04:49:12.109 F/libEGL  ( 1281): couldn't find an OpenGL ES implementation
01-01 04:49:12.109 F/libc    ( 1281): Fatal signal 6 (SIGABRT) at 0x00000501 (code=-6), thread 1281 (surfaceflinger)
01-01 04:49:12.171 I/DEBUG   ( 1280): *** *** *** *** *** *** *** *** *** *** *** *** *** *** *** ***
01-01 04:49:12.171 I/DEBUG   ( 1280): Build fingerprint: 'pandaboard/pandaboard/pandaboard:4.4.2/KVT49L/130:eng/test-keys'
01-01 04:49:12.171 I/DEBUG   ( 1280): Revision: '0'
01-01 04:49:12.171 I/DEBUG   ( 1280): pid: 1281, tid: 1281, name: surfaceflinger  >>> /system/bin/surfaceflinger <<<
01-01 04:49:12.171 I/DEBUG   ( 1280): signal 6 (SIGABRT), code -6 (SI_TKILL), fault addr --------
01-01 04:49:12.265 I/ip6tables( 1279): ip6tables terminated by exit(3)
01-01 04:49:12.265 E/Netd    ( 1279): exec() res=0, status=768 for /system/bin/ip6tables -t filter -N bw_INPUT 
01-01 04:49:12.273 I/DEBUG   ( 1280):     r0 00000000  r1 00000501  r2 00000006  r3 00000000
01-01 04:49:12.273 I/DEBUG   ( 1280):     r4 00000501  r5 00000002  r6 00000006  r7 0000010c
01-01 04:49:12.273 I/DEBUG   ( 1280):     r8 00000000  r9 400cc77d  sl 00000000  fp bee14b9c
01-01 04:49:12.273 I/DEBUG   ( 1280):     ip 417141e0  sp bee145d8  lr 4022000b  pc 4023602c  cpsr 000f0010
01-01 04:49:12.273 I/DEBUG   ( 1280):     d0  2f6d6574736c6166  d1  4242424242424242
01-01 04:49:12.273 I/DEBUG   ( 1280):     d2  0000000a0000000a  d3  000000000000000a
01-01 04:49:12.273 I/DEBUG   ( 1280):     d4  0000000000000000  d5  0000000000000000
01-01 04:49:12.273 I/DEBUG   ( 1280):     d6  0000000000000000  d7  022e53f400000000
01-01 04:49:12.273 I/DEBUG   ( 1280):     d8  0000000000000000  d9  0000000000000000
01-01 04:49:12.273 I/DEBUG   ( 1280):     d10 0000000000000000  d11 0000000000000000
01-01 04:49:12.273 I/DEBUG   ( 1280):     d12 0000000000000000  d13 0000000000000000
01-01 04:49:12.273 I/DEBUG   ( 1280):     d14 0000000000000000  d15 0000000000000000
01-01 04:49:12.273 I/DEBUG   ( 1280):     d16 0000000a00000009  d17 fffff000fffff000
01-01 04:49:12.273 I/DEBUG   ( 1280):     d18 00000fff00000fff  d19 0000000000000000
01-01 04:49:12.273 I/DEBUG   ( 1280):     d20 0000000000000000  d21 0000000000000000
01-01 04:49:12.273 I/DEBUG   ( 1280):     d22 0000000000000000  d23 0000000000000000
01-01 04:49:12.273 I/DEBUG   ( 1280):     d24 0000000000000000  d25 0000000000000000
01-01 04:49:12.273 I/DEBUG   ( 1280):     d26 0000000000000000  d27 0000000000000000
01-01 04:49:12.273 I/DEBUG   ( 1280):     d28 0000000000000000  d29 0000000000000000
01-01 04:49:12.273 I/DEBUG   ( 1280):     d30 0000000000000000  d31 0000000000000000
01-01 04:49:12.273 I/DEBUG   ( 1280):     scr 00000010
01-01 04:49:12.273 I/DEBUG   ( 1280): 
01-01 04:49:12.273 I/DEBUG   ( 1280): backtrace:
01-01 04:49:12.273 I/DEBUG   ( 1280):     #00  pc 0002c02c  /system/lib/libc.so (tgkill+12)
01-01 04:49:12.273 I/DEBUG   ( 1280):     #01  pc 00016007  /system/lib/libc.so (pthread_kill+86)
01-01 04:49:12.273 I/DEBUG   ( 1280):     #02  pc 00016217  /system/lib/libc.so (raise+10)
01-01 04:49:12.273 I/DEBUG   ( 1280):     #03  pc 000149bb  /system/lib/libc.so
01-01 04:49:12.273 I/DEBUG   ( 1280):     #04  pc 0002b8e0  /system/lib/libc.so (abort+4)
01-01 04:49:12.273 I/DEBUG   ( 1280):     #05  pc 000078e1  /system/lib/libcutils.so (__android_log_assert+60)
01-01 04:49:12.273 I/DEBUG   ( 1280):     #06  pc 0003fec3  /system/lib/libEGL.so
01-01 04:49:12.273 I/DEBUG   ( 1280):     #07  pc 0000e859  /system/lib/libEGL.so
01-01 04:49:12.273 I/DEBUG   ( 1280):     #08  pc 0000f3d3  /system/lib/libEGL.so (eglGetDisplay+10)
01-01 04:49:12.289 I/DEBUG   ( 1280):     #09  pc 0001ec81  /system/lib/libsurfaceflinger.so (android::SurfaceFlinger::init()+48)
01-01 04:49:12.289 I/DEBUG   ( 1280):     #10  pc 000007e1  /system/bin/surfaceflinger
01-01 04:49:12.289 I/DEBUG   ( 1280):     #11  pc 0000e28f  /system/lib/libc.so (__libc_init+58)
01-01 04:49:12.289 I/DEBUG   ( 1280):     #12  pc 000008e0  /system/bin/surfaceflinger
01-01 04:49:12.289 I/DEBUG   ( 1280): 
01-01 04:49:12.289 I/DEBUG   ( 1280): stack:
01-01 04:49:12.289 I/DEBUG   ( 1280):          bee14598  000003ff  
01-01 04:49:12.289 I/DEBUG   ( 1280):          bee1459c  00004000  
01-01 04:49:12.289 I/DEBUG   ( 1280):          bee145a0  417141e0  [heap]
01-01 04:49:12.289 I/DEBUG   ( 1280):          bee145a4  00000000  
01-01 04:49:12.289 I/DEBUG   ( 1280):          bee145a8  400cc77d  /system/bin/surfaceflinger
01-01 04:49:12.289 I/DEBUG   ( 1280):          bee145ac  00000000  
01-01 04:49:12.289 I/DEBUG   ( 1280):          bee145b0  bee14b9c  [stack]
01-01 04:49:12.289 I/DEBUG   ( 1280):          bee145b4  4023ea61  /system/lib/libc.so (vsnprintf+76)
01-01 04:49:12.289 I/DEBUG   ( 1280):          bee145b8  00000000  
01-01 04:49:12.289 I/DEBUG   ( 1280):          bee145bc  00000000  
01-01 04:49:12.289 I/DEBUG   ( 1280):          bee145c0  4010006e  /system/lib/libcutils.so (fs_mkdirs+229)
01-01 04:49:12.289 I/DEBUG   ( 1280):          bee145c4  402d583c  /system/lib/libEGL.so
01-01 04:49:12.289 I/DEBUG   ( 1280):          bee145c8  4027239c  
01-01 04:49:12.289 I/DEBUG   ( 1280):          bee145cc  40101155  /system/lib/libcutils.so
01-01 04:49:12.289 I/DEBUG   ( 1280):          bee145d0  00000000  
01-01 04:49:12.289 I/DEBUG   ( 1280):          bee145d4  40101375  /system/lib/libcutils.so (__android_log_write+120)
01-01 04:49:12.289 I/DEBUG   ( 1280):     #00  bee145d8  00000501  
01-01 04:49:12.289 I/DEBUG   ( 1280):          bee145dc  00000002  
01-01 04:49:12.289 I/DEBUG   ( 1280):          bee145e0  00000006  
01-01 04:49:12.289 I/DEBUG   ( 1280):          bee145e4  417141e0  [heap]
01-01 04:49:12.289 I/DEBUG   ( 1280):          bee145e8  417141e0  [heap]
01-01 04:49:12.289 I/DEBUG   ( 1280):          bee145ec  4022000b  /system/lib/libc.so (pthread_kill+90)
01-01 04:49:12.289 I/DEBUG   ( 1280):     #01  bee145f0  00000006  
01-01 04:49:12.289 I/DEBUG   ( 1280):          bee145f4  00000000  
01-01 04:49:12.289 I/DEBUG   ( 1280):          bee145f8  402d583c  /system/lib/libEGL.so
01-01 04:49:12.296 I/DEBUG   ( 1280):          bee145fc  4022021b  /system/lib/libc.so (raise+14)
01-01 04:49:12.296 I/DEBUG   ( 1280):     #02  bee14600  bee14608  [stack]
01-01 04:49:12.296 I/DEBUG   ( 1280):          bee14604  4021e9bf  /system/lib/libc.so
01-01 04:49:12.304 I/DEBUG   ( 1280): 
01-01 04:49:12.304 I/DEBUG   ( 1280): memory near r9:
01-01 04:49:12.304 I/DEBUG   ( 1280):     400cc75c e28cca01 e5bcf894 e28fc600 e28cca01  
01-01 04:49:12.304 I/DEBUG   ( 1280):     400cc76c e5bcf88c e28fc600 e28cca01 e5bcf884  
01-01 04:49:12.320 I/DEBUG   ( 1280):     400cc77c 43f0e92d ac05b087 4620ae03 efaaf7ff  
01-01 04:49:12.320 I/DEBUG   ( 1280):     400cc78c 98052104 efacf7ff f0004620 4630f8cd  
01-01 04:49:12.320 I/DEBUG   ( 1280):     400cc79c efa0f7ff f7ff9803 f241efaa f7ff4008  
01-01 04:49:12.320 I/DEBUG   ( 1280):     400cc7ac 4605efac efaef7ff b1359500 4669682b  
01-01 04:49:12.320 I/DEBUG   ( 1280):     400cc7bc 0c0cf853 f7ff4428 2000efac 0207f06f  
01-01 04:49:12.320 I/DEBUG   ( 1280):     400cc7cc f10d4601 f7ff0810 2101efaa f7ff2000  
01-01 04:49:12.320 I/DEBUG   ( 1280):     400cc7dc 9800efac efaef7ff f7ff4640 9f04efb2  
01-01 04:49:12.320 I/DEBUG   ( 1280):     400cc7ec 49234620 4479683a 9018f8d2 efaef7ff  
01-01 04:49:12.320 I/DEBUG   ( 1280):     400cc7fc 2b009b00 6858d037 3304ad06 3d10f845  
01-01 04:49:12.320 I/DEBUG   ( 1280):     400cc80c f8504629 44180c0c ef82f7ff 46214638  
01-01 04:49:12.320 I/DEBUG   ( 1280):     400cc81c 2300462a 9f0247c8 683ab137 f8524629  
01-01 04:49:12.320 I/DEBUG   ( 1280):     400cc82c 44380c0c ef50f7ff f7ff4620 9800ef96  
01-01 04:49:12.320 I/DEBUG   ( 1280):     400cc83c ef98f7ff b1349c04 46416823 0c0cf853  
01-01 04:49:12.320 I/DEBUG   ( 1280):     400cc84c f7ff4420 9d00ef42 6828b135 f8504669  
01-01 04:49:12.320 I/DEBUG   ( 1280): 
01-01 04:49:12.320 I/DEBUG   ( 1280): memory near fp:
01-01 04:49:12.320 I/DEBUG   ( 1280):     bee14b7c 00000000 00000000 400cc8e4 400cde6c  
01-01 04:49:12.320 I/DEBUG   ( 1280):     bee14b8c 400cde74 400cde7c bee14ba0 00000000  
01-01 04:49:12.320 I/DEBUG   ( 1280):     bee14b9c 40181a37 00000001 bee14c84 00000000  
01-01 04:49:12.320 I/DEBUG   ( 1280):     bee14bac bee14c9f bee14cdc bee14d04 bee14d17  
01-01 04:49:12.320 I/DEBUG   ( 1280):     bee14bbc bee14d2c bee14d47 bee14d5a bee14d73  
01-01 04:49:12.320 I/DEBUG   ( 1280):     bee14bcc bee14d8d bee14da6 bee14fa0 bee14fc2  
01-01 04:49:12.320 I/DEBUG   ( 1280):     bee14bdc 00000000 00000010 0000b8d7 00000006  
01-01 04:49:12.320 I/DEBUG   ( 1280):     bee14bec 00001000 00000011 00000064 00000003  
01-01 04:49:12.320 I/DEBUG   ( 1280):     bee14bfc 400cc034 00000004 00000020 00000005  
01-01 04:49:12.320 I/DEBUG   ( 1280):     bee14c0c 00000008 00000007 4017e000 00000008  
01-01 04:49:12.320 I/DEBUG   ( 1280):     bee14c1c 00000000 00000009 400cc880 0000000b  
01-01 04:49:12.320 I/DEBUG   ( 1280):     bee14c2c 000003e8 0000000c 000003e8 0000000d  
01-01 04:49:12.320 I/DEBUG   ( 1280):     bee14c3c 000003eb 0000000e 000003eb 00000017  
01-01 04:49:12.320 I/DEBUG   ( 1280):     bee14c4c 00000000 00000019 bee14c70 0000001f  
01-01 04:49:12.320 I/DEBUG   ( 1280):     bee14c5c bee14fe1 0000000f bee14c80 00000000  
01-01 04:49:12.320 I/DEBUG   ( 1280):     bee14c6c 00000000 d546f0f4 b07816f3 bccae3bd  
01-01 04:49:12.320 I/DEBUG   ( 1280): 
01-01 04:49:12.320 I/DEBUG   ( 1280): memory near ip:
01-01 04:49:12.320 I/DEBUG   ( 1280):     417141c0 00000000 0000001b 00000001 00000002  
01-01 04:49:12.320 I/DEBUG   ( 1280):     417141d0 417141b8 00000000 00000000 00000013  
01-01 04:49:12.320 I/DEBUG   ( 1280):     417141e0 00000000 402721e8 00000000 0000001b  
01-01 04:49:12.320 I/DEBUG   ( 1280):     417141f0 00000001 00000002 41715f30 00000000  
01-01 04:49:12.320 I/DEBUG   ( 1280):     41714200 00000018 0000024b 40194168 41715910  
01-01 04:49:12.320 I/DEBUG   ( 1280):     41714210 00000001 40619000 000fe000 00001000  
01-01 04:49:12.320 I/DEBUG   ( 1280):     41714220 00000000 00000000 00000544 00000001  
01-01 04:49:12.320 I/DEBUG   ( 1280):     41714230 00000000 00000000 00000000 00000000  
01-01 04:49:12.320 I/DEBUG   ( 1280):     41714240 40716dd0 400f8000 00000000 00000000  
01-01 04:49:12.320 I/DEBUG   ( 1280):     41714250 00000000 00000000 00000000 00000000  
01-01 04:49:12.320 I/DEBUG   ( 1280):     41714260 00000000 00000000 00000000 00000000  
01-01 04:49:12.320 I/DEBUG   ( 1280):     41714270 00000000 00000000 00000000 00000000  
01-01 04:49:12.320 I/DEBUG   ( 1280):     41714280 00000000 00000000 00000000 00000000  
01-01 04:49:12.320 I/DEBUG   ( 1280):     41714290 00000000 00000000 00000000 00000000  
01-01 04:49:12.320 I/DEBUG   ( 1280):     417142a0 00000000 00000000 00000000 00000000  
01-01 04:49:12.320 I/DEBUG   ( 1280):     417142b0 00000000 00000000 00000000 00000000  
01-01 04:49:12.320 I/DEBUG   ( 1280): 
01-01 04:49:12.320 I/DEBUG   ( 1280): memory near sp:
01-01 04:49:12.320 I/DEBUG   ( 1280):     bee145b8 00000000 00000000 4010006e 402d583c  
01-01 04:49:12.320 I/DEBUG   ( 1280):     bee145c8 4027239c 40101155 00000000 40101375  
01-01 04:49:12.320 I/DEBUG   ( 1280):     bee145d8 00000501 00000002 00000006 417141e0  
01-01 04:49:12.320 I/DEBUG   ( 1280):     bee145e8 417141e0 4022000b 00000006 00000000  
01-01 04:49:12.320 I/DEBUG   ( 1280):     bee145f8 402d583c 4022021b bee14608 4021e9bf  
01-01 04:49:12.320 I/DEBUG   ( 1280):     bee14608 ffffffdf 00000004 bee1460c 00000001  
01-01 04:49:12.320 I/DEBUG   ( 1280):     bee14618 40200384 d546f0f4 bee1466c bee1463c  
01-01 04:49:12.320 I/DEBUG   ( 1280):     bee14628 bee14a5c 402358e4 4010006e 401018e5  
01-01 04:49:12.320 I/DEBUG   ( 1280):     bee14638 bee14a5c 6c756f63 74276e64 6e696620  
01-01 04:49:12.320 I/DEBUG   ( 1280):     bee14648 6e612064 65704f20 204c476e 69205345  
01-01 04:49:12.320 I/DEBUG   ( 1280):     bee14658 656c706d 746e656d 6f697461 4010006e  
01-01 04:49:12.320 I/DEBUG   ( 1280):     bee14668 bee14a94 66727553 46656361 676e696c  
01-01 04:49:12.320 I/DEBUG   ( 1280):     bee14678 73277265 69616d20 6874206e 64616572  
01-01 04:49:12.320 I/DEBUG   ( 1280):     bee14688 61657220 74207964 7572206f 49202e6e  
01-01 04:49:12.320 I/DEBUG   ( 1280):     bee14698 6974696e 7a696c61 20676e69 70617267  
01-01 04:49:12.320 I/DEBUG   ( 1280):     bee146a8 73636968 572f4820 002e2e2e 4016522c  
01-01 04:49:12.320 I/DEBUG   ( 1280): 
01-01 04:49:12.320 I/DEBUG   ( 1280): code around pc:
01-01 04:49:12.320 I/DEBUG   ( 1280):     4023600c e8bd00f0 e3700a01 912fff1e e2600000  
01-01 04:49:12.320 I/DEBUG   ( 1280):     4023601c ea00ab81 e92d50f0 e3a07f43 ef000000  
01-01 04:49:12.328 I/ip6tables( 1279): ip6tables terminated by exit(3)
01-01 04:49:12.328 E/Netd    ( 1279): exec() res=0, status=768 for /system/bin/ip6tables -t filter -A INPUT -j bw_INPUT 
01-01 04:49:12.328 I/DEBUG   ( 1280):     4023602c e8bd50f0 e3700a01 912fff1e e2600000  
01-01 04:49:12.328 I/DEBUG   ( 1280):     4023603c ea00ab79 e92d50f0 e3a070ee ef000000  
01-01 04:49:12.328 I/DEBUG   ( 1280):     4023604c e8bd50f0 e3700a01 912fff1e e2600000  
01-01 04:49:12.328 I/DEBUG   ( 1280):     4023605c ea00ab71 f200429a bf0080cf f000f891  
01-01 04:49:12.328 I/DEBUG   ( 1280):     4023606c 4001e92d f040f891 d3532a10 0301ea80  
01-01 04:49:12.328 I/DEBUG   ( 1280):     4023607c 0303f013 806ef000 d3262ae0 0300f1c0  
01-01 04:49:12.328 I/DEBUG   ( 1280):     4023608c 030ff013 eba2d021 ea5f0203 bf447cc3  
01-01 04:49:12.328 I/DEBUG   ( 1280):     4023609c eb01f811 eb01f800 f811bf21 f811cb01  
01-01 04:49:12.328 I/DEBUG   ( 1280):     402360ac f800eb01 f800cb01 ea5feb01 da037c43  
01-01 04:49:12.328 I/DEBUG   ( 1280):     402360bc 080df9a1 083df980 f921d303 f900070d  
01-01 04:49:12.328 I/DEBUG   ( 1280):     402360cc f891071d f891f000 3a40f040 f891d30f  
01-01 04:49:12.328 I/DEBUG   ( 1280):     402360dc f891f080 f921f0c0 f921020d f891420d  
01-01 04:49:12.328 I/DEBUG   ( 1280):     402360ec 3a40f0c0 020df900 420df900 f102d2f3  
01-01 04:49:12.328 I/DEBUG   ( 1280):     402360fc 3a200240 f921d305 3a20020d 020df900  
01-01 04:49:12.328 I/DEBUG   ( 1280): 
01-01 04:49:12.328 I/DEBUG   ( 1280): code around lr:
01-01 04:49:12.328 I/DEBUG   ( 1280):     4021ffe8 f852f002 46206005 460cbd70 6a24480e  
01-01 04:49:12.328 I/DEBUG   ( 1280):     4021fff8 f7f84478 f014eb6c 4621ea4a f0164632  
01-01 04:49:12.328 I/DEBUG   ( 1280):     40220008 3001e80c 2400bf18 f002d1ea 6804f83d  
01-01 04:49:12.328 I/DEBUG   ( 1280):     40220018 f83af002 46206005 bf00bd70 000523f4  
01-01 04:49:12.328 I/DEBUG   ( 1280):     40220028 000523e8 000523d2 000523bc bf74f7ff  
01-01 04:49:12.328 I/DEBUG   ( 1280):     40220038 4a3d4b3c 43f0e92d 447b460c 4607b08b  
01-01 04:49:12.328 I/DEBUG   ( 1280):     40220048 589d2616 9309682b f81ef002 8000f8d0  
01-01 04:49:12.328 I/DEBUG   ( 1280):     40220058 4620b13c fed6f016 4606280f 2622bf88  
01-01 04:49:12.328 I/DEBUG   ( 1280):     40220068 f002d90c 4684f811 f8cc4630 9a098000  
01-01 04:49:12.328 I/DEBUG   ( 1280):     40220078 42a2682c b00bd154 83f0e8bd ffd6f7ff  
01-01 04:49:12.328 I/DEBUG   ( 1280):     40220088 d04542b8 44784829 eb1ef7f8 44784828  
01-01 04:49:12.328 I/DEBUG   ( 1280):     40220098 4287e001 6800d008 d1fa2800 26034825  
01-01 04:49:12.328 I/DEBUG   ( 1280):     402200a8 f7f84478 e7dceb14 f10d4823 6a3f0904  
01-01 04:49:12.328 I/DEBUG   ( 1280):     402200b8 f7f84478 4a21eb0c 4648463b 447a2120  
01-01 04:49:12.328 I/DEBUG   ( 1280):     402200c8 fa12f01b 21014648 fb76f027 3ffff1b0  
01-01 04:49:12.328 I/DEBUG   ( 1280):     402200d8 d0104681 46214648 f0144632 1c43e94a  
01-01 04:49:12.445 I/ip6tables( 1279): ip6tables terminated by exit(3)
01-01 04:49:12.445 E/Netd    ( 1279): exec() res=0, status=768 for /system/bin/ip6tables -t filter -N fw_INPUT 
01-01 04:49:15.695 I/Netd    ( 1423): Netd 1.0 starting
01-01 04:49:15.695 W/InterfaceController( 1423): Warning (dlopen failed: library "/system/lib/libnetcmdiface.so" not found) while opening the net interface command library
01-01 04:49:15.859 I/ip6tables( 1423): ip6tables terminated by exit(3)
01-01 04:49:15.859 E/Netd    ( 1423): exec() res=0, status=768 for /system/bin/ip6tables -t filter -N bw_INPUT 
01-01 04:49:15.906 I/ip6tables( 1423): ip6tables terminated by exit(3)
01-01 04:49:15.906 E/Netd    ( 1423): exec() res=0, status=768 for /system/bin/ip6tables -t filter -A INPUT -j bw_INPUT 
01-01 04:49:15.906 I/SurfaceFlinger( 1424): SurfaceFlinger is starting
01-01 04:49:15.906 I/SurfaceFlinger( 1424): SurfaceFlinger's main thread ready to run. Initializing graphics H/W...
01-01 04:49:15.906 F/libEGL  ( 1424): couldn't find an OpenGL ES implementation
01-01 04:49:15.906 F/libc    ( 1424): Fatal signal 6 (SIGABRT) at 0x00000590 (code=-6), thread 1424 (surfaceflinger)
01-01 04:49:15.960 I/DEBUG   ( 1280): *** *** *** *** *** *** *** *** *** *** *** *** *** *** *** ***
01-01 04:49:15.960 I/DEBUG   ( 1280): Build fingerprint: 'pandaboard/pandaboard/pandaboard:4.4.2/KVT49L/130:eng/test-keys'
01-01 04:49:15.960 I/DEBUG   ( 1280): Revision: '0'
01-01 04:49:15.960 I/DEBUG   ( 1280): pid: 1424, tid: 1424, name: surfaceflinger  >>> /system/bin/surfaceflinger <<<
01-01 04:49:15.960 I/DEBUG   ( 1280): signal 6 (SIGABRT), code -6 (SI_TKILL), fault addr --------
01-01 04:49:16.031 I/DEBUG   ( 1280):     r0 00000000  r1 00000590  r2 00000006  r3 00000000
01-01 04:49:16.031 I/DEBUG   ( 1280):     r4 00000590  r5 00000002  r6 00000006  r7 0000010c
01-01 04:49:16.031 I/DEBUG   ( 1280):     r8 00000000  r9 4000c77d  sl 00000000  fp be999b9c
01-01 04:49:16.031 I/DEBUG   ( 1280):     ip 41895900  sp be9995d8  lr 4020800b  pc 4021e02c  cpsr 000f0010
01-01 04:49:16.031 I/DEBUG   ( 1280):     d0  2f6d6574736c6166  d1  4242424242424242
01-01 04:49:16.031 I/DEBUG   ( 1280):     d2  0000000a0000000a  d3  000000000000000a
01-01 04:49:16.031 I/DEBUG   ( 1280):     d4  0000000000000000  d5  0000000000000000
01-01 04:49:16.031 I/DEBUG   ( 1280):     d6  0000000000000000  d7  31ffa1c800000000
01-01 04:49:16.031 I/DEBUG   ( 1280):     d8  0000000000000000  d9  0000000000000000
01-01 04:49:16.031 I/DEBUG   ( 1280):     d10 0000000000000000  d11 0000000000000000
01-01 04:49:16.031 I/DEBUG   ( 1280):     d12 0000000000000000  d13 0000000000000000
01-01 04:49:16.031 I/DEBUG   ( 1280):     d14 0000000000000000  d15 0000000000000000
01-01 04:49:16.031 I/DEBUG   ( 1280):     d16 0000000a00000009  d17 fffff000fffff000
01-01 04:49:16.031 I/DEBUG   ( 1280):     d18 00000fff00000fff  d19 0000000000000000
01-01 04:49:16.031 I/DEBUG   ( 1280):     d20 0000000000000000  d21 0000000000000000
01-01 04:49:16.031 I/DEBUG   ( 1280):     d22 0000000000000000  d23 0000000000000000
01-01 04:49:16.031 I/DEBUG   ( 1280):     d24 0000000000000000  d25 0000000000000000
01-01 04:49:16.031 I/DEBUG   ( 1280):     d26 0000000000000000  d27 0000000000000000
01-01 04:49:16.031 I/DEBUG   ( 1280):     d28 0000000000000000  d29 0000000000000000
01-01 04:49:16.031 I/DEBUG   ( 1280):     d30 0000000000000000  d31 0000000000000000
01-01 04:49:16.031 I/DEBUG   ( 1280):     scr 00000010
01-01 04:49:16.054 I/DEBUG   ( 1280): 
01-01 04:49:16.054 I/DEBUG   ( 1280): backtrace:
01-01 04:49:16.054 I/DEBUG   ( 1280):     #00  pc 0002c02c  /system/lib/libc.so (tgkill+12)
01-01 04:49:16.054 I/DEBUG   ( 1280):     #01  pc 00016007  /system/lib/libc.so (pthread_kill+86)
01-01 04:49:16.054 I/DEBUG   ( 1280):     #02  pc 00016217  /system/lib/libc.so (raise+10)
01-01 04:49:16.054 I/DEBUG   ( 1280):     #03  pc 000149bb  /system/lib/libc.so
01-01 04:49:16.054 I/DEBUG   ( 1280):     #04  pc 0002b8e0  /system/lib/libc.so (abort+4)
01-01 04:49:16.054 I/DEBUG   ( 1280):     #05  pc 000078e1  /system/lib/libcutils.so (__android_log_assert+60)
01-01 04:49:16.054 I/DEBUG   ( 1280):     #06  pc 0003fec3  /system/lib/libEGL.so
01-01 04:49:16.054 I/DEBUG   ( 1280):     #07  pc 0000e859  /system/lib/libEGL.so
01-01 04:49:16.054 I/DEBUG   ( 1280):     #08  pc 0000f3d3  /system/lib/libEGL.so (eglGetDisplay+10)
01-01 04:49:16.054 I/DEBUG   ( 1280):     #09  pc 0001ec81  /system/lib/libsurfaceflinger.so (android::SurfaceFlinger::init()+48)
01-01 04:49:16.054 I/DEBUG   ( 1280):     #10  pc 000007e1  /system/bin/surfaceflinger
01-01 04:49:16.054 I/DEBUG   ( 1280):     #11  pc 0000e28f  /system/lib/libc.so (__libc_init+58)
01-01 04:49:16.054 I/DEBUG   ( 1280):     #12  pc 000008e0  /system/bin/surfaceflinger
01-01 04:49:16.054 I/DEBUG   ( 1280): 
01-01 04:49:16.054 I/DEBUG   ( 1280): stack:
01-01 04:49:16.078 I/DEBUG   ( 1280):          be999598  000003ff  
01-01 04:49:16.078 I/DEBUG   ( 1280):          be99959c  00004000  
01-01 04:49:16.078 I/DEBUG   ( 1280):          be9995a0  41895900  [heap]
01-01 04:49:16.078 I/DEBUG   ( 1280):          be9995a4  00000000  
01-01 04:49:16.078 I/DEBUG   ( 1280):          be9995a8  4000c77d  /system/bin/surfaceflinger
01-01 04:49:16.078 I/DEBUG   ( 1280):          be9995ac  00000000  
01-01 04:49:16.078 I/DEBUG   ( 1280):          be9995b0  be999b9c  [stack]
01-01 04:49:16.078 I/DEBUG   ( 1280):          be9995b4  40226a61  /system/lib/libc.so (vsnprintf+76)
01-01 04:49:16.078 I/DEBUG   ( 1280):          be9995b8  00000000  
01-01 04:49:16.078 I/DEBUG   ( 1280):          be9995bc  00000000  
01-01 04:49:16.078 I/DEBUG   ( 1280):          be9995c0  4019006e  /system/lib/libcutils.so
01-01 04:49:16.078 I/DEBUG   ( 1280):          be9995c4  4030f83c  /system/lib/libEGL.so
01-01 04:49:16.078 I/DEBUG   ( 1280):          be9995c8  4025a39c  
01-01 04:49:16.078 I/DEBUG   ( 1280):          be9995cc  40195155  /system/lib/libcutils.so
01-01 04:49:16.078 I/DEBUG   ( 1280):          be9995d0  00000000  
01-01 04:49:16.078 I/DEBUG   ( 1280):          be9995d4  40195375  /system/lib/libcutils.so (__android_log_write+120)
01-01 04:49:16.078 I/DEBUG   ( 1280):     #00  be9995d8  00000590  
01-01 04:49:16.078 I/DEBUG   ( 1280):          be9995dc  00000002  
01-01 04:49:16.078 I/DEBUG   ( 1280):          be9995e0  00000006  
01-01 04:49:16.078 I/DEBUG   ( 1280):          be9995e4  41895900  [heap]
01-01 04:49:16.078 I/DEBUG   ( 1280):          be9995e8  41895900  [heap]
01-01 04:49:16.078 I/DEBUG   ( 1280):          be9995ec  4020800b  /system/lib/libc.so (pthread_kill+90)
01-01 04:49:16.078 I/DEBUG   ( 1280):     #01  be9995f0  00000006  
01-01 04:49:16.078 I/DEBUG   ( 1280):          be9995f4  00000000  
01-01 04:49:16.078 I/DEBUG   ( 1280):          be9995f8  4030f83c  /system/lib/libEGL.so
01-01 04:49:16.078 I/DEBUG   ( 1280):          be9995fc  4020821b  /system/lib/libc.so (raise+14)
01-01 04:49:16.078 I/DEBUG   ( 1280):     #02  be999600  be999608  [stack]
01-01 04:49:16.078 I/DEBUG   ( 1280):          be999604  402069bf  /system/lib/libc.so
01-01 04:49:16.085 I/DEBUG   ( 1280): 
01-01 04:49:16.085 I/DEBUG   ( 1280): memory near r9:
01-01 04:49:16.085 I/DEBUG   ( 1280):     4000c75c e28cca01 e5bcf894 e28fc600 e28cca01  
01-01 04:49:16.085 I/DEBUG   ( 1280):     4000c76c e5bcf88c e28fc600 e28cca01 e5bcf884  
01-01 04:49:16.085 I/DEBUG   ( 1280):     4000c77c 43f0e92d ac05b087 4620ae03 efaaf7ff  
01-01 04:49:16.085 I/DEBUG   ( 1280):     4000c78c 98052104 efacf7ff f0004620 4630f8cd  
01-01 04:49:16.085 I/DEBUG   ( 1280):     4000c79c efa0f7ff f7ff9803 f241efaa f7ff4008  
01-01 04:49:16.085 I/DEBUG   ( 1280):     4000c7ac 4605efac efaef7ff b1359500 4669682b  
01-01 04:49:16.085 I/DEBUG   ( 1280):     4000c7bc 0c0cf853 f7ff4428 2000efac 0207f06f  
01-01 04:49:16.085 I/DEBUG   ( 1280):     4000c7cc f10d4601 f7ff0810 2101efaa f7ff2000  
01-01 04:49:16.085 I/DEBUG   ( 1280):     4000c7dc 9800efac efaef7ff f7ff4640 9f04efb2  
01-01 04:49:16.085 I/DEBUG   ( 1280):     4000c7ec 49234620 4479683a 9018f8d2 efaef7ff  
01-01 04:49:16.085 I/DEBUG   ( 1280):     4000c7fc 2b009b00 6858d037 3304ad06 3d10f845  
01-01 04:49:16.085 I/DEBUG   ( 1280):     4000c80c f8504629 44180c0c ef82f7ff 46214638  
01-01 04:49:16.085 I/DEBUG   ( 1280):     4000c81c 2300462a 9f0247c8 683ab137 f8524629  
01-01 04:49:16.085 I/DEBUG   ( 1280):     4000c82c 44380c0c ef50f7ff f7ff4620 9800ef96  
01-01 04:49:16.085 I/DEBUG   ( 1280):     4000c83c ef98f7ff b1349c04 46416823 0c0cf853  
01-01 04:49:16.085 I/DEBUG   ( 1280):     4000c84c f7ff4420 9d00ef42 6828b135 f8504669  
01-01 04:49:16.085 I/DEBUG   ( 1280): 
01-01 04:49:16.085 I/DEBUG   ( 1280): memory near fp:
01-01 04:49:16.085 I/DEBUG   ( 1280):     be999b7c 00000000 00000000 4000c8e4 4000de6c  
01-01 04:49:16.085 I/DEBUG   ( 1280):     be999b8c 4000de74 4000de7c be999ba0 00000000  
01-01 04:49:16.085 I/DEBUG   ( 1280):     be999b9c 4003ea37 00000001 be999c84 00000000  
01-01 04:49:16.093 I/DEBUG   ( 1280):     be999bac be999c9f be999cdc be999d04 be999d17  
01-01 04:49:16.093 I/DEBUG   ( 1280):     be999bbc be999d2c be999d47 be999d5a be999d73  
01-01 04:49:16.093 I/DEBUG   ( 1280):     be999bcc be999d8d be999da6 be999fa0 be999fc2  
01-01 04:49:16.093 I/DEBUG   ( 1280):     be999bdc 00000000 00000010 0000b8d7 00000006  
01-01 04:49:16.093 I/DEBUG   ( 1280):     be999bec 00001000 00000011 00000064 00000003  
01-01 04:49:16.093 I/DEBUG   ( 1280):     be999bfc 4000c034 00000004 00000020 00000005  
01-01 04:49:16.093 I/DEBUG   ( 1280):     be999c0c 00000008 00000007 4003b000 00000008  
01-01 04:49:16.093 I/DEBUG   ( 1280):     be999c1c 00000000 00000009 4000c880 0000000b  
01-01 04:49:16.093 I/DEBUG   ( 1280):     be999c2c 000003e8 0000000c 000003e8 0000000d  
01-01 04:49:16.093 I/DEBUG   ( 1280):     be999c3c 000003eb 0000000e 000003eb 00000017  
01-01 04:49:16.093 I/DEBUG   ( 1280):     be999c4c 00000000 00000019 be999c70 0000001f  
01-01 04:49:16.093 I/DEBUG   ( 1280):     be999c5c be999fe1 0000000f be999c80 00000000  
01-01 04:49:16.093 I/DEBUG   ( 1280):     be999c6c 00000000 4d117f8a 15765707 5aab0d84  
01-01 04:49:16.093 I/DEBUG   ( 1280): 
01-01 04:49:16.093 I/DEBUG   ( 1280): memory near ip:
01-01 04:49:16.093 I/DEBUG   ( 1280):     418958e0 00000000 0000001b 00000001 00000001  
01-01 04:49:16.093 I/DEBUG   ( 1280):     418958f0 41895b58 00000000 00000018 00000013  
01-01 04:49:16.093 I/DEBUG   ( 1280):     41895900 00000000 636e7953 00000010 0000024b  
01-01 04:49:16.093 I/DEBUG   ( 1280):     41895910 41894208 41895f28 00000001 40751000  
01-01 04:49:16.093 I/DEBUG   ( 1280):     41895920 000fe000 00001000 00000000 00000000  
01-01 04:49:16.093 I/DEBUG   ( 1280):     41895930 000005a2 00000001 00000000 00000000  
01-01 04:49:16.093 I/DEBUG   ( 1280):     41895940 00000000 00000000 4084edd0 40072000  
01-01 04:49:16.093 I/DEBUG   ( 1280):     41895950 00000000 00000000 00000000 00000000  
01-01 04:49:16.093 I/DEBUG   ( 1280):     41895960 00000000 00000000 00000000 00000000  
01-01 04:49:16.093 I/DEBUG   ( 1280):     41895970 00000000 00000000 00000000 00000000  
01-01 04:49:16.093 I/DEBUG   ( 1280):     41895980 00000000 00000000 00000000 00000000  
01-01 04:49:16.093 I/DEBUG   ( 1280):     41895990 00000000 00000000 00000000 00000000  
01-01 04:49:16.093 I/DEBUG   ( 1280):     418959a0 00000000 00000000 00000000 00000000  
01-01 04:49:16.093 I/DEBUG   ( 1280):     418959b0 00000000 00000000 00000000 00000000  
01-01 04:49:16.093 I/DEBUG   ( 1280):     418959c0 00000000 00000000 00000000 00000000  
01-01 04:49:16.093 I/DEBUG   ( 1280):     418959d0 00000000 00000000 00000000 00000000  
01-01 04:49:16.093 I/DEBUG   ( 1280): 
01-01 04:49:16.093 I/DEBUG   ( 1280): memory near sp:
01-01 04:49:16.093 I/DEBUG   ( 1280):     be9995b8 00000000 00000000 4019006e 4030f83c  
01-01 04:49:16.093 I/DEBUG   ( 1280):     be9995c8 4025a39c 40195155 00000000 40195375  
01-01 04:49:16.093 I/DEBUG   ( 1280):     be9995d8 00000590 00000002 00000006 41895900  
01-01 04:49:16.093 I/DEBUG   ( 1280):     be9995e8 41895900 4020800b 00000006 00000000  
01-01 04:49:16.093 I/DEBUG   ( 1280):     be9995f8 4030f83c 4020821b be999608 402069bf  
01-01 04:49:16.093 I/DEBUG   ( 1280):     be999608 ffffffdf 00000004 be99960c 00000001  
01-01 04:49:16.093 I/DEBUG   ( 1280):     be999618 402af384 4d117f8a be99966c be99963c  
01-01 04:49:16.093 I/DEBUG   ( 1280):     be999628 be999a5c 4021d8e4 4019006e 401958e5  
01-01 04:49:16.093 I/DEBUG   ( 1280):     be999638 be999a5c 6c756f63 74276e64 6e696620  
01-01 04:49:16.093 I/DEBUG   ( 1280):     be999648 6e612064 65704f20 204c476e 69205345  
01-01 04:49:16.093 I/DEBUG   ( 1280):     be999658 656c706d 746e656d 6f697461 4019006e  
01-01 04:49:16.093 I/DEBUG   ( 1280):     be999668 be999a94 66727553 46656361 676e696c  
01-01 04:49:16.093 I/DEBUG   ( 1280):     be999678 73277265 69616d20 6874206e 64616572  
01-01 04:49:16.093 I/DEBUG   ( 1280):     be999688 61657220 74207964 7572206f 49202e6e  
01-01 04:49:16.093 I/DEBUG   ( 1280):     be999698 6974696e 7a696c61 20676e69 70617267  
01-01 04:49:16.093 I/DEBUG   ( 1280):     be9996a8 73636968 572f4820 002e2e2e 401f122c  
01-01 04:49:16.093 I/DEBUG   ( 1280): 
01-01 04:49:16.093 I/DEBUG   ( 1280): code around pc:
01-01 04:49:16.093 I/DEBUG   ( 1280):     4021e00c e8bd00f0 e3700a01 912fff1e e2600000  
01-01 04:49:16.101 I/DEBUG   ( 1280):     4021e01c ea00ab81 e92d50f0 e3a07f43 ef000000  
01-01 04:49:16.101 I/DEBUG   ( 1280):     4021e02c e8bd50f0 e3700a01 912fff1e e2600000  
01-01 04:49:16.101 I/DEBUG   ( 1280):     4021e03c ea00ab79 e92d50f0 e3a070ee ef000000  
01-01 04:49:16.101 I/DEBUG   ( 1280):     4021e04c e8bd50f0 e3700a01 912fff1e e2600000  
01-01 04:49:16.101 I/DEBUG   ( 1280):     4021e05c ea00ab71 f200429a bf0080cf f000f891  
01-01 04:49:16.101 I/DEBUG   ( 1280):     4021e06c 4001e92d f040f891 d3532a10 0301ea80  
01-01 04:49:16.101 I/DEBUG   ( 1280):     4021e07c 0303f013 806ef000 d3262ae0 0300f1c0  
01-01 04:49:16.101 I/DEBUG   ( 1280):     4021e08c 030ff013 eba2d021 ea5f0203 bf447cc3  
01-01 04:49:16.101 I/DEBUG   ( 1280):     4021e09c eb01f811 eb01f800 f811bf21 f811cb01  
01-01 04:49:16.101 I/DEBUG   ( 1280):     4021e0ac f800eb01 f800cb01 ea5feb01 da037c43  
01-01 04:49:16.101 I/DEBUG   ( 1280):     4021e0bc 080df9a1 083df980 f921d303 f900070d  
01-01 04:49:16.101 I/DEBUG   ( 1280):     4021e0cc f891071d f891f000 3a40f040 f891d30f  
01-01 04:49:16.101 I/DEBUG   ( 1280):     4021e0dc f891f080 f921f0c0 f921020d f891420d  
01-01 04:49:16.101 I/DEBUG   ( 1280):     4021e0ec 3a40f0c0 020df900 420df900 f102d2f3  
01-01 04:49:16.101 I/DEBUG   ( 1280):     4021e0fc 3a200240 f921d305 3a20020d 020df900  
01-01 04:49:16.101 I/DEBUG   ( 1280): 
01-01 04:49:16.101 I/DEBUG   ( 1280): code around lr:
01-01 04:49:16.117 I/DEBUG   ( 1280):     40207fe8 f852f002 46206005 460cbd70 6a24480e  
01-01 04:49:16.117 I/DEBUG   ( 1280):     40207ff8 f7f84478 f014eb6c 4621ea4a f0164632  
01-01 04:49:16.117 I/DEBUG   ( 1280):     40208008 3001e80c 2400bf18 f002d1ea 6804f83d  
01-01 04:49:16.117 I/DEBUG   ( 1280):     40208018 f83af002 46206005 bf00bd70 000523f4  
01-01 04:49:16.117 I/DEBUG   ( 1280):     40208028 000523e8 000523d2 000523bc bf74f7ff  
01-01 04:49:16.117 I/DEBUG   ( 1280):     40208038 4a3d4b3c 43f0e92d 447b460c 4607b08b  
01-01 04:49:16.117 I/DEBUG   ( 1280):     40208048 589d2616 9309682b f81ef002 8000f8d0  
01-01 04:49:16.117 I/DEBUG   ( 1280):     40208058 4620b13c fed6f016 4606280f 2622bf88  
01-01 04:49:16.117 I/DEBUG   ( 1280):     40208068 f002d90c 4684f811 f8cc4630 9a098000  
01-01 04:49:16.140 I/DEBUG   ( 1280):     40208078 42a2682c b00bd154 83f0e8bd ffd6f7ff  
01-01 04:49:16.140 I/DEBUG   ( 1280):     40208088 d04542b8 44784829 eb1ef7f8 44784828  
01-01 04:49:16.140 I/DEBUG   ( 1280):     40208098 4287e001 6800d008 d1fa2800 26034825  
01-01 04:49:16.140 I/DEBUG   ( 1280):     402080a8 f7f84478 e7dceb14 f10d4823 6a3f0904  
01-01 04:49:16.140 I/DEBUG   ( 1280):     402080b8 f7f84478 4a21eb0c 4648463b 447a2120  
01-01 04:49:16.140 I/DEBUG   ( 1280):     402080c8 fa12f01b 21014648 fb76f027 3ffff1b0  
01-01 04:49:16.140 I/DEBUG   ( 1280):     402080d8 d0104681 46214648 f0144632 1c43e94a  
01-01 04:49:16.195 I/ip6tables( 1423): ip6tables terminated by exit(3)
01-01 04:49:16.195 E/Netd    ( 1423): exec() res=0, status=768 for /system/bin/ip6tables -t filter -N fw_INPUT 
01-01 04:49:20.359 I/Netd    ( 1458): Netd 1.0 starting
01-01 04:49:20.359 W/InterfaceController( 1458): Warning (dlopen failed: library "/system/lib/libnetcmdiface.so" not found) while opening the net interface command library
01-01 04:49:20.507 I/SurfaceFlinger( 1459): SurfaceFlinger is starting
01-01 04:49:20.507 I/SurfaceFlinger( 1459): SurfaceFlinger's main thread ready to run. Initializing graphics H/W...
01-01 04:49:20.531 F/libEGL  ( 1459): couldn't find an OpenGL ES implementation
01-01 04:49:20.531 F/libc    ( 1459): Fatal signal 6 (SIGABRT) at 0x000005b3 (code=-6), thread 1459 (surfaceflinger)
01-01 04:49:20.585 I/DEBUG   ( 1280): *** *** *** *** *** *** *** *** *** *** *** *** *** *** *** ***
01-01 04:49:20.585 I/DEBUG   ( 1280): Build fingerprint: 'pandaboard/pandaboard/pandaboard:4.4.2/KVT49L/130:eng/test-keys'
01-01 04:49:20.585 I/DEBUG   ( 1280): Revision: '0'
01-01 04:49:20.585 I/DEBUG   ( 1280): pid: 1459, tid: 1459, name: surfaceflinger  >>> /system/bin/surfaceflinger <<<
01-01 04:49:20.585 I/DEBUG   ( 1280): signal 6 (SIGABRT), code -6 (SI_TKILL), fault addr --------
01-01 04:49:20.679 I/ip6tables( 1458): ip6tables terminated by exit(3)
01-01 04:49:20.679 E/Netd    ( 1458): exec() res=0, status=768 for /system/bin/ip6tables -t filter -N bw_INPUT 
01-01 04:49:20.679 I/DEBUG   ( 1280):     r0 00000000  r1 000005b3  r2 00000006  r3 00000000
01-01 04:49:20.679 I/DEBUG   ( 1280):     r4 000005b3  r5 00000002  r6 00000006  r7 0000010c
01-01 04:49:20.679 I/DEBUG   ( 1280):     r8 00000000  r9 4001677d  sl 00000000  fp be875b9c
01-01 04:49:20.679 I/DEBUG   ( 1280):     ip 418148e8  sp be8755d8  lr 401c400b  pc 401da02c  cpsr 000f0010
01-01 04:49:20.679 I/DEBUG   ( 1280):     d0  2f6d6574736c6166  d1  4242424242424242
01-01 04:49:20.679 I/DEBUG   ( 1280):     d2  0000000a0000000a  d3  000000000000000a
01-01 04:49:20.679 I/DEBUG   ( 1280):     d4  0000000000000000  d5  0000000000000000
01-01 04:49:20.679 I/DEBUG   ( 1280):     d6  0000000000000000  d7  1ba0edea00000000
01-01 04:49:20.679 I/DEBUG   ( 1280):     d8  0000000000000000  d9  0000000000000000
01-01 04:49:20.679 I/DEBUG   ( 1280):     d10 0000000000000000  d11 0000000000000000
01-01 04:49:20.679 I/DEBUG   ( 1280):     d12 0000000000000000  d13 0000000000000000
01-01 04:49:20.679 I/DEBUG   ( 1280):     d14 0000000000000000  d15 0000000000000000
01-01 04:49:20.679 I/DEBUG   ( 1280):     d16 0000000a00000009  d17 fffff000fffff000
01-01 04:49:20.679 I/DEBUG   ( 1280):     d18 00000fff00000fff  d19 0000000000000000
01-01 04:49:20.679 I/DEBUG   ( 1280):     d20 0000000000000000  d21 0000000000000000
01-01 04:49:20.679 I/DEBUG   ( 1280):     d22 0000000000000000  d23 0000000000000000
01-01 04:49:20.679 I/DEBUG   ( 1280):     d24 0000000000000000  d25 0000000000000000
01-01 04:49:20.679 I/DEBUG   ( 1280):     d26 0000000000000000  d27 0000000000000000
01-01 04:49:20.679 I/DEBUG   ( 1280):     d28 0000000000000000  d29 0000000000000000
01-01 04:49:20.679 I/DEBUG   ( 1280):     d30 0000000000000000  d31 0000000000000000
01-01 04:49:20.679 I/DEBUG   ( 1280):     scr 00000010
01-01 04:49:20.687 I/DEBUG   ( 1280): 
01-01 04:49:20.687 I/DEBUG   ( 1280): backtrace:
01-01 04:49:20.687 I/DEBUG   ( 1280):     #00  pc 0002c02c  /system/lib/libc.so (tgkill+12)
01-01 04:49:20.687 I/DEBUG   ( 1280):     #01  pc 00016007  /system/lib/libc.so (pthread_kill+86)
01-01 04:49:20.687 I/DEBUG   ( 1280):     #02  pc 00016217  /system/lib/libc.so (raise+10)
01-01 04:49:20.687 I/DEBUG   ( 1280):     #03  pc 000149bb  /system/lib/libc.so
01-01 04:49:20.687 I/DEBUG   ( 1280):     #04  pc 0002b8e0  /system/lib/libc.so (abort+4)
01-01 04:49:20.687 I/DEBUG   ( 1280):     #05  pc 000078e1  /system/lib/libcutils.so (__android_log_assert+60)
01-01 04:49:20.687 I/DEBUG   ( 1280):     #06  pc 0003fec3  /system/lib/libEGL.so
01-01 04:49:20.687 I/DEBUG   ( 1280):     #07  pc 0000e859  /system/lib/libEGL.so
01-01 04:49:20.687 I/DEBUG   ( 1280):     #08  pc 0000f3d3  /system/lib/libEGL.so (eglGetDisplay+10)
01-01 04:49:20.687 I/DEBUG   ( 1280):     #09  pc 0001ec81  /system/lib/libsurfaceflinger.so (android::SurfaceFlinger::init()+48)
01-01 04:49:20.687 I/DEBUG   ( 1280):     #10  pc 000007e1  /system/bin/surfaceflinger
01-01 04:49:20.687 I/DEBUG   ( 1280):     #11  pc 0000e28f  /system/lib/libc.so (__libc_init+58)
01-01 04:49:20.687 I/DEBUG   ( 1280):     #12  pc 000008e0  /system/bin/surfaceflinger
01-01 04:49:20.687 I/DEBUG   ( 1280): 
01-01 04:49:20.687 I/DEBUG   ( 1280): stack:
01-01 04:49:20.687 I/DEBUG   ( 1280):          be875598  000003ff  
01-01 04:49:20.687 I/DEBUG   ( 1280):          be87559c  00004000  
01-01 04:49:20.687 I/DEBUG   ( 1280):          be8755a0  418148e8  [heap]
01-01 04:49:20.687 I/DEBUG   ( 1280):          be8755a4  00000000  
01-01 04:49:20.687 I/DEBUG   ( 1280):          be8755a8  4001677d  /system/bin/surfaceflinger
01-01 04:49:20.687 I/DEBUG   ( 1280):          be8755ac  00000000  
01-01 04:49:20.687 I/DEBUG   ( 1280):          be8755b0  be875b9c  [stack]
01-01 04:49:20.687 I/DEBUG   ( 1280):          be8755b4  401e2a61  /system/lib/libc.so (vsnprintf+76)
01-01 04:49:20.687 I/DEBUG   ( 1280):          be8755b8  00000000  
01-01 04:49:20.687 I/DEBUG   ( 1280):          be8755bc  00000000  
01-01 04:49:20.687 I/DEBUG   ( 1280):          be8755c0  401a006e  
01-01 04:49:20.687 I/DEBUG   ( 1280):          be8755c4  4027983c  /system/lib/libEGL.so
01-01 04:49:20.687 I/DEBUG   ( 1280):          be8755c8  4021639c  
01-01 04:49:20.687 I/DEBUG   ( 1280):          be8755cc  401a8155  /system/lib/libcutils.so
01-01 04:49:20.687 I/DEBUG   ( 1280):          be8755d0  00000000  
01-01 04:49:20.687 I/DEBUG   ( 1280):          be8755d4  401a8375  /system/lib/libcutils.so (__android_log_write+120)
01-01 04:49:20.687 I/DEBUG   ( 1280):     #00  be8755d8  000005b3  
01-01 04:49:20.687 I/DEBUG   ( 1280):          be8755dc  00000002  
01-01 04:49:20.687 I/DEBUG   ( 1280):          be8755e0  00000006  
01-01 04:49:20.687 I/DEBUG   ( 1280):          be8755e4  418148e8  [heap]
01-01 04:49:20.687 I/DEBUG   ( 1280):          be8755e8  418148e8  [heap]
01-01 04:49:20.687 I/DEBUG   ( 1280):          be8755ec  401c400b  /system/lib/libc.so (pthread_kill+90)
01-01 04:49:20.687 I/DEBUG   ( 1280):     #01  be8755f0  00000006  
01-01 04:49:20.687 I/DEBUG   ( 1280):          be8755f4  00000000  
01-01 04:49:20.687 I/DEBUG   ( 1280):          be8755f8  4027983c  /system/lib/libEGL.so
01-01 04:49:20.687 I/DEBUG   ( 1280):          be8755fc  401c421b  /system/lib/libc.so (raise+14)
01-01 04:49:20.687 I/DEBUG   ( 1280):     #02  be875600  be875608  [stack]
01-01 04:49:20.687 I/DEBUG   ( 1280):          be875604  401c29bf  /system/lib/libc.so
01-01 04:49:20.718 I/ip6tables( 1458): ip6tables terminated by exit(3)
01-01 04:49:20.718 E/Netd    ( 1458): exec() res=0, status=768 for /system/bin/ip6tables -t filter -A INPUT -j bw_INPUT 
01-01 04:49:20.726 I/DEBUG   ( 1280): 
01-01 04:49:20.726 I/DEBUG   ( 1280): memory near r9:
01-01 04:49:20.726 I/DEBUG   ( 1280):     4001675c e28cca01 e5bcf894 e28fc600 e28cca01  
01-01 04:49:20.726 I/DEBUG   ( 1280):     4001676c e5bcf88c e28fc600 e28cca01 e5bcf884  
01-01 04:49:20.726 I/DEBUG   ( 1280):     4001677c 43f0e92d ac05b087 4620ae03 efaaf7ff  
01-01 04:49:20.726 I/DEBUG   ( 1280):     4001678c 98052104 efacf7ff f0004620 4630f8cd  
01-01 04:49:20.726 I/DEBUG   ( 1280):     4001679c efa0f7ff f7ff9803 f241efaa f7ff4008  
01-01 04:49:20.726 I/DEBUG   ( 1280):     400167ac 4605efac efaef7ff b1359500 4669682b  
01-01 04:49:20.726 I/DEBUG   ( 1280):     400167bc 0c0cf853 f7ff4428 2000efac 0207f06f  
01-01 04:49:20.726 I/DEBUG   ( 1280):     400167cc f10d4601 f7ff0810 2101efaa f7ff2000  
01-01 04:49:20.726 I/DEBUG   ( 1280):     400167dc 9800efac efaef7ff f7ff4640 9f04efb2  
01-01 04:49:20.726 I/DEBUG   ( 1280):     400167ec 49234620 4479683a 9018f8d2 efaef7ff  
01-01 04:49:20.726 I/DEBUG   ( 1280):     400167fc 2b009b00 6858d037 3304ad06 3d10f845  
01-01 04:49:20.726 I/DEBUG   ( 1280):     4001680c f8504629 44180c0c ef82f7ff 46214638  
01-01 04:49:20.726 I/DEBUG   ( 1280):     4001681c 2300462a 9f0247c8 683ab137 f8524629  
01-01 04:49:20.726 I/DEBUG   ( 1280):     4001682c 44380c0c ef50f7ff f7ff4620 9800ef96  
01-01 04:49:20.726 I/DEBUG   ( 1280):     4001683c ef98f7ff b1349c04 46416823 0c0cf853  
01-01 04:49:20.726 I/DEBUG   ( 1280):     4001684c f7ff4420 9d00ef42 6828b135 f8504669  
01-01 04:49:20.726 I/DEBUG   ( 1280): 
01-01 04:49:20.726 I/DEBUG   ( 1280): memory near fp:
01-01 04:49:20.726 I/DEBUG   ( 1280):     be875b7c 00000000 00000000 400168e4 40017e6c  
01-01 04:49:20.726 I/DEBUG   ( 1280):     be875b8c 40017e74 40017e7c be875ba0 00000000  
01-01 04:49:20.726 I/DEBUG   ( 1280):     be875b9c 40041a37 00000001 be875c84 00000000  
01-01 04:49:20.726 I/DEBUG   ( 1280):     be875bac be875c9f be875cdc be875d04 be875d17  
01-01 04:49:20.726 I/DEBUG   ( 1280):     be875bbc be875d2c be875d47 be875d5a be875d73  
01-01 04:49:20.726 I/DEBUG   ( 1280):     be875bcc be875d8d be875da6 be875fa0 be875fc2  
01-01 04:49:20.726 I/DEBUG   ( 1280):     be875bdc 00000000 00000010 0000b8d7 00000006  
01-01 04:49:20.726 I/DEBUG   ( 1280):     be875bec 00001000 00000011 00000064 00000003  
01-01 04:49:20.726 I/DEBUG   ( 1280):     be875bfc 40016034 00000004 00000020 00000005  
01-01 04:49:20.726 I/DEBUG   ( 1280):     be875c0c 00000008 00000007 4003e000 00000008  
01-01 04:49:20.726 I/DEBUG   ( 1280):     be875c1c 00000000 00000009 40016880 0000000b  
01-01 04:49:20.726 I/DEBUG   ( 1280):     be875c2c 000003e8 0000000c 000003e8 0000000d  
01-01 04:49:20.726 I/DEBUG   ( 1280):     be875c3c 000003eb 0000000e 000003eb 00000017  
01-01 04:49:20.726 I/DEBUG   ( 1280):     be875c4c 00000000 00000019 be875c70 0000001f  
01-01 04:49:20.726 I/DEBUG   ( 1280):     be875c5c be875fe1 0000000f be875c80 00000000  
01-01 04:49:20.726 I/DEBUG   ( 1280):     be875c6c 00000000 f2c2a2cb 1a3ca7cc 06d8cb28  
01-01 04:49:20.726 I/DEBUG   ( 1280): 
01-01 04:49:20.726 I/DEBUG   ( 1280): memory near ip:
01-01 04:49:20.750 I/DEBUG   ( 1280):     418148c8 00000000 0000001b 00000002 00000003  
01-01 04:49:20.750 I/DEBUG   ( 1280):     418148d8 418148bc 00000000 00000000 00000013  
01-01 04:49:20.750 I/DEBUG   ( 1280):     418148e8 00000000 402161e8 fffffff7 0000001b  
01-01 04:49:20.750 I/DEBUG   ( 1280):     418148f8 00000001 00000002 41814ef0 00000000  
01-01 04:49:20.750 I/DEBUG   ( 1280):     41814908 00000018 0000024b 41813208 41814f28  
01-01 04:49:20.750 I/DEBUG   ( 1280):     41814918 00000001 406b8000 000fe000 00001000  
01-01 04:49:20.750 I/DEBUG   ( 1280):     41814928 00000000 00000000 000005bb 00000001  
01-01 04:49:20.750 I/DEBUG   ( 1280):     41814938 00000000 00000000 00000000 00000000  
01-01 04:49:20.750 I/DEBUG   ( 1280):     41814948 407b5dd0 40078000 00000000 00000000  
01-01 04:49:20.750 I/DEBUG   ( 1280):     41814958 00000000 00000000 00000000 00000000  
01-01 04:49:20.750 I/DEBUG   ( 1280):     41814968 00000000 00000000 00000000 00000000  
01-01 04:49:20.750 I/DEBUG   ( 1280):     41814978 00000000 00000000 00000000 00000000  
01-01 04:49:20.750 I/DEBUG   ( 1280):     41814988 00000000 00000000 00000000 00000000  
01-01 04:49:20.750 I/DEBUG   ( 1280):     41814998 00000000 00000000 00000000 00000000  
01-01 04:49:20.750 I/DEBUG   ( 1280):     418149a8 00000000 00000000 00000000 00000000  
01-01 04:49:20.750 I/DEBUG   ( 1280):     418149b8 00000000 00000000 00000000 00000000  
01-01 04:49:20.750 I/DEBUG   ( 1280): 
01-01 04:49:20.750 I/DEBUG   ( 1280): memory near sp:
01-01 04:49:20.750 I/DEBUG   ( 1280):     be8755b8 00000000 00000000 401a006e 4027983c  
01-01 04:49:20.750 I/DEBUG   ( 1280):     be8755c8 4021639c 401a8155 00000000 401a8375  
01-01 04:49:20.750 I/DEBUG   ( 1280):     be8755d8 000005b3 00000002 00000006 418148e8  
01-01 04:49:20.750 I/DEBUG   ( 1280):     be8755e8 418148e8 401c400b 00000006 00000000  
01-01 04:49:20.750 I/DEBUG   ( 1280):     be8755f8 4027983c 401c421b be875608 401c29bf  
01-01 04:49:20.750 I/DEBUG   ( 1280):     be875608 ffffffdf 00000004 be87560c 00000001  
01-01 04:49:20.750 I/DEBUG   ( 1280):     be875618 402ee384 f2c2a2cb be87566c be87563c  
01-01 04:49:20.750 I/DEBUG   ( 1280):     be875628 be875a5c 401d98e4 401a006e 401a88e5  
01-01 04:49:20.750 I/DEBUG   ( 1280):     be875638 be875a5c 6c756f63 74276e64 6e696620  
01-01 04:49:20.750 I/DEBUG   ( 1280):     be875648 6e612064 65704f20 204c476e 69205345  
01-01 04:49:20.750 I/DEBUG   ( 1280):     be875658 656c706d 746e656d 6f697461 401a006e  
01-01 04:49:20.750 I/DEBUG   ( 1280):     be875668 be875a94 66727553 46656361 676e696c  
01-01 04:49:20.750 I/DEBUG   ( 1280):     be875678 73277265 69616d20 6874206e 64616572  
01-01 04:49:20.750 I/DEBUG   ( 1280):     be875688 61657220 74207964 7572206f 49202e6e  
01-01 04:49:20.750 I/DEBUG   ( 1280):     be875698 6974696e 7a696c61 20676e69 70617267  
01-01 04:49:20.750 I/DEBUG   ( 1280):     be8756a8 73636968 572f4820 002e2e2e 4018722c  
01-01 04:49:20.750 I/DEBUG   ( 1280): 
01-01 04:49:20.750 I/DEBUG   ( 1280): code around pc:
01-01 04:49:20.750 I/DEBUG   ( 1280):     401da00c e8bd00f0 e3700a01 912fff1e e2600000  
01-01 04:49:20.750 I/DEBUG   ( 1280):     401da01c ea00ab81 e92d50f0 e3a07f43 ef000000  
01-01 04:49:20.750 I/DEBUG   ( 1280):     401da02c e8bd50f0 e3700a01 912fff1e e2600000  
01-01 04:49:20.750 I/DEBUG   ( 1280):     401da03c ea00ab79 e92d50f0 e3a070ee ef000000  
01-01 04:49:20.750 I/DEBUG   ( 1280):     401da04c e8bd50f0 e3700a01 912fff1e e2600000  
01-01 04:49:20.750 I/DEBUG   ( 1280):     401da05c ea00ab71 f200429a bf0080cf f000f891  
01-01 04:49:20.750 I/DEBUG   ( 1280):     401da06c 4001e92d f040f891 d3532a10 0301ea80  
01-01 04:49:20.750 I/DEBUG   ( 1280):     401da07c 0303f013 806ef000 d3262ae0 0300f1c0  
01-01 04:49:20.750 I/DEBUG   ( 1280):     401da08c 030ff013 eba2d021 ea5f0203 bf447cc3  
01-01 04:49:20.750 I/DEBUG   ( 1280):     401da09c eb01f811 eb01f800 f811bf21 f811cb01  
01-01 04:49:20.750 I/DEBUG   ( 1280):     401da0ac f800eb01 f800cb01 ea5feb01 da037c43  
01-01 04:49:20.750 I/DEBUG   ( 1280):     401da0bc 080df9a1 083df980 f921d303 f900070d  
01-01 04:49:20.750 I/DEBUG   ( 1280):     401da0cc f891071d f891f000 3a40f040 f891d30f  
01-01 04:49:20.750 I/DEBUG   ( 1280):     401da0dc f891f080 f921f0c0 f921020d f891420d  
01-01 04:49:20.750 I/DEBUG   ( 1280):     401da0ec 3a40f0c0 020df900 420df900 f102d2f3  
01-01 04:49:20.750 I/DEBUG   ( 1280):     401da0fc 3a200240 f921d305 3a20020d 020df900  
01-01 04:49:20.750 I/DEBUG   ( 1280): 
01-01 04:49:20.750 I/DEBUG   ( 1280): code around lr:
01-01 04:49:20.750 I/DEBUG   ( 1280):     401c3fe8 f852f002 46206005 460cbd70 6a24480e  
01-01 04:49:20.750 I/DEBUG   ( 1280):     401c3ff8 f7f84478 f014eb6c 4621ea4a f0164632  
01-01 04:49:20.750 I/DEBUG   ( 1280):     401c4008 3001e80c 2400bf18 f002d1ea 6804f83d  
01-01 04:49:20.750 I/DEBUG   ( 1280):     401c4018 f83af002 46206005 bf00bd70 000523f4  
01-01 04:49:20.750 I/DEBUG   ( 1280):     401c4028 000523e8 000523d2 000523bc bf74f7ff  
01-01 04:49:20.750 I/DEBUG   ( 1280):     401c4038 4a3d4b3c 43f0e92d 447b460c 4607b08b  
01-01 04:49:20.750 I/DEBUG   ( 1280):     401c4048 589d2616 9309682b f81ef002 8000f8d0  
01-01 04:49:20.750 I/DEBUG   ( 1280):     401c4058 4620b13c fed6f016 4606280f 2622bf88  
01-01 04:49:20.750 I/DEBUG   ( 1280):     401c4068 f002d90c 4684f811 f8cc4630 9a098000  
01-01 04:49:20.750 I/DEBUG   ( 1280):     401c4078 42a2682c b00bd154 83f0e8bd ffd6f7ff  
01-01 04:49:20.750 I/DEBUG   ( 1280):     401c4088 d04542b8 44784829 eb1ef7f8 44784828  
01-01 04:49:20.750 I/DEBUG   ( 1280):     401c4098 4287e001 6800d008 d1fa2800 26034825  
01-01 04:49:20.750 I/DEBUG   ( 1280):     401c40a8 f7f84478 e7dceb14 f10d4823 6a3f0904  
01-01 04:49:20.750 I/DEBUG   ( 1280):     401c40b8 f7f84478 4a21eb0c 4648463b 447a2120  
01-01 04:49:20.750 I/DEBUG   ( 1280):     401c40c8 fa12f01b 21014648 fb76f027 3ffff1b0  
01-01 04:49:20.750 I/DEBUG   ( 1280):     401c40d8 d0104681 46214648 f0144632 1c43e94a  
01-01 04:49:26.070 I/Netd    ( 1490): Netd 1.0 starting
01-01 04:49:26.070 W/InterfaceController( 1490): Warning (dlopen failed: library "/system/lib/libnetcmdiface.so" not found) while opening the net interface command library
01-01 04:49:26.250 I/SurfaceFlinger( 1491): SurfaceFlinger is starting
01-01 04:49:26.250 I/SurfaceFlinger( 1491): SurfaceFlinger's main thread ready to run. Initializing graphics H/W...
01-01 04:49:26.250 F/libEGL  ( 1491): couldn't find an OpenGL ES implementation
