01-01 04:49:57.625 I/DEBUG   ( 1280): stack:
01-01 04:49:57.625 I/DEBUG   ( 1280):          beed4598  000003ff  
01-01 04:49:57.625 I/DEBUG   ( 1280):          beed459c  00004000  
01-01 04:49:57.625 I/DEBUG   ( 1280):          beed45a0  4042a860  
01-01 04:49:57.625 I/DEBUG   ( 1280):          beed45a4  00000000  
01-01 04:49:57.625 I/DEBUG   ( 1280):          beed45a8  400b877d  /system/bin/surfaceflinger
01-01 04:49:57.625 I/DEBUG   ( 1280):          beed45ac  00000000  
01-01 04:49:57.625 I/DEBUG   ( 1280):          beed45b0  beed4b9c  [stack]
01-01 04:49:57.625 I/DEBUG   ( 1280):          beed45b4  401a1a61  /system/lib/libc.so (vsnprintf+76)
01-01 04:49:57.625 I/DEBUG   ( 1280):          beed45b8  00000000  
01-01 04:49:57.625 I/DEBUG   ( 1280):          beed45bc  00000000  
01-01 04:49:57.625 I/DEBUG   ( 1280):          beed45c0  400f006e  
01-01 04:49:57.625 I/DEBUG   ( 1280):          beed45c4  4025d83c  /system/lib/libEGL.so
01-01 04:49:57.625 I/DEBUG   ( 1280):          beed45c8  401d539c  
01-01 04:49:57.625 I/DEBUG   ( 1280):          beed45cc  400ff155  /system/lib/libcutils.so
01-01 04:49:57.625 I/DEBUG   ( 1280):          beed45d0  00000000  
01-01 04:49:57.625 I/DEBUG   ( 1280):          beed45d4  400ff375  /system/lib/libcutils.so (__android_log_write+120)
01-01 04:49:57.625 I/DEBUG   ( 1280):     #00  beed45d8  000006ab  
01-01 04:49:57.625 I/DEBUG   ( 1280):          beed45dc  00000002  
01-01 04:49:57.625 I/DEBUG   ( 1280):          beed45e0  00000006  
01-01 04:49:57.625 I/DEBUG   ( 1280):          beed45e4  4042a860  
01-01 04:49:57.625 I/DEBUG   ( 1280):          beed45e8  4042a860  
01-01 04:49:57.625 I/DEBUG   ( 1280):          beed45ec  4018300b  /system/lib/libc.so (pthread_kill+90)
01-01 04:49:57.625 I/DEBUG   ( 1280):     #01  beed45f0  00000006  
01-01 04:49:57.625 I/DEBUG   ( 1280):          beed45f4  00000000  
01-01 04:49:57.625 I/DEBUG   ( 1280):          beed45f8  4025d83c  /system/lib/libEGL.so
01-01 04:49:57.625 I/DEBUG   ( 1280):          beed45fc  4018321b  /system/lib/libc.so (raise+14)
01-01 04:49:57.625 I/DEBUG   ( 1280):     #02  beed4600  beed4608  [stack]
01-01 04:49:57.625 I/DEBUG   ( 1280):          beed4604  401819bf  /system/lib/libc.so
01-01 04:49:57.625 I/DEBUG   ( 1280): 
01-01 04:49:57.625 I/DEBUG   ( 1280): memory near r9:
01-01 04:49:57.625 I/DEBUG   ( 1280):     400b875c e28cca01 e5bcf894 e28fc600 e28cca01  
01-01 04:49:57.625 I/DEBUG   ( 1280):     400b876c e5bcf88c e28fc600 e28cca01 e5bcf884  
01-01 04:49:57.625 I/DEBUG   ( 1280):     400b877c 43f0e92d ac05b087 4620ae03 efaaf7ff  
01-01 04:49:57.625 I/DEBUG   ( 1280):     400b878c 98052104 efacf7ff f0004620 4630f8cd  
01-01 04:49:57.625 I/DEBUG   ( 1280):     400b879c efa0f7ff f7ff9803 f241efaa f7ff4008  
01-01 04:49:57.625 I/DEBUG   ( 1280):     400b87ac 4605efac efaef7ff b1359500 4669682b  
01-01 04:49:57.625 I/DEBUG   ( 1280):     400b87bc 0c0cf853 f7ff4428 2000efac 0207f06f  
01-01 04:49:57.625 I/DEBUG   ( 1280):     400b87cc f10d4601 f7ff0810 2101efaa f7ff2000  
01-01 04:49:57.625 I/DEBUG   ( 1280):     400b87dc 9800efac efaef7ff f7ff4640 9f04efb2  
01-01 04:49:57.625 I/DEBUG   ( 1280):     400b87ec 49234620 4479683a 9018f8d2 efaef7ff  
01-01 04:49:57.625 I/DEBUG   ( 1280):     400b87fc 2b009b00 6858d037 3304ad06 3d10f845  
01-01 04:49:57.625 I/DEBUG   ( 1280):     400b880c f8504629 44180c0c ef82f7ff 46214638  
01-01 04:49:57.625 I/DEBUG   ( 1280):     400b881c 2300462a 9f0247c8 683ab137 f8524629  
01-01 04:49:57.625 I/DEBUG   ( 1280):     400b882c 44380c0c ef50f7ff f7ff4620 9800ef96  
01-01 04:49:57.625 I/DEBUG   ( 1280):     400b883c ef98f7ff b1349c04 46416823 0c0cf853  
01-01 04:49:57.625 I/DEBUG   ( 1280):     400b884c f7ff4420 9d00ef42 6828b135 f8504669  
01-01 04:49:57.625 I/DEBUG   ( 1280): 
01-01 04:49:57.625 I/DEBUG   ( 1280): memory near fp:
01-01 04:49:57.625 I/DEBUG   ( 1280):     beed4b7c 00000000 00000000 400b88e4 400b9e6c  
01-01 04:49:57.625 I/DEBUG   ( 1280):     beed4b8c 400b9e74 400b9e7c beed4ba0 00000000  
01-01 04:49:57.625 I/DEBUG   ( 1280):     beed4b9c 40153a37 00000001 beed4c84 00000000  
01-01 04:49:57.625 I/DEBUG   ( 1280):     beed4bac beed4c9f beed4cdc beed4d04 beed4d17  
01-01 04:49:57.625 I/DEBUG   ( 1280):     beed4bbc beed4d2c beed4d47 beed4d5a beed4d73  
01-01 04:49:57.625 I/DEBUG   ( 1280):     beed4bcc beed4d8d beed4da6 beed4fa0 beed4fc2  
01-01 04:49:57.625 I/DEBUG   ( 1280):     beed4bdc 00000000 00000010 0000b8d7 00000006  
01-01 04:49:57.625 I/DEBUG   ( 1280):     beed4bec 00001000 00000011 00000064 00000003  
01-01 04:49:57.625 I/DEBUG   ( 1280):     beed4bfc 400b8034 00000004 00000020 00000005  
01-01 04:49:57.625 I/DEBUG   ( 1280):     beed4c0c 00000008 00000007 40150000 00000008  
01-01 04:49:57.625 I/DEBUG   ( 1280):     beed4c1c 00000000 00000009 400b8880 0000000b  
01-01 04:49:57.625 I/DEBUG   ( 1280):     beed4c2c 000003e8 0000000c 000003e8 0000000d  
01-01 04:49:57.625 I/DEBUG   ( 1280):     beed4c3c 000003eb 0000000e 000003eb 00000017  
01-01 04:49:57.640 I/DEBUG   ( 1280):     beed4c4c 00000000 00000019 beed4c70 0000001f  
01-01 04:49:57.640 I/DEBUG   ( 1280):     beed4c5c beed4fe1 0000000f beed4c80 00000000  
01-01 04:49:57.640 I/DEBUG   ( 1280):     beed4c6c 00000000 6347cbf9 346ae85f 7ef212b4  
01-01 04:49:57.640 I/DEBUG   ( 1280): 
01-01 04:49:57.640 I/DEBUG   ( 1280): memory near ip:
01-01 04:49:57.640 I/DEBUG   ( 1280):     4042a840 4042a848 0000001b 00000001 00000001  
01-01 04:49:57.640 I/DEBUG   ( 1280):     4042a850 4042a83c 00000000 00000000 00000013  
01-01 04:49:57.640 I/DEBUG   ( 1280):     4042a860 00000000 00000000 00000000 000000ab  
01-01 04:49:57.640 I/DEBUG   ( 1280):     4042a870 4042a180 000006b3 403956a8 00000000  
01-01 04:49:57.640 I/DEBUG   ( 1280):     4042a880 00000000 00000007 00000004 403956d0  
01-01 04:49:57.640 I/DEBUG   ( 1280):     4042a890 00000000 00000000 00000007 00000004  
01-01 04:49:57.640 I/DEBUG   ( 1280):     4042a8a0 00000000 4042a918 00000004 00000100  
01-01 04:49:57.640 I/DEBUG   ( 1280):     4042a8b0 00000004 00000000 00000000 00000000  
01-01 04:49:57.640 I/DEBUG   ( 1280):     4042a8c0 00000000 00010001 00000000 00000000  
01-01 04:49:57.640 I/DEBUG   ( 1280):     4042a8d0 00000000 4042aa20 00000000 00000100  
01-01 04:49:57.640 I/DEBUG   ( 1280):     4042a8e0 00000000 00000000 00000000 00000000  
01-01 04:49:57.640 I/DEBUG   ( 1280):     4042a8f0 00000000 00010001 00000000 00000000  
01-01 04:49:57.640 I/DEBUG   ( 1280):     4042a900 00000000 000006ab 000003e8 00000000  
01-01 04:49:57.640 I/DEBUG   ( 1280):     4042a910 00000000 0000010b 0000720c 00000000  
01-01 04:49:57.640 I/DEBUG   ( 1280):     4042a920 00000000 00000000 00000000 00000000  
01-01 04:49:57.640 I/DEBUG   ( 1280):     4042a930 00000000 00000000 00000000 00000000  
01-01 04:49:57.640 I/DEBUG   ( 1280): 
01-01 04:49:57.640 I/DEBUG   ( 1280): memory near sp:
01-01 04:49:57.640 I/DEBUG   ( 1280):     beed45b8 00000000 00000000 400f006e 4025d83c  
01-01 04:49:57.640 I/DEBUG   ( 1280):     beed45c8 401d539c 400ff155 00000000 400ff375  
01-01 04:49:57.640 I/DEBUG   ( 1280):     beed45d8 000006ab 00000002 00000006 4042a860  
01-01 04:49:57.640 I/DEBUG   ( 1280):     beed45e8 4042a860 4018300b 00000006 00000000  
01-01 04:49:57.640 I/DEBUG   ( 1280):     beed45f8 4025d83c 4018321b beed4608 401819bf  
01-01 04:49:57.640 I/DEBUG   ( 1280):     beed4608 ffffffdf 00000004 beed460c 00000001  
01-01 04:49:57.640 I/DEBUG   ( 1280):     beed4618 402b2384 6347cbf9 beed466c beed463c  
01-01 04:49:57.640 I/DEBUG   ( 1280):     beed4628 beed4a5c 401988e4 400f006e 400ff8e5  
01-01 04:49:57.640 I/DEBUG   ( 1280):     beed4638 beed4a5c 6c756f63 74276e64 6e696620  
01-01 04:49:57.640 I/DEBUG   ( 1280):     beed4648 6e612064 65704f20 204c476e 69205345  
01-01 04:49:57.640 I/DEBUG   ( 1280):     beed4658 656c706d 746e656d 6f697461 400f006e  
01-01 04:49:57.640 I/DEBUG   ( 1280):     beed4668 beed4a94 66727553 46656361 676e696c  
01-01 04:49:57.640 I/DEBUG   ( 1280):     beed4678 73277265 69616d20 6874206e 64616572  
01-01 04:49:57.640 I/DEBUG   ( 1280):     beed4688 61657220 74207964 7572206f 49202e6e  
01-01 04:49:57.640 I/DEBUG   ( 1280):     beed4698 6974696e 7a696c61 20676e69 70617267  
01-01 04:49:57.640 I/DEBUG   ( 1280):     beed46a8 73636968 572f4820 002e2e2e 00000000  
01-01 04:49:57.640 I/DEBUG   ( 1280): 
01-01 04:49:57.640 I/DEBUG   ( 1280): code around pc:
01-01 04:49:57.640 I/DEBUG   ( 1280):     4019900c e8bd00f0 e3700a01 912fff1e e2600000  
01-01 04:49:57.640 I/DEBUG   ( 1280):     4019901c ea00ab81 e92d50f0 e3a07f43 ef000000  
01-01 04:49:57.640 I/DEBUG   ( 1280):     4019902c e8bd50f0 e3700a01 912fff1e e2600000  
01-01 04:49:57.640 I/DEBUG   ( 1280):     4019903c ea00ab79 e92d50f0 e3a070ee ef000000  
01-01 04:49:57.640 I/DEBUG   ( 1280):     4019904c e8bd50f0 e3700a01 912fff1e e2600000  
01-01 04:49:57.640 I/DEBUG   ( 1280):     4019905c ea00ab71 f200429a bf0080cf f000f891  
01-01 04:49:57.640 I/DEBUG   ( 1280):     4019906c 4001e92d f040f891 d3532a10 0301ea80  
01-01 04:49:57.640 I/DEBUG   ( 1280):     4019907c 0303f013 806ef000 d3262ae0 0300f1c0  
01-01 04:49:57.640 I/DEBUG   ( 1280):     4019908c 030ff013 eba2d021 ea5f0203 bf447cc3  
01-01 04:49:57.640 I/DEBUG   ( 1280):     4019909c eb01f811 eb01f800 f811bf21 f811cb01  
01-01 04:49:57.640 I/DEBUG   ( 1280):     401990ac f800eb01 f800cb01 ea5feb01 da037c43  
01-01 04:49:57.640 I/DEBUG   ( 1280):     401990bc 080df9a1 083df980 f921d303 f900070d  
01-01 04:49:57.640 I/DEBUG   ( 1280):     401990cc f891071d f891f000 3a40f040 f891d30f  
01-01 04:49:57.640 I/DEBUG   ( 1280):     401990dc f891f080 f921f0c0 f921020d f891420d  
01-01 04:49:57.640 I/DEBUG   ( 1280):     401990ec 3a40f0c0 020df900 420df900 f102d2f3  
01-01 04:49:57.640 I/DEBUG   ( 1280):     401990fc 3a200240 f921d305 3a20020d 020df900  
01-01 04:49:57.640 I/DEBUG   ( 1280): 
01-01 04:49:57.640 I/DEBUG   ( 1280): code around lr:
01-01 04:49:57.640 I/DEBUG   ( 1280):     40182fe8 f852f002 46206005 460cbd70 6a24480e  
01-01 04:49:57.640 I/DEBUG   ( 1280):     40182ff8 f7f84478 f014eb6c 4621ea4a f0164632  
01-01 04:49:57.640 I/DEBUG   ( 1280):     40183008 3001e80c 2400bf18 f002d1ea 6804f83d  
01-01 04:49:57.640 I/DEBUG   ( 1280):     40183018 f83af002 46206005 bf00bd70 000523f4  
01-01 04:49:57.640 I/DEBUG   ( 1280):     40183028 000523e8 000523d2 000523bc bf74f7ff  
01-01 04:49:57.640 I/DEBUG   ( 1280):     40183038 4a3d4b3c 43f0e92d 447b460c 4607b08b  
01-01 04:49:57.640 I/DEBUG   ( 1280):     40183048 589d2616 9309682b f81ef002 8000f8d0  
01-01 04:49:57.640 I/DEBUG   ( 1280):     40183058 4620b13c fed6f016 4606280f 2622bf88  
01-01 04:49:57.640 I/DEBUG   ( 1280):     40183068 f002d90c 4684f811 f8cc4630 9a098000  
01-01 04:49:57.640 I/DEBUG   ( 1280):     40183078 42a2682c b00bd154 83f0e8bd ffd6f7ff  
01-01 04:49:57.640 I/DEBUG   ( 1280):     40183088 d04542b8 44784829 eb1ef7f8 44784828  
01-01 04:49:57.640 I/DEBUG   ( 1280):     40183098 4287e001 6800d008 d1fa2800 26034825  
01-01 04:49:57.640 I/DEBUG   ( 1280):     401830a8 f7f84478 e7dceb14 f10d4823 6a3f0904  
01-01 04:49:57.640 I/DEBUG   ( 1280):     401830b8 f7f84478 4a21eb0c 4648463b 447a2120  
01-01 04:49:57.640 I/DEBUG   ( 1280):     401830c8 fa12f01b 21014648 fb76f027 3ffff1b0  
01-01 04:49:57.640 I/DEBUG   ( 1280):     401830d8 d0104681 46214648 f0144632 1c43e94a  
01-01 04:49:57.656 I/ip6tables( 1706): ip6tables terminated by exit(3)
01-01 04:49:57.664 E/Netd    ( 1706): exec() res=0, status=768 for /system/bin/ip6tables -t filter -N bw_INPUT 
01-01 04:49:57.687 I/ip6tables( 1706): ip6tables terminated by exit(3)
01-01 04:49:57.687 E/Netd    ( 1706): exec() res=0, status=768 for /system/bin/ip6tables -t filter -A INPUT -j bw_INPUT 
01-01 04:50:02.843 I/Netd    ( 1729): Netd 1.0 starting
01-01 04:50:02.843 W/InterfaceController( 1729): Warning (dlopen failed: library "/system/lib/libnetcmdiface.so" not found) while opening the net interface command library
01-01 04:50:03.015 I/SurfaceFlinger( 1730): SurfaceFlinger is starting
01-01 04:50:03.015 I/SurfaceFlinger( 1730): SurfaceFlinger's main thread ready to run. Initializing graphics H/W...
01-01 04:50:03.015 F/libEGL  ( 1730): couldn't find an OpenGL ES implementation
01-01 04:50:03.015 F/libc    ( 1730): Fatal signal 6 (SIGABRT) at 0x000006c2 (code=-6), thread 1730 (surfaceflinger)
01-01 04:50:03.085 I/DEBUG   ( 1280): *** *** *** *** *** *** *** *** *** *** *** *** *** *** *** ***
01-01 04:50:03.085 I/DEBUG   ( 1280): Build fingerprint: 'pandaboard/pandaboard/pandaboard:4.4.2/KVT49L/130:eng/test-keys'
01-01 04:50:03.085 I/DEBUG   ( 1280): Revision: '0'
01-01 04:50:03.085 I/DEBUG   ( 1280): pid: 1730, tid: 1730, name: surfaceflinger  >>> /system/bin/surfaceflinger <<<
01-01 04:50:03.085 I/DEBUG   ( 1280): signal 6 (SIGABRT), code -6 (SI_TKILL), fault addr --------
01-01 04:50:03.101 I/DEBUG   ( 1280):     r0 00000000  r1 000006c2  r2 00000006  r3 00000000
01-01 04:50:03.101 I/DEBUG   ( 1280):     r4 000006c2  r5 00000002  r6 00000006  r7 0000010c
01-01 04:50:03.101 I/DEBUG   ( 1280):     r8 00000000  r9 4001577d  sl 00000000  fp beea1b9c
01-01 04:50:03.101 I/DEBUG   ( 1280):     ip 411efc10  sp beea15d8  lr 4015600b  pc 4016c02c  cpsr 000f0010
01-01 04:50:03.101 I/DEBUG   ( 1280):     d0  2f6d6574736c6166  d1  4242424242424242
01-01 04:50:03.101 I/DEBUG   ( 1280):     d2  0000000a0000000a  d3  000000000000000a
01-01 04:50:03.101 I/DEBUG   ( 1280):     d4  0000000000000000  d5  0000000000000000
01-01 04:50:03.101 I/DEBUG   ( 1280):     d6  0000000000000000  d7  39a9767400000000
01-01 04:50:03.101 I/DEBUG   ( 1280):     d8  0000000000000000  d9  0000000000000000
01-01 04:50:03.101 I/DEBUG   ( 1280):     d10 0000000000000000  d11 0000000000000000
01-01 04:50:03.101 I/DEBUG   ( 1280):     d12 0000000000000000  d13 0000000000000000
01-01 04:50:03.101 I/DEBUG   ( 1280):     d14 0000000000000000  d15 0000000000000000
01-01 04:50:03.101 I/DEBUG   ( 1280):     d16 0000000a00000009  d17 fffff000fffff000
01-01 04:50:03.101 I/DEBUG   ( 1280):     d18 00000fff00000fff  d19 0000000000000000
01-01 04:50:03.101 I/DEBUG   ( 1280):     d20 0000000000000000  d21 0000000000000000
01-01 04:50:03.101 I/DEBUG   ( 1280):     d22 0000000000000000  d23 0000000000000000
01-01 04:50:03.101 I/DEBUG   ( 1280):     d24 0000000000000000  d25 0000000000000000
01-01 04:50:03.101 I/DEBUG   ( 1280):     d26 0000000000000000  d27 0000000000000000
01-01 04:50:03.101 I/DEBUG   ( 1280):     d28 0000000000000000  d29 0000000000000000
01-01 04:50:03.101 I/DEBUG   ( 1280):     d30 0000000000000000  d31 0000000000000000
01-01 04:50:03.101 I/DEBUG   ( 1280):     scr 00000010
01-01 04:50:03.109 I/DEBUG   ( 1280): 
01-01 04:50:03.109 I/DEBUG   ( 1280): backtrace:
01-01 04:50:03.109 I/DEBUG   ( 1280):     #00  pc 0002c02c  /system/lib/libc.so (tgkill+12)
01-01 04:50:03.109 I/DEBUG   ( 1280):     #01  pc 00016007  /system/lib/libc.so (pthread_kill+86)
01-01 04:50:03.109 I/DEBUG   ( 1280):     #02  pc 00016217  /system/lib/libc.so (raise+10)
01-01 04:50:03.109 I/DEBUG   ( 1280):     #03  pc 000149bb  /system/lib/libc.so
01-01 04:50:03.109 I/DEBUG   ( 1280):     #04  pc 0002b8e0  /system/lib/libc.so (abort+4)
01-01 04:50:03.109 I/DEBUG   ( 1280):     #05  pc 000078e1  /system/lib/libcutils.so (__android_log_assert+60)
01-01 04:50:03.109 I/DEBUG   ( 1280):     #06  pc 0003fec3  /system/lib/libEGL.so
01-01 04:50:03.109 I/DEBUG   ( 1280):     #07  pc 0000e859  /system/lib/libEGL.so
01-01 04:50:03.109 I/DEBUG   ( 1280):     #08  pc 0000f3d3  /system/lib/libEGL.so (eglGetDisplay+10)
01-01 04:50:03.109 I/DEBUG   ( 1280):     #09  pc 0001ec81  /system/lib/libsurfaceflinger.so (android::SurfaceFlinger::init()+48)
01-01 04:50:03.109 I/DEBUG   ( 1280):     #10  pc 000007e1  /system/bin/surfaceflinger
01-01 04:50:03.109 I/DEBUG   ( 1280):     #11  pc 0000e28f  /system/lib/libc.so (__libc_init+58)
01-01 04:50:03.109 I/DEBUG   ( 1280):     #12  pc 000008e0  /system/bin/surfaceflinger
01-01 04:50:03.109 I/DEBUG   ( 1280): 
01-01 04:50:03.109 I/DEBUG   ( 1280): stack:
01-01 04:50:03.109 I/DEBUG   ( 1280):          beea1598  000003ff  
01-01 04:50:03.109 I/DEBUG   ( 1280):          beea159c  00004000  
01-01 04:50:03.109 I/DEBUG   ( 1280):          beea15a0  411efc10  [heap]
01-01 04:50:03.109 I/DEBUG   ( 1280):          beea15a4  00000000  
01-01 04:50:03.109 I/DEBUG   ( 1280):          beea15a8  4001577d  /system/bin/surfaceflinger
01-01 04:50:03.109 I/DEBUG   ( 1280):          beea15ac  00000000  
01-01 04:50:03.109 I/DEBUG   ( 1280):          beea15b0  beea1b9c  [stack]
01-01 04:50:03.109 I/DEBUG   ( 1280):          beea15b4  40174a61  /system/lib/libc.so (vsnprintf+76)
01-01 04:50:03.109 I/DEBUG   ( 1280):          beea15b8  00000000  
01-01 04:50:03.109 I/DEBUG   ( 1280):          beea15bc  00000000  
01-01 04:50:03.109 I/DEBUG   ( 1280):          beea15c0  401f006e  
01-01 04:50:03.109 I/DEBUG   ( 1280):          beea15c4  402c283c  /system/lib/libEGL.so
01-01 04:50:03.109 I/DEBUG   ( 1280):          beea15c8  401a839c  
01-01 04:50:03.109 I/DEBUG   ( 1280):          beea15cc  401fb155  /system/lib/libcutils.so
01-01 04:50:03.109 I/DEBUG   ( 1280):          beea15d0  00000000  
01-01 04:50:03.109 I/DEBUG   ( 1280):          beea15d4  401fb375  /system/lib/libcutils.so (__android_log_write+120)
01-01 04:50:03.109 I/DEBUG   ( 1280):     #00  beea15d8  000006c2  
01-01 04:50:03.109 I/DEBUG   ( 1280):          beea15dc  00000002  
01-01 04:50:03.109 I/DEBUG   ( 1280):          beea15e0  00000006  
01-01 04:50:03.109 I/DEBUG   ( 1280):          beea15e4  411efc10  [heap]
01-01 04:50:03.109 I/DEBUG   ( 1280):          beea15e8  411efc10  [heap]
01-01 04:50:03.109 I/DEBUG   ( 1280):          beea15ec  4015600b  /system/lib/libc.so (pthread_kill+90)
01-01 04:50:03.109 I/DEBUG   ( 1280):     #01  beea15f0  00000006  
01-01 04:50:03.109 I/DEBUG   ( 1280):          beea15f4  00000000  
01-01 04:50:03.109 I/DEBUG   ( 1280):          beea15f8  402c283c  /system/lib/libEGL.so
01-01 04:50:03.109 I/DEBUG   ( 1280):          beea15fc  4015621b  /system/lib/libc.so (raise+14)
01-01 04:50:03.109 I/DEBUG   ( 1280):     #02  beea1600  beea1608  [stack]
01-01 04:50:03.109 I/DEBUG   ( 1280):          beea1604  401549bf  /system/lib/libc.so
01-01 04:50:03.109 I/DEBUG   ( 1280): 
01-01 04:50:03.109 I/DEBUG   ( 1280): memory near r9:
01-01 04:50:03.109 I/DEBUG   ( 1280):     4001575c e28cca01 e5bcf894 e28fc600 e28cca01  
01-01 04:50:03.109 I/DEBUG   ( 1280):     4001576c e5bcf88c e28fc600 e28cca01 e5bcf884  
01-01 04:50:03.109 I/DEBUG   ( 1280):     4001577c 43f0e92d ac05b087 4620ae03 efaaf7ff  
01-01 04:50:03.109 I/DEBUG   ( 1280):     4001578c 98052104 efacf7ff f0004620 4630f8cd  
01-01 04:50:03.109 I/DEBUG   ( 1280):     4001579c efa0f7ff f7ff9803 f241efaa f7ff4008  
01-01 04:50:03.109 I/DEBUG   ( 1280):     400157ac 4605efac efaef7ff b1359500 4669682b  
01-01 04:50:03.125 I/DEBUG   ( 1280):     400157bc 0c0cf853 f7ff4428 2000efac 0207f06f  
01-01 04:50:03.125 I/DEBUG   ( 1280):     400157cc f10d4601 f7ff0810 2101efaa f7ff2000  
01-01 04:50:03.125 I/DEBUG   ( 1280):     400157dc 9800efac efaef7ff f7ff4640 9f04efb2  
01-01 04:50:03.125 I/DEBUG   ( 1280):     400157ec 49234620 4479683a 9018f8d2 efaef7ff  
01-01 04:50:03.125 I/DEBUG   ( 1280):     400157fc 2b009b00 6858d037 3304ad06 3d10f845  
01-01 04:50:03.125 I/DEBUG   ( 1280):     4001580c f8504629 44180c0c ef82f7ff 46214638  
01-01 04:50:03.125 I/DEBUG   ( 1280):     4001581c 2300462a 9f0247c8 683ab137 f8524629  
01-01 04:50:03.125 I/DEBUG   ( 1280):     4001582c 44380c0c ef50f7ff f7ff4620 9800ef96  
01-01 04:50:03.125 I/DEBUG   ( 1280):     4001583c ef98f7ff b1349c04 46416823 0c0cf853  
01-01 04:50:03.125 I/DEBUG   ( 1280):     4001584c f7ff4420 9d00ef42 6828b135 f8504669  
01-01 04:50:03.125 I/DEBUG   ( 1280): 
01-01 04:50:03.125 I/DEBUG   ( 1280): memory near fp:
01-01 04:50:03.125 I/DEBUG   ( 1280):     beea1b7c 00000000 00000000 400158e4 40016e6c  
01-01 04:50:03.125 I/DEBUG   ( 1280):     beea1b8c 40016e74 40016e7c beea1ba0 00000000  
01-01 04:50:03.125 I/DEBUG   ( 1280):     beea1b9c 400a6a37 00000001 beea1c84 00000000  
01-01 04:50:03.125 I/DEBUG   ( 1280):     beea1bac beea1c9f beea1cdc beea1d04 beea1d17  
01-01 04:50:03.125 I/DEBUG   ( 1280):     beea1bbc beea1d2c beea1d47 beea1d5a beea1d73  
01-01 04:50:03.125 I/DEBUG   ( 1280):     beea1bcc beea1d8d beea1da6 beea1fa0 beea1fc2  
01-01 04:50:03.125 I/DEBUG   ( 1280):     beea1bdc 00000000 00000010 0000b8d7 00000006  
01-01 04:50:03.125 I/DEBUG   ( 1280):     beea1bec 00001000 00000011 00000064 00000003  
01-01 04:50:03.125 I/DEBUG   ( 1280):     beea1bfc 40015034 00000004 00000020 00000005  
01-01 04:50:03.125 I/DEBUG   ( 1280):     beea1c0c 00000008 00000007 400a3000 00000008  
01-01 04:50:03.125 I/DEBUG   ( 1280):     beea1c1c 00000000 00000009 40015880 0000000b  
01-01 04:50:03.125 I/DEBUG   ( 1280):     beea1c2c 000003e8 0000000c 000003e8 0000000d  
01-01 04:50:03.125 I/DEBUG   ( 1280):     beea1c3c 000003eb 0000000e 000003eb 00000017  
01-01 04:50:03.125 I/DEBUG   ( 1280):     beea1c4c 00000000 00000019 beea1c70 0000001f  
01-01 04:50:03.125 I/DEBUG   ( 1280):     beea1c5c beea1fe1 0000000f beea1c80 00000000  
01-01 04:50:03.125 I/DEBUG   ( 1280):     beea1c6c 00000000 c9f5daa0 deb6937e c76ebda4  
01-01 04:50:03.125 I/DEBUG   ( 1280): 
01-01 04:50:03.125 I/DEBUG   ( 1280): memory near ip:
01-01 04:50:03.125 I/DEBUG   ( 1280):     411efbf0 411efbf8 0000001b 00000001 00000001  
01-01 04:50:03.125 I/DEBUG   ( 1280):     411efc00 411efbec 00000000 00000000 00000013  
01-01 04:50:03.125 I/DEBUG   ( 1280):     411efc10 00000000 00000000 00000000 000000ab  
01-01 04:50:03.125 I/DEBUG   ( 1280):     411efc20 411ee0f8 000006cb 403a76a8 00000000  
01-01 04:50:03.125 I/DEBUG   ( 1280):     411efc30 00000000 00000007 00000004 403a76d0  
01-01 04:50:03.125 I/DEBUG   ( 1280):     411efc40 00000000 00000000 00000007 00000004  
01-01 04:50:03.125 I/DEBUG   ( 1280):     411efc50 00000000 411efcc8 00000004 00000100  
01-01 04:50:03.125 I/DEBUG   ( 1280):     411efc60 00000004 00000000 00000000 00000000  
01-01 04:50:03.125 I/DEBUG   ( 1280):     411efc70 00000000 00010001 00000000 0000002e  
01-01 04:50:03.125 I/DEBUG   ( 1280):     411efc80 00000000 411efdd0 00000000 00000100  
01-01 04:50:03.125 I/DEBUG   ( 1280):     411efc90 00000000 00000000 00000000 00000000  
01-01 04:50:03.125 I/DEBUG   ( 1280):     411efca0 00000000 00010001 00000000 00000000  
01-01 04:50:03.125 I/DEBUG   ( 1280):     411efcb0 6c080028 000006c2 000003e8 00000000  
01-01 04:50:03.125 I/DEBUG   ( 1280):     411efcc0 00000000 0000010b 0000720c 00000000  
01-01 04:50:03.125 I/DEBUG   ( 1280):     411efcd0 00000000 00000000 00000000 00000000  
01-01 04:50:03.125 I/DEBUG   ( 1280):     411efce0 00000000 00000000 00000000 00000000  
01-01 04:50:03.125 I/DEBUG   ( 1280): 
01-01 04:50:03.125 I/DEBUG   ( 1280): memory near sp:
01-01 04:50:03.125 I/DEBUG   ( 1280):     beea15b8 00000000 00000000 401f006e 402c283c  
01-01 04:50:03.125 I/DEBUG   ( 1280):     beea15c8 401a839c 401fb155 00000000 401fb375  
01-01 04:50:03.125 I/DEBUG   ( 1280):     beea15d8 000006c2 00000002 00000006 411efc10  
01-01 04:50:03.125 I/DEBUG   ( 1280):     beea15e8 411efc10 4015600b 00000006 00000000  
01-01 04:50:03.125 I/DEBUG   ( 1280):     beea15f8 402c283c 4015621b beea1608 401549bf  
01-01 04:50:03.125 I/DEBUG   ( 1280):     beea1608 ffffffdf 00000004 beea160c 00000001  
01-01 04:50:03.125 I/DEBUG   ( 1280):     beea1618 40262384 c9f5daa0 beea166c beea163c  
01-01 04:50:03.125 I/DEBUG   ( 1280):     beea1628 beea1a5c 4016b8e4 401f006e 401fb8e5  
01-01 04:50:03.125 I/DEBUG   ( 1280):     beea1638 beea1a5c 6c756f63 74276e64 6e696620  
01-01 04:50:03.125 I/DEBUG   ( 1280):     beea1648 6e612064 65704f20 204c476e 69205345  
01-01 04:50:03.125 I/DEBUG   ( 1280):     beea1658 656c706d 746e656d 6f697461 401f006e  
01-01 04:50:03.125 I/DEBUG   ( 1280):     beea1668 beea1a94 66727553 46656361 676e696c  
01-01 04:50:03.125 I/DEBUG   ( 1280):     beea1678 73277265 69616d20 6874206e 64616572  
01-01 04:50:03.125 I/DEBUG   ( 1280):     beea1688 61657220 74207964 7572206f 49202e6e  
01-01 04:50:03.125 I/DEBUG   ( 1280):     beea1698 6974696e 7a696c61 20676e69 70617267  
01-01 04:50:03.125 I/DEBUG   ( 1280):     beea16a8 73636968 572f4820 002e2e2e 4009f22c  
01-01 04:50:03.125 I/DEBUG   ( 1280): 
01-01 04:50:03.125 I/DEBUG   ( 1280): code around pc:
01-01 04:50:03.125 I/DEBUG   ( 1280):     4016c00c e8bd00f0 e3700a01 912fff1e e2600000  
01-01 04:50:03.125 I/DEBUG   ( 1280):     4016c01c ea00ab81 e92d50f0 e3a07f43 ef000000  
01-01 04:50:03.125 I/DEBUG   ( 1280):     4016c02c e8bd50f0 e3700a01 912fff1e e2600000  
01-01 04:50:03.125 I/DEBUG   ( 1280):     4016c03c ea00ab79 e92d50f0 e3a070ee ef000000  
01-01 04:50:03.125 I/DEBUG   ( 1280):     4016c04c e8bd50f0 e3700a01 912fff1e e2600000  
01-01 04:50:03.125 I/DEBUG   ( 1280):     4016c05c ea00ab71 f200429a bf0080cf f000f891  
01-01 04:50:03.125 I/DEBUG   ( 1280):     4016c06c 4001e92d f040f891 d3532a10 0301ea80  
01-01 04:50:03.125 I/DEBUG   ( 1280):     4016c07c 0303f013 806ef000 d3262ae0 0300f1c0  
01-01 04:50:03.125 I/DEBUG   ( 1280):     4016c08c 030ff013 eba2d021 ea5f0203 bf447cc3  
01-01 04:50:03.125 I/DEBUG   ( 1280):     4016c09c eb01f811 eb01f800 f811bf21 f811cb01  
01-01 04:50:03.125 I/DEBUG   ( 1280):     4016c0ac f800eb01 f800cb01 ea5feb01 da037c43  
01-01 04:50:03.125 I/DEBUG   ( 1280):     4016c0bc 080df9a1 083df980 f921d303 f900070d  
01-01 04:50:03.125 I/DEBUG   ( 1280):     4016c0cc f891071d f891f000 3a40f040 f891d30f  
01-01 04:50:03.125 I/DEBUG   ( 1280):     4016c0dc f891f080 f921f0c0 f921020d f891420d  
01-01 04:50:03.125 I/DEBUG   ( 1280):     4016c0ec 3a40f0c0 020df900 420df900 f102d2f3  
01-01 04:50:03.125 I/DEBUG   ( 1280):     4016c0fc 3a200240 f921d305 3a20020d 020df900  
01-01 04:50:03.125 I/DEBUG   ( 1280): 
01-01 04:50:03.125 I/DEBUG   ( 1280): code around lr:
01-01 04:50:03.125 I/DEBUG   ( 1280):     40155fe8 f852f002 46206005 460cbd70 6a24480e  
01-01 04:50:03.125 I/DEBUG   ( 1280):     40155ff8 f7f84478 f014eb6c 4621ea4a f0164632  
01-01 04:50:03.125 I/DEBUG   ( 1280):     40156008 3001e80c 2400bf18 f002d1ea 6804f83d  
01-01 04:50:03.125 I/DEBUG   ( 1280):     40156018 f83af002 46206005 bf00bd70 000523f4  
01-01 04:50:03.125 I/DEBUG   ( 1280):     40156028 000523e8 000523d2 000523bc bf74f7ff  
01-01 04:50:03.125 I/DEBUG   ( 1280):     40156038 4a3d4b3c 43f0e92d 447b460c 4607b08b  
01-01 04:50:03.125 I/DEBUG   ( 1280):     40156048 589d2616 9309682b f81ef002 8000f8d0  
01-01 04:50:03.125 I/DEBUG   ( 1280):     40156058 4620b13c fed6f016 4606280f 2622bf88  
01-01 04:50:03.125 I/DEBUG   ( 1280):     40156068 f002d90c 4684f811 f8cc4630 9a098000  
01-01 04:50:03.125 I/DEBUG   ( 1280):     40156078 42a2682c b00bd154 83f0e8bd ffd6f7ff  
01-01 04:50:03.125 I/DEBUG   ( 1280):     40156088 d04542b8 44784829 eb1ef7f8 44784828  
01-01 04:50:03.125 I/DEBUG   ( 1280):     40156098 4287e001 6800d008 d1fa2800 26034825  
01-01 04:50:03.125 I/DEBUG   ( 1280):     401560a8 f7f84478 e7dceb14 f10d4823 6a3f0904  
01-01 04:50:03.125 I/DEBUG   ( 1280):     401560b8 f7f84478 4a21eb0c 4648463b 447a2120  
01-01 04:50:03.125 I/DEBUG   ( 1280):     401560c8 fa12f01b 21014648 fb76f027 3ffff1b0  
01-01 04:50:03.125 I/DEBUG   ( 1280):     401560d8 d0104681 46214648 f0144632 1c43e94a  
01-01 04:50:03.140 I/ip6tables( 1729): ip6tables terminated by exit(3)
01-01 04:50:03.140 E/Netd    ( 1729): exec() res=0, status=768 for /system/bin/ip6tables -t filter -N bw_INPUT 
01-01 04:50:03.156 I/ip6tables( 1729): ip6tables terminated by exit(3)
01-01 04:50:03.156 E/Netd    ( 1729): exec() res=0, status=768 for /system/bin/ip6tables -t filter -A INPUT -j bw_INPUT 
01-01 04:50:07.265 I/Netd    ( 1760): Netd 1.0 starting
01-01 04:50:07.265 W/InterfaceController( 1760): Warning (dlopen failed: library "/system/lib/libnetcmdiface.so" not found) while opening the net interface command library
01-01 04:50:07.445 I/SurfaceFlinger( 1761): SurfaceFlinger is starting
01-01 04:50:07.445 I/SurfaceFlinger( 1761): SurfaceFlinger's main thread ready to run. Initializing graphics H/W...
01-01 04:50:07.445 F/libEGL  ( 1761): couldn't find an OpenGL ES implementation
01-01 04:50:07.445 F/libc    ( 1761): Fatal signal 6 (SIGABRT) at 0x000006e1 (code=-6), thread 1761 (surfaceflinger)
01-01 04:50:07.546 I/DEBUG   ( 1280): *** *** *** *** *** *** *** *** *** *** *** *** *** *** *** ***
01-01 04:50:07.546 I/DEBUG   ( 1280): Build fingerprint: 'pandaboard/pandaboard/pandaboard:4.4.2/KVT49L/130:eng/test-keys'
01-01 04:50:07.546 I/DEBUG   ( 1280): Revision: '0'
01-01 04:50:07.546 I/DEBUG   ( 1280): pid: 1761, tid: 1761, name: surfaceflinger  >>> /system/bin/surfaceflinger <<<
01-01 04:50:07.546 I/DEBUG   ( 1280): signal 6 (SIGABRT), code -6 (SI_TKILL), fault addr --------
01-01 04:50:07.609 I/DEBUG   ( 1280):     r0 00000000  r1 000006e1  r2 00000006  r3 00000000
01-01 04:50:07.609 I/DEBUG   ( 1280):     r4 000006e1  r5 00000002  r6 00000006  r7 0000010c
01-01 04:50:07.609 I/DEBUG   ( 1280):     r8 00000000  r9 4007e77d  sl 00000000  fp befb5b9c
01-01 04:50:07.632 I/DEBUG   ( 1280):     ip 41a8a900  sp befb55d8  lr 401ef00b  pc 4020502c  cpsr 000f0010
01-01 04:50:07.632 I/DEBUG   ( 1280):     d0  2f6d6574736c6166  d1  4242424242424242
01-01 04:50:07.632 I/DEBUG   ( 1280):     d2  0000000a0000000a  d3  000000000000000a
01-01 04:50:07.632 I/DEBUG   ( 1280):     d4  0000000000000000  d5  0000000000000000
01-01 04:50:07.632 I/DEBUG   ( 1280):     d6  0000000000000000  d7  16dc6e5d00000000
01-01 04:50:07.632 I/DEBUG   ( 1280):     d8  0000000000000000  d9  0000000000000000
01-01 04:50:07.632 I/DEBUG   ( 1280):     d10 0000000000000000  d11 0000000000000000
01-01 04:50:07.632 I/DEBUG   ( 1280):     d12 0000000000000000  d13 0000000000000000
01-01 04:50:07.632 I/DEBUG   ( 1280):     d14 0000000000000000  d15 0000000000000000
01-01 04:50:07.632 I/DEBUG   ( 1280):     d16 0000000a00000009  d17 fffff000fffff000
01-01 04:50:07.632 I/DEBUG   ( 1280):     d18 00000fff00000fff  d19 0000000000000000
01-01 04:50:07.632 I/DEBUG   ( 1280):     d20 0000000000000000  d21 0000000000000000
01-01 04:50:07.632 I/DEBUG   ( 1280):     d22 0000000000000000  d23 0000000000000000
01-01 04:50:07.632 I/DEBUG   ( 1280):     d24 0000000000000000  d25 0000000000000000
01-01 04:50:07.632 I/DEBUG   ( 1280):     d26 0000000000000000  d27 0000000000000000
01-01 04:50:07.632 I/DEBUG   ( 1280):     d28 0000000000000000  d29 0000000000000000
01-01 04:50:07.632 I/DEBUG   ( 1280):     d30 0000000000000000  d31 0000000000000000
01-01 04:50:07.632 I/DEBUG   ( 1280):     scr 00000010
01-01 04:50:07.640 I/DEBUG   ( 1280): 
01-01 04:50:07.640 I/DEBUG   ( 1280): backtrace:
01-01 04:50:07.640 I/DEBUG   ( 1280):     #00  pc 0002c02c  /system/lib/libc.so (tgkill+12)
01-01 04:50:07.640 I/DEBUG   ( 1280):     #01  pc 00016007  /system/lib/libc.so (pthread_kill+86)
01-01 04:50:07.640 I/DEBUG   ( 1280):     #02  pc 00016217  /system/lib/libc.so (raise+10)
01-01 04:50:07.640 I/ip6tables( 1760): ip6tables terminated by exit(3)
01-01 04:50:07.640 I/DEBUG   ( 1280):     #03  pc 000149bb  /system/lib/libc.so
01-01 04:50:07.640 I/DEBUG   ( 1280):     #04  pc 0002b8e0  /system/lib/libc.so (abort+4)
01-01 04:50:07.640 I/DEBUG   ( 1280):     #05  pc 000078e1  /system/lib/libcutils.so (__android_log_assert+60)
01-01 04:50:07.640 I/DEBUG   ( 1280):     #06  pc 0003fec3  /system/lib/libEGL.so
01-01 04:50:07.640 I/DEBUG   ( 1280):     #07  pc 0000e859  /system/lib/libEGL.so
01-01 04:50:07.640 E/Netd    ( 1760): exec() res=0, status=768 for /system/bin/ip6tables -t filter -N bw_INPUT 
01-01 04:50:07.640 I/DEBUG   ( 1280):     #08  pc 0000f3d3  /system/lib/libEGL.so (eglGetDisplay+10)
01-01 04:50:07.640 I/DEBUG   ( 1280):     #09  pc 0001ec81  /system/lib/libsurfaceflinger.so (android::SurfaceFlinger::init()+48)
01-01 04:50:07.640 I/DEBUG   ( 1280):     #10  pc 000007e1  /system/bin/surfaceflinger
01-01 04:50:07.640 I/DEBUG   ( 1280):     #11  pc 0000e28f  /system/lib/libc.so (__libc_init+58)
01-01 04:50:07.640 I/DEBUG   ( 1280):     #12  pc 000008e0  /system/bin/surfaceflinger
01-01 04:50:07.640 I/DEBUG   ( 1280): 
01-01 04:50:07.640 I/DEBUG   ( 1280): stack:
01-01 04:50:07.640 I/DEBUG   ( 1280):          befb5598  000003ff  
01-01 04:50:07.640 I/DEBUG   ( 1280):          befb559c  00004000  
01-01 04:50:07.640 I/DEBUG   ( 1280):          befb55a0  41a8a900  [heap]
01-01 04:50:07.640 I/DEBUG   ( 1280):          befb55a4  00000000  
01-01 04:50:07.640 I/DEBUG   ( 1280):          befb55a8  4007e77d  /system/bin/surfaceflinger
01-01 04:50:07.640 I/DEBUG   ( 1280):          befb55ac  00000000  
01-01 04:50:07.640 I/DEBUG   ( 1280):          befb55b0  befb5b9c  [stack]
01-01 04:50:07.640 I/DEBUG   ( 1280):          befb55b4  4020da61  /system/lib/libc.so (vsnprintf+76)
01-01 04:50:07.640 I/DEBUG   ( 1280):          befb55b8  00000000  
01-01 04:50:07.640 I/DEBUG   ( 1280):          befb55bc  00000000  
01-01 04:50:07.640 I/DEBUG   ( 1280):          befb55c0  4011006e  /system/lib/libcutils.so
01-01 04:50:07.640 I/DEBUG   ( 1280):          befb55c4  402a483c  /system/lib/libEGL.so
01-01 04:50:07.640 I/DEBUG   ( 1280):          befb55c8  4024139c  
01-01 04:50:07.640 I/DEBUG   ( 1280):          befb55cc  40115155  /system/lib/libcutils.so
01-01 04:50:07.640 I/DEBUG   ( 1280):          befb55d0  00000000  
01-01 04:50:07.640 I/DEBUG   ( 1280):          befb55d4  40115375  /system/lib/libcutils.so (__android_log_write+120)
01-01 04:50:07.640 I/DEBUG   ( 1280):     #00  befb55d8  000006e1  
01-01 04:50:07.640 I/DEBUG   ( 1280):          befb55dc  00000002  
01-01 04:50:07.640 I/DEBUG   ( 1280):          befb55e0  00000006  
01-01 04:50:07.656 I/DEBUG   ( 1280):          befb55e4  41a8a900  [heap]
01-01 04:50:07.656 I/DEBUG   ( 1280):          befb55e8  41a8a900  [heap]
01-01 04:50:07.656 I/DEBUG   ( 1280):          befb55ec  401ef00b  /system/lib/libc.so (pthread_kill+90)
01-01 04:50:07.656 I/DEBUG   ( 1280):     #01  befb55f0  00000006  
01-01 04:50:07.656 I/DEBUG   ( 1280):          befb55f4  00000000  
01-01 04:50:07.656 I/DEBUG   ( 1280):          befb55f8  402a483c  /system/lib/libEGL.so
01-01 04:50:07.656 I/DEBUG   ( 1280):          befb55fc  401ef21b  /system/lib/libc.so (raise+14)
01-01 04:50:07.656 I/DEBUG   ( 1280):     #02  befb5600  befb5608  [stack]
01-01 04:50:07.656 I/DEBUG   ( 1280):          befb5604  401ed9bf  /system/lib/libc.so
01-01 04:50:07.656 I/DEBUG   ( 1280): 
01-01 04:50:07.656 I/DEBUG   ( 1280): memory near r9:
01-01 04:50:07.656 I/DEBUG   ( 1280):     4007e75c e28cca01 e5bcf894 e28fc600 e28cca01  
01-01 04:50:07.656 I/DEBUG   ( 1280):     4007e76c e5bcf88c e28fc600 e28cca01 e5bcf884  
01-01 04:50:07.656 I/DEBUG   ( 1280):     4007e77c 43f0e92d ac05b087 4620ae03 efaaf7ff  
01-01 04:50:07.656 I/DEBUG   ( 1280):     4007e78c 98052104 efacf7ff f0004620 4630f8cd  
01-01 04:50:07.656 I/DEBUG   ( 1280):     4007e79c efa0f7ff f7ff9803 f241efaa f7ff4008  
01-01 04:50:07.656 I/DEBUG   ( 1280):     4007e7ac 4605efac efaef7ff b1359500 4669682b  
01-01 04:50:07.656 I/DEBUG   ( 1280):     4007e7bc 0c0cf853 f7ff4428 2000efac 0207f06f  
01-01 04:50:07.656 I/DEBUG   ( 1280):     4007e7cc f10d4601 f7ff0810 2101efaa f7ff2000  
01-01 04:50:07.656 I/DEBUG   ( 1280):     4007e7dc 9800efac efaef7ff f7ff4640 9f04efb2  
01-01 04:50:07.656 I/DEBUG   ( 1280):     4007e7ec 49234620 4479683a 9018f8d2 efaef7ff  
01-01 04:50:07.656 I/DEBUG   ( 1280):     4007e7fc 2b009b00 6858d037 3304ad06 3d10f845  
01-01 04:50:07.656 I/DEBUG   ( 1280):     4007e80c f8504629 44180c0c ef82f7ff 46214638  
01-01 04:50:07.656 I/DEBUG   ( 1280):     4007e81c 2300462a 9f0247c8 683ab137 f8524629  
01-01 04:50:07.656 I/DEBUG   ( 1280):     4007e82c 44380c0c ef50f7ff f7ff4620 9800ef96  
01-01 04:50:07.656 I/DEBUG   ( 1280):     4007e83c ef98f7ff b1349c04 46416823 0c0cf853  
01-01 04:50:07.656 I/DEBUG   ( 1280):     4007e84c f7ff4420 9d00ef42 6828b135 f8504669  
01-01 04:50:07.656 I/DEBUG   ( 1280): 
01-01 04:50:07.656 I/DEBUG   ( 1280): memory near fp:
01-01 04:50:07.656 I/DEBUG   ( 1280):     befb5b7c 00000000 00000000 4007e8e4 4007fe6c  
01-01 04:50:07.656 I/DEBUG   ( 1280):     befb5b8c 4007fe74 4007fe7c befb5ba0 00000000  
01-01 04:50:07.656 I/DEBUG   ( 1280):     befb5b9c 400e2a37 00000001 befb5c84 00000000  
01-01 04:50:07.656 I/DEBUG   ( 1280):     befb5bac befb5c9f befb5cdc befb5d04 befb5d17  
01-01 04:50:07.656 I/DEBUG   ( 1280):     befb5bbc befb5d2c befb5d47 befb5d5a befb5d73  
01-01 04:50:07.656 I/DEBUG   ( 1280):     befb5bcc befb5d8d befb5da6 befb5fa0 befb5fc2  
01-01 04:50:07.656 I/DEBUG   ( 1280):     befb5bdc 00000000 00000010 0000b8d7 00000006  
01-01 04:50:07.656 I/DEBUG   ( 1280):     befb5bec 00001000 00000011 00000064 00000003  
01-01 04:50:07.656 I/DEBUG   ( 1280):     befb5bfc 4007e034 00000004 00000020 00000005  
01-01 04:50:07.656 I/DEBUG   ( 1280):     befb5c0c 00000008 00000007 400df000 00000008  
01-01 04:50:07.656 I/DEBUG   ( 1280):     befb5c1c 00000000 00000009 4007e880 0000000b  
01-01 04:50:07.656 I/DEBUG   ( 1280):     befb5c2c 000003e8 0000000c 000003e8 0000000d  
01-01 04:50:07.656 I/DEBUG   ( 1280):     befb5c3c 000003eb 0000000e 000003eb 00000017  
01-01 04:50:07.656 I/DEBUG   ( 1280):     befb5c4c 00000000 00000019 befb5c70 0000001f  
01-01 04:50:07.656 I/DEBUG   ( 1280):     befb5c5c befb5fe1 0000000f befb5c80 00000000  
01-01 04:50:07.656 I/DEBUG   ( 1280):     befb5c6c 00000000 2165eb97 5535ad6a 586d567b  
01-01 04:50:07.656 I/DEBUG   ( 1280): 
01-01 04:50:07.656 I/DEBUG   ( 1280): memory near ip:
01-01 04:50:07.656 I/DEBUG   ( 1280):     41a8a8e0 00000000 0000001b 00000001 00000001  
01-01 04:50:07.656 I/DEBUG   ( 1280):     41a8a8f0 41a8ab58 00000000 00000018 00000013  
01-01 04:50:07.656 I/DEBUG   ( 1280):     41a8a900 00000000 636e7953 00000010 0000024b  
01-01 04:50:07.656 I/DEBUG   ( 1280):     41a8a910 41a89208 41a8af28 00000001 406cb000  
01-01 04:50:07.656 I/DEBUG   ( 1280):     41a8a920 000fe000 00001000 00000000 00000000  
01-01 04:50:07.656 I/DEBUG   ( 1280):     41a8a930 000006e9 00000001 00000000 00000000  
01-01 04:50:07.656 I/DEBUG   ( 1280):     41a8a940 00000000 00000000 407c8dd0 400f6000  
01-01 04:50:07.656 I/DEBUG   ( 1280):     41a8a950 00000000 00000000 00000000 00000000  
01-01 04:50:07.656 I/DEBUG   ( 1280):     41a8a960 00000000 00000000 00000000 00000000  
01-01 04:50:07.656 I/DEBUG   ( 1280):     41a8a970 00000000 00000000 00000000 00000000  
01-01 04:50:07.656 I/DEBUG   ( 1280):     41a8a980 00000000 00000000 00000000 00000000  
01-01 04:50:07.656 I/DEBUG   ( 1280):     41a8a990 00000000 00000000 00000000 00000000  
01-01 04:50:07.656 I/DEBUG   ( 1280):     41a8a9a0 00000000 00000000 00000000 00000000  
01-01 04:50:07.656 I/DEBUG   ( 1280):     41a8a9b0 00000000 00000000 00000000 00000000  
01-01 04:50:07.656 I/DEBUG   ( 1280):     41a8a9c0 00000000 00000000 00000000 00000000  
01-01 04:50:07.656 I/DEBUG   ( 1280):     41a8a9d0 00000000 00000000 00000000 00000000  
01-01 04:50:07.656 I/DEBUG   ( 1280): 
01-01 04:50:07.656 I/DEBUG   ( 1280): memory near sp:
01-01 04:50:07.656 I/DEBUG   ( 1280):     befb55b8 00000000 00000000 4011006e 402a483c  
01-01 04:50:07.656 I/DEBUG   ( 1280):     befb55c8 4024139c 40115155 00000000 40115375  
01-01 04:50:07.656 I/DEBUG   ( 1280):     befb55d8 000006e1 00000002 00000006 41a8a900  
01-01 04:50:07.656 I/DEBUG   ( 1280):     befb55e8 41a8a900 401ef00b 00000006 00000000  
01-01 04:50:07.656 I/DEBUG   ( 1280):     befb55f8 402a483c 401ef21b befb5608 401ed9bf  
01-01 04:50:07.656 I/DEBUG   ( 1280):     befb5608 ffffffdf 00000004 befb560c 00000001  
01-01 04:50:07.656 I/DEBUG   ( 1280):     befb5618 40313384 2165eb97 befb566c befb563c  
01-01 04:50:07.664 I/DEBUG   ( 1280):     befb5628 befb5a5c 402048e4 4011006e 401158e5  
01-01 04:50:07.664 I/DEBUG   ( 1280):     befb5638 befb5a5c 6c756f63 74276e64 6e696620  
01-01 04:50:07.664 I/DEBUG   ( 1280):     befb5648 6e612064 65704f20 204c476e 69205345  
01-01 04:50:07.664 I/DEBUG   ( 1280):     befb5658 656c706d 746e656d 6f697461 4011006e  
01-01 04:50:07.664 I/DEBUG   ( 1280):     befb5668 befb5a94 66727553 46656361 676e696c  
01-01 04:50:07.664 I/DEBUG   ( 1280):     befb5678 73277265 69616d20 6874206e 64616572  
01-01 04:50:07.664 I/DEBUG   ( 1280):     befb5688 61657220 74207964 7572206f 49202e6e  
01-01 04:50:07.664 I/DEBUG   ( 1280):     befb5698 6974696e 7a696c61 20676e69 70617267  
01-01 04:50:07.664 I/DEBUG   ( 1280):     befb56a8 73636968 572f4820 002e2e2e 4010c22c  
01-01 04:50:07.664 I/DEBUG   ( 1280): 
01-01 04:50:07.664 I/DEBUG   ( 1280): code around pc:
01-01 04:50:07.664 I/DEBUG   ( 1280):     4020500c e8bd00f0 e3700a01 912fff1e e2600000  
01-01 04:50:07.664 I/DEBUG   ( 1280):     4020501c ea00ab81 e92d50f0 e3a07f43 ef000000  
01-01 04:50:07.664 I/DEBUG   ( 1280):     4020502c e8bd50f0 e3700a01 912fff1e e2600000  
01-01 04:50:07.664 I/DEBUG   ( 1280):     4020503c ea00ab79 e92d50f0 e3a070ee ef000000  
01-01 04:50:07.664 I/DEBUG   ( 1280):     4020504c e8bd50f0 e3700a01 912fff1e e2600000  
01-01 04:50:07.664 I/DEBUG   ( 1280):     4020505c ea00ab71 f200429a bf0080cf f000f891  
01-01 04:50:07.664 I/DEBUG   ( 1280):     4020506c 4001e92d f040f891 d3532a10 0301ea80  
01-01 04:50:07.664 I/DEBUG   ( 1280):     4020507c 0303f013 806ef000 d3262ae0 0300f1c0  
01-01 04:50:07.664 I/DEBUG   ( 1280):     4020508c 030ff013 eba2d021 ea5f0203 bf447cc3  
01-01 04:50:07.664 I/DEBUG   ( 1280):     4020509c eb01f811 eb01f800 f811bf21 f811cb01  
01-01 04:50:07.664 I/DEBUG   ( 1280):     402050ac f800eb01 f800cb01 ea5feb01 da037c43  
01-01 04:50:07.664 I/DEBUG   ( 1280):     402050bc 080df9a1 083df980 f921d303 f900070d  
01-01 04:50:07.664 I/DEBUG   ( 1280):     402050cc f891071d f891f000 3a40f040 f891d30f  
01-01 04:50:07.664 I/DEBUG   ( 1280):     402050dc f891f080 f921f0c0 f921020d f891420d  
01-01 04:50:07.664 I/DEBUG   ( 1280):     402050ec 3a40f0c0 020df900 420df900 f102d2f3  
01-01 04:50:07.664 I/DEBUG   ( 1280):     402050fc 3a200240 f921d305 3a20020d 020df900  
01-01 04:50:07.664 I/DEBUG   ( 1280): 
01-01 04:50:07.664 I/DEBUG   ( 1280): code around lr:
01-01 04:50:07.664 I/DEBUG   ( 1280):     401eefe8 f852f002 46206005 460cbd70 6a24480e  
01-01 04:50:07.664 I/DEBUG   ( 1280):     401eeff8 f7f84478 f014eb6c 4621ea4a f0164632  
01-01 04:50:07.664 I/DEBUG   ( 1280):     401ef008 3001e80c 2400bf18 f002d1ea 6804f83d  
01-01 04:50:07.664 I/DEBUG   ( 1280):     401ef018 f83af002 46206005 bf00bd70 000523f4  
01-01 04:50:07.664 I/DEBUG   ( 1280):     401ef028 000523e8 000523d2 000523bc bf74f7ff  
01-01 04:50:07.664 I/DEBUG   ( 1280):     401ef038 4a3d4b3c 43f0e92d 447b460c 4607b08b  
01-01 04:50:07.664 I/DEBUG   ( 1280):     401ef048 589d2616 9309682b f81ef002 8000f8d0  
01-01 04:50:07.664 I/DEBUG   ( 1280):     401ef058 4620b13c fed6f016 4606280f 2622bf88  
01-01 04:50:07.664 I/DEBUG   ( 1280):     401ef068 f002d90c 4684f811 f8cc4630 9a098000  
01-01 04:50:07.664 I/DEBUG   ( 1280):     401ef078 42a2682c b00bd154 83f0e8bd ffd6f7ff  
01-01 04:50:07.664 I/DEBUG   ( 1280):     401ef088 d04542b8 44784829 eb1ef7f8 44784828  
01-01 04:50:07.664 I/DEBUG   ( 1280):     401ef098 4287e001 6800d008 d1fa2800 26034825  
01-01 04:50:07.664 I/DEBUG   ( 1280):     401ef0a8 f7f84478 e7dceb14 f10d4823 6a3f0904  
01-01 04:50:07.664 I/DEBUG   ( 1280):     401ef0b8 f7f84478 4a21eb0c 4648463b 447a2120  
01-01 04:50:07.664 I/DEBUG   ( 1280):     401ef0c8 fa12f01b 21014648 fb76f027 3ffff1b0  
01-01 04:50:07.664 I/DEBUG   ( 1280):     401ef0d8 d0104681 46214648 f0144632 1c43e94a  
01-01 04:50:07.695 I/ip6tables( 1760): ip6tables terminated by exit(3)
01-01 04:50:07.695 E/Netd    ( 1760): exec() res=0, status=768 for /system/bin/ip6tables -t filter -A INPUT -j bw_INPUT 
01-01 04:50:12.781 I/Netd    ( 1788): Netd 1.0 starting
01-01 04:50:12.820 W/InterfaceController( 1788): Warning (dlopen failed: library "/system/lib/libnetcmdiface.so" not found) while opening the net interface command library
01-01 04:50:12.968 I/SurfaceFlinger( 1789): SurfaceFlinger is starting
01-01 04:50:12.992 I/SurfaceFlinger( 1789): SurfaceFlinger's main thread ready to run. Initializing graphics H/W...
01-01 04:50:12.992 F/libEGL  ( 1789): couldn't find an OpenGL ES implementation
01-01 04:50:12.992 F/libc    ( 1789): Fatal signal 6 (SIGABRT) at 0x000006fd (code=-6), thread 1789 (surfaceflinger)
01-01 04:50:13.093 I/DEBUG   ( 1280): *** *** *** *** *** *** *** *** *** *** *** *** *** *** *** ***
01-01 04:50:13.093 I/DEBUG   ( 1280): Build fingerprint: 'pandaboard/pandaboard/pandaboard:4.4.2/KVT49L/130:eng/test-keys'
01-01 04:50:13.093 I/DEBUG   ( 1280): Revision: '0'
01-01 04:50:13.093 I/DEBUG   ( 1280): pid: 1789, tid: 1789, name: surfaceflinger  >>> /system/bin/surfaceflinger <<<
01-01 04:50:13.093 I/DEBUG   ( 1280): signal 6 (SIGABRT), code -6 (SI_TKILL), fault addr --------
01-01 04:50:13.117 I/ip6tables( 1788): ip6tables terminated by exit(3)
01-01 04:50:13.117 E/Netd    ( 1788): exec() res=0, status=768 for /system/bin/ip6tables -t filter -N bw_INPUT 
01-01 04:50:13.156 I/DEBUG   ( 1280):     r0 00000000  r1 000006fd  r2 00000006  r3 00000000
01-01 04:50:13.156 I/DEBUG   ( 1280):     r4 000006fd  r5 00000002  r6 00000006  r7 0000010c
01-01 04:50:13.156 I/DEBUG   ( 1280):     r8 00000000  r9 400cb77d  sl 00000000  fp be9a5b9c
01-01 04:50:13.156 I/DEBUG   ( 1280):     ip 40542fd0  sp be9a55d8  lr 401ff00b  pc 4021502c  cpsr 000f0010
01-01 04:50:13.156 I/DEBUG   ( 1280):     d0  2f6d6574736c6166  d1  4242424242424242
01-01 04:50:13.156 I/DEBUG   ( 1280):     d2  0000000a0000000a  d3  000000000000000a
01-01 04:50:13.156 I/DEBUG   ( 1280):     d4  0000000000000000  d5  0000000000000000
01-01 04:50:13.156 I/DEBUG   ( 1280):     d6  0000000000000000  d7  376362e100000000
01-01 04:50:13.156 I/DEBUG   ( 1280):     d8  0000000000000000  d9  0000000000000000
01-01 04:50:13.156 I/DEBUG   ( 1280):     d10 0000000000000000  d11 0000000000000000
01-01 04:50:13.156 I/DEBUG   ( 1280):     d12 0000000000000000  d13 0000000000000000
01-01 04:50:13.156 I/DEBUG   ( 1280):     d14 0000000000000000  d15 0000000000000000
01-01 04:50:13.156 I/DEBUG   ( 1280):     d16 0000000a00000009  d17 fffff000fffff000
01-01 04:50:13.156 I/DEBUG   ( 1280):     d18 00000fff00000fff  d19 0000000000000000
01-01 04:50:13.156 I/DEBUG   ( 1280):     d20 0000000000000000  d21 0000000000000000
01-01 04:50:13.156 I/DEBUG   ( 1280):     d22 0000000000000000  d23 0000000000000000
01-01 04:50:13.156 I/DEBUG   ( 1280):     d24 0000000000000000  d25 0000000000000000
01-01 04:50:13.156 I/DEBUG   ( 1280):     d26 0000000000000000  d27 0000000000000000
01-01 04:50:13.156 I/DEBUG   ( 1280):     d28 0000000000000000  d29 0000000000000000
01-01 04:50:13.156 I/DEBUG   ( 1280):     d30 0000000000000000  d31 0000000000000000
01-01 04:50:13.156 I/DEBUG   ( 1280):     scr 00000010
01-01 04:50:13.156 I/DEBUG   ( 1280): 
01-01 04:50:13.156 I/DEBUG   ( 1280): backtrace:
01-01 04:50:13.156 I/DEBUG   ( 1280):     #00  pc 0002c02c  /system/lib/libc.so (tgkill+12)
01-01 04:50:13.156 I/DEBUG   ( 1280):     #01  pc 00016007  /system/lib/libc.so (pthread_kill+86)
01-01 04:50:13.156 I/DEBUG   ( 1280):     #02  pc 00016217  /system/lib/libc.so (raise+10)
01-01 04:50:13.156 I/DEBUG   ( 1280):     #03  pc 000149bb  /system/lib/libc.so
01-01 04:50:13.156 I/DEBUG   ( 1280):     #04  pc 0002b8e0  /system/lib/libc.so (abort+4)
01-01 04:50:13.156 I/DEBUG   ( 1280):     #05  pc 000078e1  /system/lib/libcutils.so (__android_log_assert+60)
01-01 04:50:13.156 I/DEBUG   ( 1280):     #06  pc 0003fec3  /system/lib/libEGL.so
01-01 04:50:13.164 I/DEBUG   ( 1280):     #07  pc 0000e859  /system/lib/libEGL.so
01-01 04:50:13.164 I/DEBUG   ( 1280):     #08  pc 0000f3d3  /system/lib/libEGL.so (eglGetDisplay+10)
01-01 04:50:13.164 I/DEBUG   ( 1280):     #09  pc 0001ec81  /system/lib/libsurfaceflinger.so (android::SurfaceFlinger::init()+48)
01-01 04:50:13.164 I/DEBUG   ( 1280):     #10  pc 000007e1  /system/bin/surfaceflinger
01-01 04:50:13.164 I/DEBUG   ( 1280):     #11  pc 0000e28f  /system/lib/libc.so (__libc_init+58)
01-01 04:50:13.164 I/DEBUG   ( 1280):     #12  pc 000008e0  /system/bin/surfaceflinger
01-01 04:50:13.164 I/DEBUG   ( 1280): 
01-01 04:50:13.164 I/DEBUG   ( 1280): stack:
01-01 04:50:13.164 I/DEBUG   ( 1280):          be9a5598  000003ff  
01-01 04:50:13.164 I/DEBUG   ( 1280):          be9a559c  00004000  
01-01 04:50:13.164 I/DEBUG   ( 1280):          be9a55a0  40542fd0  
01-01 04:50:13.164 I/DEBUG   ( 1280):          be9a55a4  00000000  
01-01 04:50:13.164 I/DEBUG   ( 1280):          be9a55a8  400cb77d  /system/bin/surfaceflinger
01-01 04:50:13.164 I/DEBUG   ( 1280):          be9a55ac  00000000  
01-01 04:50:13.164 I/DEBUG   ( 1280):          be9a55b0  be9a5b9c  [stack]
01-01 04:50:13.164 I/DEBUG   ( 1280):          be9a55b4  4021da61  /system/lib/libc.so (vsnprintf+76)
01-01 04:50:13.164 I/DEBUG   ( 1280):          be9a55b8  00000000  
01-01 04:50:13.164 I/DEBUG   ( 1280):          be9a55bc  00000000  
01-01 04:50:13.164 I/DEBUG   ( 1280):          be9a55c0  401a006e  
01-01 04:50:13.164 I/DEBUG   ( 1280):          be9a55c4  402cf83c  /system/lib/libEGL.so
01-01 04:50:13.164 I/DEBUG   ( 1280):          be9a55c8  4025139c  
01-01 04:50:13.164 I/DEBUG   ( 1280):          be9a55cc  401ac155  /system/lib/libcutils.so
01-01 04:50:13.164 I/DEBUG   ( 1280):          be9a55d0  00000000  
01-01 04:50:13.164 I/DEBUG   ( 1280):          be9a55d4  401ac375  /system/lib/libcutils.so (__android_log_write+120)
01-01 04:50:13.164 I/DEBUG   ( 1280):     #00  be9a55d8  000006fd  
01-01 04:50:13.164 I/DEBUG   ( 1280):          be9a55dc  00000002  
01-01 04:50:13.164 I/DEBUG   ( 1280):          be9a55e0  00000006  
01-01 04:50:13.164 I/DEBUG   ( 1280):          be9a55e4  40542fd0  
01-01 04:50:13.164 I/DEBUG   ( 1280):          be9a55e8  40542fd0  
01-01 04:50:13.164 I/DEBUG   ( 1280):          be9a55ec  401ff00b  /system/lib/libc.so (pthread_kill+90)
01-01 04:50:13.164 I/DEBUG   ( 1280):     #01  be9a55f0  00000006  
